<html>
<body>
<pre>
<h1>µVision Build Log</h1>
<h2>Tool Versions:</h2>
IDE-Version: ¦ÌVision V5.38.0.0
Copyright (C) 2022 ARM Ltd and ARM Germany GmbH. All rights reserved.
License Information: 1 sy1, 1, LIC=BUURY-IKKR6-NNKAF-6FK4Z-M53I0-NXTN4
 
Tool Versions:
Toolchain:       MDK-ARM Plus  Version: 5.38.0.0
Toolchain Path:  C:\Keil_v5\ARM\ARMCC\Bin
C Compiler:      Armcc.exe V5.06 update 7 (build 960)
Assembler:       Armasm.exe V5.06 update 7 (build 960)
Linker/Locator:  ArmLink.exe V5.06 update 7 (build 960)
Library Manager: ArmAr.exe V5.06 update 7 (build 960)
Hex Converter:   FromElf.exe V5.06 update 7 (build 960)
CPU DLL:         SARMCM3.DLL V5.38.0.0
Dialog DLL:      DARMCM1.DLL V1.19.6.0
Target DLL:      Segger\JL2CM3.dll V2.99.42.0
Dialog DLL:      TARMCM1.DLL V1.14.6.0
 
<h2>Project:</h2>
D:\xiangmu-keil\H002-2\board\evb\rcu\mdk\rcu.uvprojx
Project File Date:  12/06/2024

<h2>Output:</h2>
*** Using Compiler 'V5.06 update 7 (build 960)', folder: 'C:\Keil_v5\ARM\ARMCC\Bin'
Rebuild target 'app'
Before Build - User command #1: ..\..\..\..\tool\before_build_common.bat
Before Build - User command #2: before_build_special.bat
build_before_special bat
assembling startup_rtl876x.s...
compiling rtl876x_pinmux.c...
compiling rtl876x_keyscan.c...
compiling rtl876x_gpio.c...
compiling rtl876x_codec.c...
compiling rtl876x_i2s.c...
compiling rtl876x_ir.c...
compiling rtl876x_nvic.c...
compiling rtl876x_rtc.c...
compiling rtl876x_io_dlps.c...
compiling system_rtl876x.c...
compiling rtl876x_tim.c...
compiling rtl876x_rcc.c...
compiling rtl876x_gdma.c...
compiling rtl876x_uart.c...
compiling rtl876x_adc.c...
compiling rtl876x_lpc.c...
compiling rtl876x_aon_wdg.c...
compiling rtl876x_i2c.c...
compiling bas.c...
compiling dis.c...
compiling hids_rmc.c...
compiling vendor_service.c...
compiling voice_service.c...
compiling atvv_service.c...
compiling ota_service.c...
compiling overlay_mgr.c...
compiling dfu_service.c...
compiling reset_watch_dog_timer.c...
compiling rcu_gap.c...
compiling app_task.c...
compiling swtimer.c...
compiling main.c...
..\..\..\..\src\app\rcu\main.c(455): warning:  #223-D: function "os_mem_peek" declared implicitly
      data_ram_size = os_mem_peek(RAM_TYPE_DATA_ON);//the remainig data ram size
..\..\..\..\src\app\rcu\main.c: 1 warning, 0 errors
compiling privacy_mgnt.c...
compiling loop_queue.c...
compiling app_function.c...
..\..\..\..\src\app\rcu\app_function.c(15): warning:  #188-D: enumerated type mixed with another type
  ENUM_BEAUTY_COMB_MODE_DEF g_now_mode = 0;
..\..\..\..\src\app\rcu\app_function.c(50): warning:  #940-D: missing return statement at end of non-void function "power_on_off_handle" 
  }
..\..\..\..\src\app\rcu\app_function.c(55): warning:  #940-D: missing return statement at end of non-void function "power_on_pair_ble_handle" 
  }
..\..\..\..\src\app\rcu\app_function.c: 3 warnings, 0 errors
compiling rcu_application.c...
compiling dfu_main.c...
compiling dfu_task.c...
compiling dfu_application.c...
compiling dfu_flash.c...
compiling keyscan_driver.c...
compiling keyscan_basic_driver.c...
compiling key_config.c...
..\..\..\..\src\app\rcu\key_module\key_config.c(13): warning:  #144-D: a value of type "_Bool (*)(uint8_t)" cannot be used to initialize an entity of type "u8_One_Key_Func"
      {GEAR_KEY , &beauty_comb_mode_gear_add_sub_handle},
..\..\..\..\src\app\rcu\key_module\key_config.c(14): warning:  #144-D: a value of type "_Bool (*)(uint8_t)" cannot be used to initialize an entity of type "u8_One_Key_Func"
      {POWER_KEY, &beauty_comb_mode_switch_handle}
..\..\..\..\src\app\rcu\key_module\key_config.c(20): warning:  #144-D: a value of type "_Bool (*)(uint8_t)" cannot be used to initialize an entity of type "u8_One_Key_Func"
      {POWER_KEY,&power_on_off_handle}
..\..\..\..\src\app\rcu\key_module\key_config.c(27): warning:  #1-D: last line of file ends without a newline
  };
..\..\..\..\src\app\rcu\key_module\key_config.c(26): warning:  #144-D: a value of type "_Bool (*)(uint8_t)" cannot be used to initialize an entity of type "u8_One_Key_Func"
      {POWER_KEY,&power_on_off_handle}
..\..\..\..\src\app\rcu\key_module\key_config.c: 5 warnings, 0 errors
compiling sw_equalizer.c...
compiling voice_driver.c...
compiling key_handle.c...
..\..\..\..\src\app\rcu\key_module\key_handle.c(642): warning:  #177-D: function "key_handle_detect_combine_keys"  was declared but never referenced
  bool key_handle_detect_combine_keys(T_KEYSCAN_FIFO_DATA *p_keyscan_fifo_data)
..\..\..\..\src\app\rcu\key_module\key_handle.c: 1 warning, 0 errors
compiling voice.c...
compiling ir_send_driver.c...
compiling ir_send_handle.c...
compiling ir_learn_driver.c...
compiling ir_protocol_nec.c...
compiling ir_learn_handle.c...
compiling led_driver.c...
compiling aw21036_driver.c...
..\..\..\..\src\app\rcu\led_module\aw21036_driver.c(59): warning:  #167-D: argument of type "int" is incompatible with parameter of type "I2C_TypeDef *"
  	I2C_DeInit(AW21036_I2Cx);
..\..\..\..\src\app\rcu\led_module\aw21036_driver.c(59): warning:  #152-D: conversion of nonzero integer to pointer
  	I2C_DeInit(AW21036_I2Cx);
..\..\..\..\src\app\rcu\led_module\aw21036_driver.c(66): warning:  #167-D: argument of type "int" is incompatible with parameter of type "I2C_TypeDef *"
  	I2C_Init(AW21036_I2Cx,&I2C_InitStruct);
..\..\..\..\src\app\rcu\led_module\aw21036_driver.c(66): warning:  #152-D: conversion of nonzero integer to pointer
  	I2C_Init(AW21036_I2Cx,&I2C_InitStruct);
..\..\..\..\src\app\rcu\led_module\aw21036_driver.c(80): warning:  #167-D: argument of type "int" is incompatible with parameter of type "I2C_TypeDef *"
  	I2C_MasterWrite(AW21036_I2Cx, &i2c_data, len);
..\..\..\..\src\app\rcu\led_module\aw21036_driver.c(80): warning:  #152-D: conversion of nonzero integer to pointer
  	I2C_MasterWrite(AW21036_I2Cx, &i2c_data, len);
..\..\..\..\src\app\rcu\led_module\aw21036_driver.c: 6 warnings, 0 errors
compiling single_tone.c...
compiling battery_driver.c...
compiling rtc_driver.c...
compiling data_uart_test.c...
compiling uart_transport.c...
compiling mp_test.c...
linking...
Program Size: Code=54188 RO-data=27508 RW-data=592 ZI-data=3508  
FromELF: creating hex file...
After Build - User command #1: ..\..\..\..\tool\after_build_common.bat C:\Keil_v5\ARM\ARMCC\include D:\xiangmu-keil\H002-2\board\evb\rcu\mdk\Objects\app.axf app
go encrypt.
Plain text image.
Generating SHA256...
SHA256 = 0039F26BC61CD7A144614E8A89B2D85074C733E19FA62B46808CC4FDA593E169
MP header appending...
ini file path: ..\mp.ini
No BinDependence
No Comment
No Author
No Date
MP header appending OK!
MD5 v1.0.4
Output Image: bin\app-619013b1a5cb502edcfba6b9c7be86d2.bin
Backup Disasm: bin\app-619013b1a5cb502edcfba6b9c7be86d2.disasm
MD5 v1.0.4
Output Image: bin\app_MP_sdk_1.2.0.0_98122eb9-58b06ea850d70774bc0cbe13a0d837d9.bin
After Build - User command #2: after_build_special.bat
build_before_special bat
".\Objects\app.axf" - 0 Error(s), 16 Warning(s).

<h2>Software Packages used:</h2>

<h2>Collection of Component include folders:</h2>

<h2>Collection of Component Files used:</h2>
Build Time Elapsed:  00:00:18
</pre>
</body>
</html>
