<!doctype html public "-//w3c//dtd html 4.0 transitional//en">
<html><head>
<title>Static Call Graph - [.\Objects\app.axf]</title></head>
<body><HR>
<H1>Static Call Graph for image .\Objects\app.axf</H1><HR>
<BR><P>#&#060CALLGRAPH&#062# ARM Linker, 5060960: Last Updated: Fri Dec 06 15:01:19 2024
<BR><P>
<H3>Maximum Stack Usage =        568 bytes + Unknown(Untraceable Function Pointers)</H3><H3>
Call chain for Maximum Stack Depth:</H3>
dfu_attr_write_cb &rArr; dfu_service_handle_control_point_req &rArr; dfu_buffer_check_process &rArr; dfu_update &rArr; check_dfu_update_image_length &rArr; log_direct_app &rArr; vsnprintf &rArr; _printf_char_common &rArr; __printf
<P>
<H3>
Function Pointers
</H3><UL>
 <LI><a href="#[63]">ADC_Handler</a> from startup_rtl876x.o(.text) referenced from startup_rtl876x.o(VECTOR)
 <LI><a href="#[54]">BTMAC_Handler</a> from startup_rtl876x.o(.text) referenced from startup_rtl876x.o(VECTOR)
 <LI><a href="#[4d]">BusFault_Handler</a> from startup_rtl876x.o(.text) referenced from startup_rtl876x.o(VECTOR)
 <LI><a href="#[78]">CAP_Touch_Handler</a> from startup_rtl876x.o(.text) referenced from startup_rtl876x.o(VECTOR)
 <LI><a href="#[7a]">DLPS_IO_EnterDlpsCb</a> from rtl876x_io_dlps.o(.app.data_ram.text) referenced from rtl876x_io_dlps.o(.text)
 <LI><a href="#[7b]">DLPS_IO_ExitDlpsCb</a> from rtl876x_io_dlps.o(.app.data_ram.text) referenced from rtl876x_io_dlps.o(.text)
 <LI><a href="#[7c]">Default_Handler</a> from startup_rtl876x.o(.text) referenced from system_rtl876x.o(.app.overlay_a)
 <LI><a href="#[69]">Enhanced_Timer0_Handler</a> from startup_rtl876x.o(.text) referenced from startup_rtl876x.o(VECTOR)
 <LI><a href="#[6a]">Enhanced_Timer1_Handler</a> from startup_rtl876x.o(.text) referenced from startup_rtl876x.o(VECTOR)
 <LI><a href="#[65]">GDMA0_Channel0_Handler</a> from startup_rtl876x.o(.text) referenced from startup_rtl876x.o(VECTOR)
 <LI><a href="#[66]">GDMA0_Channel1_Handler</a> from startup_rtl876x.o(.text) referenced from startup_rtl876x.o(VECTOR)
 <LI><a href="#[67]">GDMA0_Channel2_Handler</a> from startup_rtl876x.o(.text) referenced from startup_rtl876x.o(VECTOR)
 <LI><a href="#[68]">GDMA0_Channel3_Handler</a> from startup_rtl876x.o(.text) referenced from startup_rtl876x.o(VECTOR)
 <LI><a href="#[5a]">GPIO4_Handler</a> from startup_rtl876x.o(.text) referenced from startup_rtl876x.o(VECTOR)
 <LI><a href="#[5b]">GPIO5_Handler</a> from startup_rtl876x.o(.text) referenced from startup_rtl876x.o(VECTOR)
 <LI><a href="#[6f]">GPIO_Group0_Handler</a> from system_rtl876x.o(.app.data_ram.text) referenced from startup_rtl876x.o(VECTOR)
 <LI><a href="#[6e]">GPIO_Group1_Handler</a> from system_rtl876x.o(.app.data_ram.text) referenced from startup_rtl876x.o(VECTOR)
 <LI><a href="#[6c]">GPIO_Group2_Handler</a> from system_rtl876x.o(.app.data_ram.text) referenced from startup_rtl876x.o(VECTOR)
 <LI><a href="#[6b]">GPIO_Group3_Handler</a> from system_rtl876x.o(.app.data_ram.text) referenced from startup_rtl876x.o(VECTOR)
 <LI><a href="#[4b]">HardFault_Handler</a> from startup_rtl876x.o(.text) referenced 2 times from startup_rtl876x.o(VECTOR)
 <LI><a href="#[61]">I2C0_Handler</a> from startup_rtl876x.o(.text) referenced from startup_rtl876x.o(VECTOR)
 <LI><a href="#[62]">I2C1_Handler</a> from startup_rtl876x.o(.text) referenced from startup_rtl876x.o(VECTOR)
 <LI><a href="#[57]">I2S0_RX_Handler</a> from startup_rtl876x.o(.text) referenced from startup_rtl876x.o(VECTOR)
 <LI><a href="#[58]">I2S0_TX_Handler</a> from startup_rtl876x.o(.text) referenced from startup_rtl876x.o(VECTOR)
 <LI><a href="#[6d]">IR_Handler</a> from startup_rtl876x.o(.text) referenced from startup_rtl876x.o(VECTOR)
 <LI><a href="#[74]">Keyscan_Handler</a> from keyscan_driver.o(.app.data_ram.text) referenced from startup_rtl876x.o(VECTOR)
 <LI><a href="#[76]">LPCOMP_Handler</a> from startup_rtl876x.o(.text) referenced from startup_rtl876x.o(VECTOR)
 <LI><a href="#[4c]">MemManage_Handler</a> from startup_rtl876x.o(.text) referenced from startup_rtl876x.o(VECTOR)
 <LI><a href="#[4a]">NMI_Handler</a> from startup_rtl876x.o(.text) referenced from startup_rtl876x.o(VECTOR)
 <LI><a href="#[77]">PTA_Mailbox_Handler</a> from startup_rtl876x.o(.text) referenced from startup_rtl876x.o(VECTOR)
 <LI><a href="#[50]">PendSV_Handler</a> from startup_rtl876x.o(.text) referenced from startup_rtl876x.o(VECTOR)
 <LI><a href="#[64]">Peripheral_Handler</a> from startup_rtl876x.o(.text) referenced from startup_rtl876x.o(VECTOR)
 <LI><a href="#[73]">Qdecode_Handler</a> from startup_rtl876x.o(.text) referenced from startup_rtl876x.o(VECTOR)
 <LI><a href="#[7d]">ROM_Default_Handler</a> from ROM.lib(ABSOLUTE) referenced from system_rtl876x.o(.app.overlay_a)
 <LI><a href="#[5e]">RTC_Handler</a> from rtc_driver.o(.app.data_ram.text) referenced from startup_rtl876x.o(VECTOR)
 <LI><a href="#[49]">Reset_Handler</a> from startup_rtl876x.o(RESET) referenced from startup_rtl876x.o(VECTOR)
 <LI><a href="#[5f]">SPI0_Handler</a> from startup_rtl876x.o(.text) referenced from startup_rtl876x.o(VECTOR)
 <LI><a href="#[60]">SPI1_Handler</a> from startup_rtl876x.o(.text) referenced from startup_rtl876x.o(VECTOR)
 <LI><a href="#[75]">SPI2W_Handler</a> from startup_rtl876x.o(.text) referenced from startup_rtl876x.o(VECTOR)
 <LI><a href="#[72]">SPI_Flash_Handler</a> from startup_rtl876x.o(.text) referenced from startup_rtl876x.o(VECTOR)
 <LI><a href="#[4f]">SVC_Handler</a> from startup_rtl876x.o(.text) referenced from startup_rtl876x.o(VECTOR)
 <LI><a href="#[51]">SysTick_Handler</a> from startup_rtl876x.o(.text) referenced from startup_rtl876x.o(VECTOR)
 <LI><a href="#[6]">SystemInit</a> from system_rtl876x.o(.app.flash.text) referenced from startup_rtl876x.o(RESET)
 <LI><a href="#[52]">System_Handler</a> from main.o(.app.data_ram.text) referenced from startup_rtl876x.o(VECTOR)
 <LI><a href="#[79]">TRNG_Handler</a> from startup_rtl876x.o(.text) referenced from startup_rtl876x.o(VECTOR)
 <LI><a href="#[56]">Timer2_Handler</a> from startup_rtl876x.o(.text) referenced from startup_rtl876x.o(VECTOR)
 <LI><a href="#[55]">Timer3_Handler</a> from startup_rtl876x.o(.text) referenced from startup_rtl876x.o(VECTOR)
 <LI><a href="#[59]">Timer4_5_Handler</a> from startup_rtl876x.o(.text) referenced from startup_rtl876x.o(VECTOR)
 <LI><a href="#[70]">Timer4_Handler</a> from startup_rtl876x.o(.text) referenced from startup_rtl876x.o(VECTOR)
 <LI><a href="#[71]">Timer5_Handler</a> from reset_watch_dog_timer.o(.app.data_ram.text) referenced from startup_rtl876x.o(VECTOR)
 <LI><a href="#[5d]">UART0_Handler</a> from startup_rtl876x.o(.text) referenced from startup_rtl876x.o(VECTOR)
 <LI><a href="#[5c]">UART1_Handler</a> from startup_rtl876x.o(.text) referenced from startup_rtl876x.o(VECTOR)
 <LI><a href="#[4e]">UsageFault_Handler</a> from startup_rtl876x.o(.text) referenced from startup_rtl876x.o(VECTOR)
 <LI><a href="#[53]">WDG_Handler</a> from startup_rtl876x.o(.text) referenced from startup_rtl876x.o(VECTOR)
 <LI><a href="#[22]">_get_lc_ctype</a> from lc_ctype_c.o(locale$$code) referenced from rt_ctype_table.o(.text)
 <LI><a href="#[23]">_printf_fp_dec_real</a> from _printf_fp_dec.o(.text) referenced from printf1.o(x$fpl$printf1)
 <LI><a href="#[24]">_printf_fp_hex_real</a> from _printf_fp_hex.o(.text) referenced from printf2.o(x$fpl$printf2)
 <LI><a href="#[21]">_printf_input_char</a> from _printf_char_common.o(.text) referenced from _printf_char_common.o(.text)
 <LI><a href="#[20]">_snputc</a> from _snputc.o(.text) referenced from vsnprintf.o(.text)
 <LI><a href="#[12]">adv_timer_callback</a> from swtimer.o(.app.data_ram.text) referenced from swtimer.o(.text)
 <LI><a href="#[c]">app_dlps_check_cb</a> from main.o(.app.data_ram.text) referenced from main.o(.text)
 <LI><a href="#[d]">app_enter_dlps_config</a> from main.o(.app.data_ram.text) referenced from main.o(.text)
 <LI><a href="#[e]">app_exit_dlps_config</a> from main.o(.app.data_ram.text) referenced from main.o(.text)
 <LI><a href="#[10]">app_gap_callback</a> from rcu_application.o(.text) referenced from rcu_gap.o(.text)
 <LI><a href="#[16]">app_main_task</a> from app_task.o(.app.data_ram.text) referenced from app_task.o(.text)
 <LI><a href="#[11]">app_privacy_callback</a> from rcu_application.o(.text) referenced from rcu_gap.o(.text)
 <LI><a href="#[f]">app_profile_callback</a> from rcu_application.o(.text) referenced from main.o(.text)
 <LI><a href="#[26]">bas_attr_read_cb</a> from bas.o(.text) referenced from bas.o(.constdata)
 <LI><a href="#[27]">bas_cccd_update_cb</a> from bas.o(.text) referenced from bas.o(.constdata)
 <LI><a href="#[1d]">bat_lpc_handler</a> from battery_driver.o(.app.data_ram.text) referenced from battery_driver.o(.text)
 <LI><a href="#[8]">common_main</a> from system_rtl876x.o(.text) referenced from system_rtl876x.o(.app.flash.text)
 <LI><a href="#[1e]">data_uart_test_interrupt_handler</a> from uart_transport.o(.app.data_ram.text) referenced from uart_transport.o(.text)
 <LI><a href="#[2f]">dfu_attr_write_cb</a> from dfu_service.o(.text) referenced from dfu_service.o(.constdata)
 <LI><a href="#[30]">dfu_cccd_update_cb</a> from dfu_service.o(.text) referenced from dfu_service.o(.constdata)
 <LI><a href="#[25]">dis_attr_read_cb</a> from dis.o(.text) referenced from dis.o(.constdata)
 <LI><a href="#[15]">enter_dss_timer_cb</a> from swtimer.o(.app.data_ram.text) referenced from swtimer.o(.text)
 <LI><a href="#[1f]">gap_lib_handle_btif_msg</a> from gap_lib.o(.text) referenced from gap_lib.o(.text)
 <LI><a href="#[28]">hids_attr_read_cb</a> from hids_rmc.o(.text) referenced from hids_rmc.o(.constdata)
 <LI><a href="#[29]">hids_attr_write_cb</a> from hids_rmc.o(.text) referenced from hids_rmc.o(.constdata)
 <LI><a href="#[2a]">hids_cccd_update_cb</a> from hids_rmc.o(.text) referenced from hids_rmc.o(.constdata)
 <LI><a href="#[19]">key_handle_comb_keys_timer_cb</a> from key_handle.o(.app.data_ram.text) referenced from key_handle.o(.text)
 <LI><a href="#[18]">keyscan_timer_callback</a> from keyscan_driver.o(.app.data_ram.text) referenced from keyscan_driver.o(.text)
 <LI><a href="#[1c]">led_ctrl_timer_cb</a> from led_driver.o(.app.data_ram.text) referenced from led_driver.o(.text)
 <LI><a href="#[b]">log_direct</a> from ROM.lib(ABSOLUTE) referenced from startup_rtl876x.o(.text)
 <LI><a href="#[1b]">long_press_key_detect_timer_cb</a> from key_handle.o(.app.data_ram.text) referenced from key_handle.o(.text)
 <LI><a href="#[13]">next_state_timeout_timer_callback</a> from swtimer.o(.app.data_ram.text) referenced from swtimer.o(.text)
 <LI><a href="#[1a]">notify_key_data_timer_cb</a> from key_handle.o(.app.data_ram.text) referenced from key_handle.o(.text)
 <LI><a href="#[2d]">ota_attr_read_cb</a> from ota_service.o(.text) referenced from ota_service.o(.constdata)
 <LI><a href="#[2e]">ota_attr_write_cb</a> from ota_service.o(.text) referenced from ota_service.o(.constdata)
 <LI><a href="#[7]">pre_main</a> from system_rtl876x.o(.app.flash.text) referenced from system_rtl876x.o(.app.flash.text)
 <LI><a href="#[17]">privacy_msg_callback</a> from privacy_mgnt.o(.text) referenced from privacy_mgnt.o(.text)
 <LI><a href="#[a]">set_active_timer_callback</a> from system_rtl876x.o(.text) referenced from system_rtl876x.o(.text)
 <LI><a href="#[43]">uart_test_auto_k_rf_freq</a> from data_uart_test.o(.text) referenced from data_uart_test.o(.constdata)
 <LI><a href="#[40]">uart_test_change_baudrate</a> from data_uart_test.o(.text) referenced from data_uart_test.o(.constdata)
 <LI><a href="#[41]">uart_test_direct_k_rf_freq</a> from data_uart_test.o(.text) referenced from data_uart_test.o(.constdata)
 <LI><a href="#[3d]">uart_test_disable_test_mode_flag</a> from data_uart_test.o(.text) referenced from data_uart_test.o(.constdata)
 <LI><a href="#[3e]">uart_test_enable_test_mode_flag</a> from data_uart_test.o(.text) referenced from data_uart_test.o(.constdata)
 <LI><a href="#[3a]">uart_test_enter_dlps</a> from data_uart_test.o(.text) referenced from data_uart_test.o(.constdata)
 <LI><a href="#[34]">uart_test_enter_fast_pair_mode</a> from data_uart_test.o(.text) referenced from data_uart_test.o(.constdata)
 <LI><a href="#[48]">uart_test_enter_hci_download_mode</a> from data_uart_test.o(.text) referenced from data_uart_test.o(.constdata)
 <LI><a href="#[3c]">uart_test_enter_hci_mode</a> from data_uart_test.o(.text) referenced from data_uart_test.o(.constdata)
 <LI><a href="#[46]">uart_test_enter_single_tone</a> from data_uart_test.o(.text) referenced from data_uart_test.o(.constdata)
 <LI><a href="#[3f]">uart_test_erase_pair_info</a> from data_uart_test.o(.text) referenced from data_uart_test.o(.constdata)
 <LI><a href="#[44]">uart_test_find_device_type</a> from data_uart_test.o(.text) referenced from data_uart_test.o(.constdata)
 <LI><a href="#[35]">uart_test_get_dev_state</a> from data_uart_test.o(.text) referenced from data_uart_test.o(.constdata)
 <LI><a href="#[42]">uart_test_get_dut_info</a> from data_uart_test.o(.text) referenced from data_uart_test.o(.constdata)
 <LI><a href="#[39]">uart_test_get_voice_config</a> from data_uart_test.o(.text) referenced from data_uart_test.o(.constdata)
 <LI><a href="#[32]">uart_test_read_app_version</a> from data_uart_test.o(.text) referenced from data_uart_test.o(.constdata)
 <LI><a href="#[33]">uart_test_read_mac_addr</a> from data_uart_test.o(.text) referenced from data_uart_test.o(.constdata)
 <LI><a href="#[31]">uart_test_read_patch_version</a> from data_uart_test.o(.text) referenced from data_uart_test.o(.constdata)
 <LI><a href="#[45]">uart_test_reboot_device</a> from data_uart_test.o(.text) referenced from data_uart_test.o(.constdata)
 <LI><a href="#[38]">uart_test_set_voice_config</a> from data_uart_test.o(.text) referenced from data_uart_test.o(.constdata)
 <LI><a href="#[3b]">uart_test_start_stop_adv</a> from data_uart_test.o(.text) referenced from data_uart_test.o(.constdata)
 <LI><a href="#[47]">uart_test_terminate_connect</a> from data_uart_test.o(.text) referenced from data_uart_test.o(.constdata)
 <LI><a href="#[36]">uart_test_voice_test_start</a> from data_uart_test.o(.text) referenced from data_uart_test.o(.constdata)
 <LI><a href="#[37]">uart_test_voice_test_stop</a> from data_uart_test.o(.text) referenced from data_uart_test.o(.constdata)
 <LI><a href="#[14]">update_conn_params_timer_cb</a> from swtimer.o(.app.data_ram.text) referenced from swtimer.o(.text)
 <LI><a href="#[2b]">vendor_svc_attr_write_cb</a> from vendor_service.o(.text) referenced from vendor_service.o(.constdata)
 <LI><a href="#[2c]">vendor_svc_cccd_update_cb</a> from vendor_service.o(.text) referenced from vendor_service.o(.constdata)
 <LI><a href="#[9]">wdg_system_reset_app_cb</a> from system_rtl876x.o(.app.flash.text) referenced from system_rtl876x.o(.app.flash.text)
</UL>
<P>
<H3>
Global Symbols
</H3>
<P><STRONG><a name="[1d5]"></a>WDG_SystemReset</STRONG> (Thumb, 0 bytes, Stack size 0 bytes, ROM.lib(ABSOLUTE))
<BR><BR>[Called By]<UL><LI><a href="#[148]">&gt;&gt;</a>&nbsp;&nbsp;&nbsp;dfu_fw_reboot
<LI><a href="#[1d]">&gt;&gt;</a>&nbsp;&nbsp;&nbsp;bat_lpc_handler
<LI><a href="#[19]">&gt;&gt;</a>&nbsp;&nbsp;&nbsp;key_handle_comb_keys_timer_cb
<LI><a href="#[1d4]">&gt;&gt;</a>&nbsp;&nbsp;&nbsp;dfu_switch_to_ota_mode
<LI><a href="#[221]">&gt;&gt;</a>&nbsp;&nbsp;&nbsp;switch_to_hci_mode
<LI><a href="#[21c]">&gt;&gt;</a>&nbsp;&nbsp;&nbsp;switch_to_test_mode
<LI><a href="#[45]">&gt;&gt;</a>&nbsp;&nbsp;&nbsp;uart_test_reboot_device
<LI><a href="#[3c]">&gt;&gt;</a>&nbsp;&nbsp;&nbsp;uart_test_enter_hci_mode
<LI><a href="#[20f]">&gt;&gt;</a>&nbsp;&nbsp;&nbsp;switch_to_test_mode
</UL>

<P><STRONG><a name="[136]"></a>__aeabi_memcpy4</STRONG> (Thumb, 0 bytes, Stack size 0 bytes, ROM.lib(ABSOLUTE))
<BR><BR>[Called By]<UL><LI><a href="#[c5]">&gt;&gt;</a>&nbsp;&nbsp;&nbsp;AppUpdateVectorTable
<LI><a href="#[2d]">&gt;&gt;</a>&nbsp;&nbsp;&nbsp;ota_attr_read_cb
<LI><a href="#[1f2]">&gt;&gt;</a>&nbsp;&nbsp;&nbsp;key_handle_pressed_event
<LI><a href="#[174]">&gt;&gt;</a>&nbsp;&nbsp;&nbsp;app_dis_srv_cb
<LI><a href="#[1ea]">&gt;&gt;</a>&nbsp;&nbsp;&nbsp;key_handle_set_pending_keyscan_fifo_data
<LI><a href="#[1a]">&gt;&gt;</a>&nbsp;&nbsp;&nbsp;notify_key_data_timer_cb
<LI><a href="#[74]">&gt;&gt;</a>&nbsp;&nbsp;&nbsp;Keyscan_Handler
</UL>

<P><STRONG><a name="[314]"></a>RamVectorTableInit</STRONG> (Thumb, 0 bytes, Stack size 0 bytes, ROM.lib(ABSOLUTE))
<BR><BR>[Called By]<UL><LI><a href="#[c5]">&gt;&gt;</a>&nbsp;&nbsp;&nbsp;AppUpdateVectorTable
</UL>

<P><STRONG><a name="[203]"></a>RamVectorTableUpdate</STRONG> (Thumb, 0 bytes, Stack size 0 bytes, ROM.lib(ABSOLUTE))
<BR><BR>[Called By]<UL><LI><a href="#[201]">&gt;&gt;</a>&nbsp;&nbsp;&nbsp;bat_driver_lpc_init
<LI><a href="#[216]">&gt;&gt;</a>&nbsp;&nbsp;&nbsp;data_uart_transport_init
</UL>

<P><STRONG><a name="[7d]"></a>ROM_Default_Handler</STRONG> (Thumb, 0 bytes, Stack size 0 bytes, ROM.lib(ABSOLUTE), UNUSED)
<BR>[Address Reference Count : 1]<UL><LI> system_rtl876x.o(.app.overlay_a)
</UL>
<P><STRONG><a name="[23b]"></a>SystemCall_Stack</STRONG> (Thumb, 0 bytes, Stack size 0 bytes, ROM.lib(ABSOLUTE))
<BR><BR>[Called By]<UL><LI><a href="#[135]">&gt;&gt;</a>&nbsp;&nbsp;&nbsp;gap_get_param
<LI><a href="#[12b]">&gt;&gt;</a>&nbsp;&nbsp;&nbsp;server_send_data
<LI><a href="#[12d]">&gt;&gt;</a>&nbsp;&nbsp;&nbsp;server_attr_read_confirm
<LI><a href="#[128]">&gt;&gt;</a>&nbsp;&nbsp;&nbsp;server_add_service
<LI><a href="#[242]">&gt;&gt;</a>&nbsp;&nbsp;&nbsp;gap_start_bt_stack
<LI><a href="#[247]">&gt;&gt;</a>&nbsp;&nbsp;&nbsp;gap_handle_msg
<LI><a href="#[19d]">&gt;&gt;</a>&nbsp;&nbsp;&nbsp;le_set_gap_param
<LI><a href="#[19e]">&gt;&gt;</a>&nbsp;&nbsp;&nbsp;le_register_app_cb
<LI><a href="#[1a6]">&gt;&gt;</a>&nbsp;&nbsp;&nbsp;le_disconnect
<LI><a href="#[1a5]">&gt;&gt;</a>&nbsp;&nbsp;&nbsp;le_adv_stop
<LI><a href="#[1a3]">&gt;&gt;</a>&nbsp;&nbsp;&nbsp;le_adv_start
<LI><a href="#[1a0]">&gt;&gt;</a>&nbsp;&nbsp;&nbsp;le_adv_set_param
<LI><a href="#[1a1]">&gt;&gt;</a>&nbsp;&nbsp;&nbsp;gap_set_param
<LI><a href="#[189]">&gt;&gt;</a>&nbsp;&nbsp;&nbsp;le_set_data_len
<LI><a href="#[184]">&gt;&gt;</a>&nbsp;&nbsp;&nbsp;le_get_high_priority_bond
<LI><a href="#[18a]">&gt;&gt;</a>&nbsp;&nbsp;&nbsp;le_get_conn_addr
<LI><a href="#[17a]">&gt;&gt;</a>&nbsp;&nbsp;&nbsp;le_disable_slave_latency
<LI><a href="#[193]">&gt;&gt;</a>&nbsp;&nbsp;&nbsp;le_bond_user_confirm
<LI><a href="#[195]">&gt;&gt;</a>&nbsp;&nbsp;&nbsp;le_bond_set_param
<LI><a href="#[194]">&gt;&gt;</a>&nbsp;&nbsp;&nbsp;le_bond_passkey_input_confirm
<LI><a href="#[196]">&gt;&gt;</a>&nbsp;&nbsp;&nbsp;le_bond_oob_input_confirm
<LI><a href="#[191]">&gt;&gt;</a>&nbsp;&nbsp;&nbsp;le_bond_just_work_confirm
<LI><a href="#[192]">&gt;&gt;</a>&nbsp;&nbsp;&nbsp;le_bond_get_display_key
<LI><a href="#[18d]">&gt;&gt;</a>&nbsp;&nbsp;&nbsp;le_bond_clear_all_keys
<LI><a href="#[183]">&gt;&gt;</a>&nbsp;&nbsp;&nbsp;gaps_set_peripheral_preferred_conn_param
<LI><a href="#[176]">&gt;&gt;</a>&nbsp;&nbsp;&nbsp;BTIF_VendorGetResponse
<LI><a href="#[16f]">&gt;&gt;</a>&nbsp;&nbsp;&nbsp;server_register_app_cb
<LI><a href="#[16e]">&gt;&gt;</a>&nbsp;&nbsp;&nbsp;server_init
<LI><a href="#[155]">&gt;&gt;</a>&nbsp;&nbsp;&nbsp;le_gap_init
<LI><a href="#[14a]">&gt;&gt;</a>&nbsp;&nbsp;&nbsp;le_update_conn_param
<LI><a href="#[14b]">&gt;&gt;</a>&nbsp;&nbsp;&nbsp;le_get_conn_param
<LI><a href="#[1c2]">&gt;&gt;</a>&nbsp;&nbsp;&nbsp;le_resolve_random_address
<LI><a href="#[1c9]">&gt;&gt;</a>&nbsp;&nbsp;&nbsp;le_privacy_set_resolv_priv_addr_timeout
<LI><a href="#[1c8]">&gt;&gt;</a>&nbsp;&nbsp;&nbsp;le_privacy_set_param
<LI><a href="#[1b9]">&gt;&gt;</a>&nbsp;&nbsp;&nbsp;le_privacy_set_mode
<LI><a href="#[1bf]">&gt;&gt;</a>&nbsp;&nbsp;&nbsp;le_privacy_set_addr_resolution
<LI><a href="#[1bd]">&gt;&gt;</a>&nbsp;&nbsp;&nbsp;le_privacy_register_cb
<LI><a href="#[1c3]">&gt;&gt;</a>&nbsp;&nbsp;&nbsp;le_privacy_read_peer_resolv_addr
<LI><a href="#[1c5]">&gt;&gt;</a>&nbsp;&nbsp;&nbsp;le_privacy_read_local_resolv_addr
<LI><a href="#[1b7]">&gt;&gt;</a>&nbsp;&nbsp;&nbsp;le_privacy_modify_resolv_list
<LI><a href="#[1c1]">&gt;&gt;</a>&nbsp;&nbsp;&nbsp;le_privacy_convert_addr_type
<LI><a href="#[1b8]">&gt;&gt;</a>&nbsp;&nbsp;&nbsp;le_modify_white_list
<LI><a href="#[1b5]">&gt;&gt;</a>&nbsp;&nbsp;&nbsp;le_get_privacy_info
<LI><a href="#[1b1]">&gt;&gt;</a>&nbsp;&nbsp;&nbsp;le_get_max_le_paired_device_num
<LI><a href="#[1ba]">&gt;&gt;</a>&nbsp;&nbsp;&nbsp;le_get_gap_param
<LI><a href="#[1be]">&gt;&gt;</a>&nbsp;&nbsp;&nbsp;le_find_key_entry_by_idx
<LI><a href="#[2cd]">&gt;&gt;</a>&nbsp;&nbsp;&nbsp;le_coc_set_psm_security
<LI><a href="#[2cc]">&gt;&gt;</a>&nbsp;&nbsp;&nbsp;le_coc_reg_psm
<LI><a href="#[2cb]">&gt;&gt;</a>&nbsp;&nbsp;&nbsp;le_coc_send_data
<LI><a href="#[2ca]">&gt;&gt;</a>&nbsp;&nbsp;&nbsp;le_coc_disc
<LI><a href="#[2c9]">&gt;&gt;</a>&nbsp;&nbsp;&nbsp;le_coc_create
<LI><a href="#[2c8]">&gt;&gt;</a>&nbsp;&nbsp;&nbsp;le_coc_get_chann_param
<LI><a href="#[2c7]">&gt;&gt;</a>&nbsp;&nbsp;&nbsp;le_coc_set_param
<LI><a href="#[2c6]">&gt;&gt;</a>&nbsp;&nbsp;&nbsp;le_coc_register_app_cb
<LI><a href="#[2c5]">&gt;&gt;</a>&nbsp;&nbsp;&nbsp;le_coc_init
<LI><a href="#[2c4]">&gt;&gt;</a>&nbsp;&nbsp;&nbsp;le_rf_set_path_loss_reporting_enable
<LI><a href="#[2c3]">&gt;&gt;</a>&nbsp;&nbsp;&nbsp;le_rf_set_path_loss_reporting_params
<LI><a href="#[2c2]">&gt;&gt;</a>&nbsp;&nbsp;&nbsp;le_rf_set_transmit_power_reporting_enable
<LI><a href="#[2c1]">&gt;&gt;</a>&nbsp;&nbsp;&nbsp;le_rf_read_remote_transmit_power_level
<LI><a href="#[2c0]">&gt;&gt;</a>&nbsp;&nbsp;&nbsp;le_rf_enhanced_read_transmit_power_level
<LI><a href="#[2bf]">&gt;&gt;</a>&nbsp;&nbsp;&nbsp;le_rf_write_rf_path_compensation
<LI><a href="#[2be]">&gt;&gt;</a>&nbsp;&nbsp;&nbsp;le_rf_read_rf_path_compensation
<LI><a href="#[2bd]">&gt;&gt;</a>&nbsp;&nbsp;&nbsp;gatts_service_changed_indicate
<LI><a href="#[2bc]">&gt;&gt;</a>&nbsp;&nbsp;&nbsp;gaps_set_parameter
<LI><a href="#[2bb]">&gt;&gt;</a>&nbsp;&nbsp;&nbsp;gatt_register_callback
<LI><a href="#[2ba]">&gt;&gt;</a>&nbsp;&nbsp;&nbsp;le_dtm_transmitter_test_v4
<LI><a href="#[2b9]">&gt;&gt;</a>&nbsp;&nbsp;&nbsp;le_dtm_enhanced_transmitter_test
<LI><a href="#[2b8]">&gt;&gt;</a>&nbsp;&nbsp;&nbsp;le_dtm_enhanced_receiver_test
<LI><a href="#[2b7]">&gt;&gt;</a>&nbsp;&nbsp;&nbsp;le_dtm_test_end
<LI><a href="#[2b6]">&gt;&gt;</a>&nbsp;&nbsp;&nbsp;le_dtm_transmitter_test
<LI><a href="#[2b5]">&gt;&gt;</a>&nbsp;&nbsp;&nbsp;le_dtm_receiver_test
<LI><a href="#[2b4]">&gt;&gt;</a>&nbsp;&nbsp;&nbsp;le_ext_scan_gap_msg_info_way
<LI><a href="#[2b3]">&gt;&gt;</a>&nbsp;&nbsp;&nbsp;le_ext_scan_stop
<LI><a href="#[2b2]">&gt;&gt;</a>&nbsp;&nbsp;&nbsp;le_ext_scan_start
<LI><a href="#[2b1]">&gt;&gt;</a>&nbsp;&nbsp;&nbsp;le_ext_scan_set_phy_param
<LI><a href="#[2b0]">&gt;&gt;</a>&nbsp;&nbsp;&nbsp;le_ext_scan_get_param
<LI><a href="#[2af]">&gt;&gt;</a>&nbsp;&nbsp;&nbsp;le_ext_scan_set_param
<LI><a href="#[2ae]">&gt;&gt;</a>&nbsp;&nbsp;&nbsp;le_ext_adv_gap_msg_info_way
<LI><a href="#[2ad]">&gt;&gt;</a>&nbsp;&nbsp;&nbsp;le_ext_adv_remove_set
<LI><a href="#[2ac]">&gt;&gt;</a>&nbsp;&nbsp;&nbsp;le_ext_adv_clear_set
<LI><a href="#[2ab]">&gt;&gt;</a>&nbsp;&nbsp;&nbsp;le_ext_adv_disable
<LI><a href="#[2aa]">&gt;&gt;</a>&nbsp;&nbsp;&nbsp;le_ext_adv_enable
<LI><a href="#[2a9]">&gt;&gt;</a>&nbsp;&nbsp;&nbsp;le_ext_adv_set_adv_enable_param
<LI><a href="#[2a8]">&gt;&gt;</a>&nbsp;&nbsp;&nbsp;le_ext_adv_start_setting
<LI><a href="#[2a7]">&gt;&gt;</a>&nbsp;&nbsp;&nbsp;le_ext_adv_set_random
<LI><a href="#[2a6]">&gt;&gt;</a>&nbsp;&nbsp;&nbsp;le_ext_adv_set_scan_response_data
<LI><a href="#[2a5]">&gt;&gt;</a>&nbsp;&nbsp;&nbsp;le_ext_adv_set_adv_data
<LI><a href="#[2a4]">&gt;&gt;</a>&nbsp;&nbsp;&nbsp;le_ext_adv_set_adv_param
<LI><a href="#[2a3]">&gt;&gt;</a>&nbsp;&nbsp;&nbsp;le_ext_adv_get_adv_handle_by_conn_id
<LI><a href="#[2a2]">&gt;&gt;</a>&nbsp;&nbsp;&nbsp;le_ext_adv_get_conn_id_by_adv_handle
<LI><a href="#[2a1]">&gt;&gt;</a>&nbsp;&nbsp;&nbsp;le_ext_adv_create_adv_handle
<LI><a href="#[2a0]">&gt;&gt;</a>&nbsp;&nbsp;&nbsp;le_ext_adv_get_param
<LI><a href="#[29f]">&gt;&gt;</a>&nbsp;&nbsp;&nbsp;le_ext_adv_init
<LI><a href="#[29e]">&gt;&gt;</a>&nbsp;&nbsp;&nbsp;le_privacy_get_param
<LI><a href="#[29d]">&gt;&gt;</a>&nbsp;&nbsp;&nbsp;le_set_local_ltk
<LI><a href="#[29c]">&gt;&gt;</a>&nbsp;&nbsp;&nbsp;le_get_dev_info
<LI><a href="#[29b]">&gt;&gt;</a>&nbsp;&nbsp;&nbsp;le_set_dev_bond_info
<LI><a href="#[29a]">&gt;&gt;</a>&nbsp;&nbsp;&nbsp;le_get_dev_bond_info
<LI><a href="#[299]">&gt;&gt;</a>&nbsp;&nbsp;&nbsp;le_get_dev_bond_info_len
<LI><a href="#[298]">&gt;&gt;</a>&nbsp;&nbsp;&nbsp;le_check_privacy_bond
<LI><a href="#[297]">&gt;&gt;</a>&nbsp;&nbsp;&nbsp;le_set_privacy_info
<LI><a href="#[296]">&gt;&gt;</a>&nbsp;&nbsp;&nbsp;le_clear_cccd_data
<LI><a href="#[295]">&gt;&gt;</a>&nbsp;&nbsp;&nbsp;le_get_cccd_data
<LI><a href="#[294]">&gt;&gt;</a>&nbsp;&nbsp;&nbsp;le_set_high_priority_bond
<LI><a href="#[293]">&gt;&gt;</a>&nbsp;&nbsp;&nbsp;le_get_low_priority_bond
<LI><a href="#[292]">&gt;&gt;</a>&nbsp;&nbsp;&nbsp;le_find_key_entry
<LI><a href="#[291]">&gt;&gt;</a>&nbsp;&nbsp;&nbsp;flash_load_local_irk
<LI><a href="#[290]">&gt;&gt;</a>&nbsp;&nbsp;&nbsp;flash_save_local_irk
<LI><a href="#[28f]">&gt;&gt;</a>&nbsp;&nbsp;&nbsp;flash_load_local_appearance
<LI><a href="#[28e]">&gt;&gt;</a>&nbsp;&nbsp;&nbsp;flash_save_local_appearance
<LI><a href="#[28d]">&gt;&gt;</a>&nbsp;&nbsp;&nbsp;flash_load_local_name
<LI><a href="#[28c]">&gt;&gt;</a>&nbsp;&nbsp;&nbsp;flash_save_local_name
<LI><a href="#[28b]">&gt;&gt;</a>&nbsp;&nbsp;&nbsp;le_get_conn_id_by_handle
<LI><a href="#[28a]">&gt;&gt;</a>&nbsp;&nbsp;&nbsp;le_link_check_conn_id_internal
<LI><a href="#[289]">&gt;&gt;</a>&nbsp;&nbsp;&nbsp;le_bond_get_sec_level
<LI><a href="#[288]">&gt;&gt;</a>&nbsp;&nbsp;&nbsp;le_bond_delete_by_bd
<LI><a href="#[287]">&gt;&gt;</a>&nbsp;&nbsp;&nbsp;le_bond_delete_by_idx
<LI><a href="#[286]">&gt;&gt;</a>&nbsp;&nbsp;&nbsp;le_bond_cfg_local_key_distribute
<LI><a href="#[285]">&gt;&gt;</a>&nbsp;&nbsp;&nbsp;le_bond_keypress_notify
<LI><a href="#[284]">&gt;&gt;</a>&nbsp;&nbsp;&nbsp;le_bond_passkey_display_confirm
<LI><a href="#[283]">&gt;&gt;</a>&nbsp;&nbsp;&nbsp;le_bond_pair
<LI><a href="#[282]">&gt;&gt;</a>&nbsp;&nbsp;&nbsp;le_bond_get_param
<LI><a href="#[281]">&gt;&gt;</a>&nbsp;&nbsp;&nbsp;le_get_conn_local_addr_by_conn_id
<LI><a href="#[280]">&gt;&gt;</a>&nbsp;&nbsp;&nbsp;le_set_conn_tx_power
<LI><a href="#[27f]">&gt;&gt;</a>&nbsp;&nbsp;&nbsp;le_connect
<LI><a href="#[27e]">&gt;&gt;</a>&nbsp;&nbsp;&nbsp;le_set_conn_param
<LI><a href="#[27d]">&gt;&gt;</a>&nbsp;&nbsp;&nbsp;le_update_passed_chann_map
<LI><a href="#[27c]">&gt;&gt;</a>&nbsp;&nbsp;&nbsp;le_set_phy
<LI><a href="#[27b]">&gt;&gt;</a>&nbsp;&nbsp;&nbsp;le_read_chann_map
<LI><a href="#[27a]">&gt;&gt;</a>&nbsp;&nbsp;&nbsp;le_read_rssi
<LI><a href="#[279]">&gt;&gt;</a>&nbsp;&nbsp;&nbsp;le_write_authen_payload_timeout
<LI><a href="#[278]">&gt;&gt;</a>&nbsp;&nbsp;&nbsp;le_read_remote_version
<LI><a href="#[277]">&gt;&gt;</a>&nbsp;&nbsp;&nbsp;le_get_idle_link_num
<LI><a href="#[276]">&gt;&gt;</a>&nbsp;&nbsp;&nbsp;le_get_active_link_num
<LI><a href="#[275]">&gt;&gt;</a>&nbsp;&nbsp;&nbsp;le_get_conn_id
<LI><a href="#[274]">&gt;&gt;</a>&nbsp;&nbsp;&nbsp;le_get_conn_info
<LI><a href="#[273]">&gt;&gt;</a>&nbsp;&nbsp;&nbsp;le_scan_stop
<LI><a href="#[272]">&gt;&gt;</a>&nbsp;&nbsp;&nbsp;le_scan_start
<LI><a href="#[271]">&gt;&gt;</a>&nbsp;&nbsp;&nbsp;le_scan_get_param
<LI><a href="#[270]">&gt;&gt;</a>&nbsp;&nbsp;&nbsp;le_scan_set_param
<LI><a href="#[26f]">&gt;&gt;</a>&nbsp;&nbsp;&nbsp;le_vendor_one_shot_adv
<LI><a href="#[26e]">&gt;&gt;</a>&nbsp;&nbsp;&nbsp;le_adv_set_tx_power
<LI><a href="#[26d]">&gt;&gt;</a>&nbsp;&nbsp;&nbsp;le_adv_read_tx_power
<LI><a href="#[26c]">&gt;&gt;</a>&nbsp;&nbsp;&nbsp;le_adv_update_param
<LI><a href="#[26b]">&gt;&gt;</a>&nbsp;&nbsp;&nbsp;le_adv_get_param
<LI><a href="#[26a]">&gt;&gt;</a>&nbsp;&nbsp;&nbsp;client_send_exchange_mtu_req
<LI><a href="#[269]">&gt;&gt;</a>&nbsp;&nbsp;&nbsp;client_get_notify_data_buffer
<LI><a href="#[268]">&gt;&gt;</a>&nbsp;&nbsp;&nbsp;client_attr_ind_confirm
<LI><a href="#[267]">&gt;&gt;</a>&nbsp;&nbsp;&nbsp;client_attr_write
<LI><a href="#[266]">&gt;&gt;</a>&nbsp;&nbsp;&nbsp;client_attr_read_using_uuid
<LI><a href="#[265]">&gt;&gt;</a>&nbsp;&nbsp;&nbsp;client_attr_read
<LI><a href="#[264]">&gt;&gt;</a>&nbsp;&nbsp;&nbsp;client_all_char_descriptor_discovery
<LI><a href="#[263]">&gt;&gt;</a>&nbsp;&nbsp;&nbsp;client_by_uuid128_char_discovery
<LI><a href="#[262]">&gt;&gt;</a>&nbsp;&nbsp;&nbsp;client_by_uuid_char_discovery
<LI><a href="#[261]">&gt;&gt;</a>&nbsp;&nbsp;&nbsp;client_all_char_discovery
<LI><a href="#[260]">&gt;&gt;</a>&nbsp;&nbsp;&nbsp;client_relationship_discovery
<LI><a href="#[25f]">&gt;&gt;</a>&nbsp;&nbsp;&nbsp;client_by_uuid128_srv_discovery
<LI><a href="#[25e]">&gt;&gt;</a>&nbsp;&nbsp;&nbsp;client_by_uuid_srv_discovery
<LI><a href="#[25d]">&gt;&gt;</a>&nbsp;&nbsp;&nbsp;client_all_primary_srv_discovery
<LI><a href="#[25c]">&gt;&gt;</a>&nbsp;&nbsp;&nbsp;client_register_spec_client_cb
<LI><a href="#[25b]">&gt;&gt;</a>&nbsp;&nbsp;&nbsp;client_register_general_client_cb
<LI><a href="#[25a]">&gt;&gt;</a>&nbsp;&nbsp;&nbsp;client_init
<LI><a href="#[259]">&gt;&gt;</a>&nbsp;&nbsp;&nbsp;server_set_service_reg_mode
<LI><a href="#[258]">&gt;&gt;</a>&nbsp;&nbsp;&nbsp;server_clear_service
<LI><a href="#[257]">&gt;&gt;</a>&nbsp;&nbsp;&nbsp;server_get_start_handle
<LI><a href="#[256]">&gt;&gt;</a>&nbsp;&nbsp;&nbsp;server_get_write_cmd_data_buffer
<LI><a href="#[255]">&gt;&gt;</a>&nbsp;&nbsp;&nbsp;server_attr_write_confirm
<LI><a href="#[254]">&gt;&gt;</a>&nbsp;&nbsp;&nbsp;server_exec_write_confirm
<LI><a href="#[253]">&gt;&gt;</a>&nbsp;&nbsp;&nbsp;server_add_service_by_start_handle
<LI><a href="#[252]">&gt;&gt;</a>&nbsp;&nbsp;&nbsp;server_builtin_service_reg
<LI><a href="#[251]">&gt;&gt;</a>&nbsp;&nbsp;&nbsp;le_vendor_set_rem_min_sca
<LI><a href="#[250]">&gt;&gt;</a>&nbsp;&nbsp;&nbsp;le_write_default_data_len
<LI><a href="#[24f]">&gt;&gt;</a>&nbsp;&nbsp;&nbsp;le_set_host_chann_classif
<LI><a href="#[24e]">&gt;&gt;</a>&nbsp;&nbsp;&nbsp;le_cfg_local_identity_address
<LI><a href="#[24d]">&gt;&gt;</a>&nbsp;&nbsp;&nbsp;le_set_rand_addr
<LI><a href="#[24c]">&gt;&gt;</a>&nbsp;&nbsp;&nbsp;le_gen_rand_addr
<LI><a href="#[24b]">&gt;&gt;</a>&nbsp;&nbsp;&nbsp;le_get_max_link_num
<LI><a href="#[24a]">&gt;&gt;</a>&nbsp;&nbsp;&nbsp;le_gap_msg_info_way
<LI><a href="#[249]">&gt;&gt;</a>&nbsp;&nbsp;&nbsp;gap_send_dev_state
<LI><a href="#[248]">&gt;&gt;</a>&nbsp;&nbsp;&nbsp;gap_buffer_free
<LI><a href="#[246]">&gt;&gt;</a>&nbsp;&nbsp;&nbsp;gap_read_airplan_mode
<LI><a href="#[245]">&gt;&gt;</a>&nbsp;&nbsp;&nbsp;gap_write_airplan_mode
<LI><a href="#[244]">&gt;&gt;</a>&nbsp;&nbsp;&nbsp;gap_set_pairable_mode
<LI><a href="#[243]">&gt;&gt;</a>&nbsp;&nbsp;&nbsp;gap_register_app_cb
<LI><a href="#[241]">&gt;&gt;</a>&nbsp;&nbsp;&nbsp;hci_if_confirm
<LI><a href="#[240]">&gt;&gt;</a>&nbsp;&nbsp;&nbsp;hci_if_write
<LI><a href="#[23f]">&gt;&gt;</a>&nbsp;&nbsp;&nbsp;hci_if_close
<LI><a href="#[23e]">&gt;&gt;</a>&nbsp;&nbsp;&nbsp;hci_if_open
<LI><a href="#[23d]">&gt;&gt;</a>&nbsp;&nbsp;&nbsp;btif_send_event
<LI><a href="#[23c]">&gt;&gt;</a>&nbsp;&nbsp;&nbsp;btif_sw_reset_req
<LI><a href="#[23a]">&gt;&gt;</a>&nbsp;&nbsp;&nbsp;btif_vendor_cmd_req
<LI><a href="#[239]">&gt;&gt;</a>&nbsp;&nbsp;&nbsp;gap_register_extend_cb
<LI><a href="#[21f]">&gt;&gt;</a>&nbsp;&nbsp;&nbsp;le_gen_bond_dev
<LI><a href="#[214]">&gt;&gt;</a>&nbsp;&nbsp;&nbsp;le_get_bond_dev_num
</UL>

<P><STRONG><a name="[c8]"></a>update_ram_layout</STRONG> (Thumb, 0 bytes, Stack size 0 bytes, ROM.lib(ABSOLUTE))
<BR><BR>[Called By]<UL><LI><a href="#[6]">&gt;&gt;</a>&nbsp;&nbsp;&nbsp;SystemInit
</UL>

<P><STRONG><a name="[b7]"></a>get_active_ota_bank_addr</STRONG> (Thumb, 0 bytes, Stack size 0 bytes, ROM.lib(ABSOLUTE))
<BR><BR>[Called By]<UL><LI><a href="#[b6]">&gt;&gt;</a>&nbsp;&nbsp;&nbsp;get_image_entry_addr
<LI><a href="#[2d]">&gt;&gt;</a>&nbsp;&nbsp;&nbsp;ota_attr_read_cb
<LI><a href="#[132]">&gt;&gt;</a>&nbsp;&nbsp;&nbsp;get_ota_active_bank_image_info
</UL>

<P><STRONG><a name="[22e]"></a>btxfcs</STRONG> (Thumb, 0 bytes, Stack size 0 bytes, ROM.lib(ABSOLUTE))
<BR><BR>[Called By]<UL><LI><a href="#[22a]">&gt;&gt;</a>&nbsp;&nbsp;&nbsp;uart_packet_decode
<LI><a href="#[210]">&gt;&gt;</a>&nbsp;&nbsp;&nbsp;data_uart_cmd_response
</UL>

<P><STRONG><a name="[d2]"></a>LogUartTxChar</STRONG> (Thumb, 0 bytes, Stack size 0 bytes, ROM.lib(ABSOLUTE))
<BR><BR>[Called By]<UL><LI><a href="#[c9]">&gt;&gt;</a>&nbsp;&nbsp;&nbsp;log_direct_app
</UL>

<P><STRONG><a name="[ce]"></a>log_timestamp_get</STRONG> (Thumb, 0 bytes, Stack size 0 bytes, ROM.lib(ABSOLUTE))
<BR><BR>[Called By]<UL><LI><a href="#[c9]">&gt;&gt;</a>&nbsp;&nbsp;&nbsp;log_direct_app
</UL>

<P><STRONG><a name="[b]"></a>log_direct</STRONG> (Thumb, 0 bytes, Stack size 0 bytes, ROM.lib(ABSOLUTE), UNUSED)
<BR>[Address Reference Count : 1]<UL><LI> startup_rtl876x.o(.text)
</UL>
<P><STRONG><a name="[bd]"></a>log_buffer</STRONG> (Thumb, 0 bytes, Stack size 0 bytes, ROM.lib(ABSOLUTE))
<BR><BR>[Called By]<UL><LI><a href="#[7b]">&gt;&gt;</a>&nbsp;&nbsp;&nbsp;DLPS_IO_ExitDlpsCb
<LI><a href="#[c5]">&gt;&gt;</a>&nbsp;&nbsp;&nbsp;AppUpdateVectorTable
<LI><a href="#[7]">&gt;&gt;</a>&nbsp;&nbsp;&nbsp;pre_main
<LI><a href="#[ba]">&gt;&gt;</a>&nbsp;&nbsp;&nbsp;print_reset_reason
<LI><a href="#[138]">&gt;&gt;</a>&nbsp;&nbsp;&nbsp;ota_add_service
<LI><a href="#[2d]">&gt;&gt;</a>&nbsp;&nbsp;&nbsp;ota_attr_read_cb
<LI><a href="#[2e]">&gt;&gt;</a>&nbsp;&nbsp;&nbsp;ota_attr_write_cb
<LI><a href="#[131]">&gt;&gt;</a>&nbsp;&nbsp;&nbsp;vendor_svc_add_service
<LI><a href="#[2c]">&gt;&gt;</a>&nbsp;&nbsp;&nbsp;vendor_svc_cccd_update_cb
<LI><a href="#[2b]">&gt;&gt;</a>&nbsp;&nbsp;&nbsp;vendor_svc_attr_write_cb
<LI><a href="#[130]">&gt;&gt;</a>&nbsp;&nbsp;&nbsp;hids_add_service
<LI><a href="#[2a]">&gt;&gt;</a>&nbsp;&nbsp;&nbsp;hids_cccd_update_cb
<LI><a href="#[29]">&gt;&gt;</a>&nbsp;&nbsp;&nbsp;hids_attr_write_cb
<LI><a href="#[28]">&gt;&gt;</a>&nbsp;&nbsp;&nbsp;hids_attr_read_cb
<LI><a href="#[12e]">&gt;&gt;</a>&nbsp;&nbsp;&nbsp;bas_add_service
<LI><a href="#[27]">&gt;&gt;</a>&nbsp;&nbsp;&nbsp;bas_cccd_update_cb
<LI><a href="#[26]">&gt;&gt;</a>&nbsp;&nbsp;&nbsp;bas_attr_read_cb
<LI><a href="#[129]">&gt;&gt;</a>&nbsp;&nbsp;&nbsp;bas_set_parameter
<LI><a href="#[127]">&gt;&gt;</a>&nbsp;&nbsp;&nbsp;dis_add_service
<LI><a href="#[25]">&gt;&gt;</a>&nbsp;&nbsp;&nbsp;dis_attr_read_cb
<LI><a href="#[125]">&gt;&gt;</a>&nbsp;&nbsp;&nbsp;dis_set_parameter
<LI><a href="#[71]">&gt;&gt;</a>&nbsp;&nbsp;&nbsp;Timer5_Handler
<LI><a href="#[1a8]">&gt;&gt;</a>&nbsp;&nbsp;&nbsp;keyscan_init_timer
<LI><a href="#[1a9]">&gt;&gt;</a>&nbsp;&nbsp;&nbsp;key_handle_init_timer
<LI><a href="#[15]">&gt;&gt;</a>&nbsp;&nbsp;&nbsp;enter_dss_timer_cb
<LI><a href="#[14]">&gt;&gt;</a>&nbsp;&nbsp;&nbsp;update_conn_params_timer_cb
<LI><a href="#[13]">&gt;&gt;</a>&nbsp;&nbsp;&nbsp;next_state_timeout_timer_callback
<LI><a href="#[19f]">&gt;&gt;</a>&nbsp;&nbsp;&nbsp;privacy_init
<LI><a href="#[1a7]">&gt;&gt;</a>&nbsp;&nbsp;&nbsp;rcu_update_conn_params
<LI><a href="#[1a4]">&gt;&gt;</a>&nbsp;&nbsp;&nbsp;rcu_stop_adv
<LI><a href="#[217]">&gt;&gt;</a>&nbsp;&nbsp;&nbsp;uart_test_handle_uart_msg
<LI><a href="#[17f]">&gt;&gt;</a>&nbsp;&nbsp;&nbsp;rcu_terminate_connection
<LI><a href="#[171]">&gt;&gt;</a>&nbsp;&nbsp;&nbsp;rcu_start_adv
<LI><a href="#[197]">&gt;&gt;</a>&nbsp;&nbsp;&nbsp;privacy_handle_bond_modify_msg
<LI><a href="#[177]">&gt;&gt;</a>&nbsp;&nbsp;&nbsp;mp_test_clear_bond_info
<LI><a href="#[1f1]">&gt;&gt;</a>&nbsp;&nbsp;&nbsp;key_handle_release_event
<LI><a href="#[1f2]">&gt;&gt;</a>&nbsp;&nbsp;&nbsp;key_handle_pressed_event
<LI><a href="#[17c]">&gt;&gt;</a>&nbsp;&nbsp;&nbsp;bat_update_battery_info
<LI><a href="#[20b]">&gt;&gt;</a>&nbsp;&nbsp;&nbsp;bat_msg_handle
<LI><a href="#[17e]">&gt;&gt;</a>&nbsp;&nbsp;&nbsp;app_send_msg_to_apptask
<LI><a href="#[11]">&gt;&gt;</a>&nbsp;&nbsp;&nbsp;app_privacy_callback
<LI><a href="#[10]">&gt;&gt;</a>&nbsp;&nbsp;&nbsp;app_gap_callback
<LI><a href="#[179]">&gt;&gt;</a>&nbsp;&nbsp;&nbsp;app_set_latency_status
<LI><a href="#[340]">&gt;&gt;</a>&nbsp;&nbsp;&nbsp;app_handle_io_msg
<LI><a href="#[19b]">&gt;&gt;</a>&nbsp;&nbsp;&nbsp;app_ota_srv_cb
<LI><a href="#[19a]">&gt;&gt;</a>&nbsp;&nbsp;&nbsp;app_hid_srv_cb
<LI><a href="#[198]">&gt;&gt;</a>&nbsp;&nbsp;&nbsp;app_general_srv_cb
<LI><a href="#[190]">&gt;&gt;</a>&nbsp;&nbsp;&nbsp;periph_handle_gap_msg
<LI><a href="#[18f]">&gt;&gt;</a>&nbsp;&nbsp;&nbsp;periph_conn_param_update_evt
<LI><a href="#[18c]">&gt;&gt;</a>&nbsp;&nbsp;&nbsp;periph_handle_authen_state_evt
<LI><a href="#[188]">&gt;&gt;</a>&nbsp;&nbsp;&nbsp;periph_handle_conn_state_evt
<LI><a href="#[180]">&gt;&gt;</a>&nbsp;&nbsp;&nbsp;periph_handle_dev_state_evt
<LI><a href="#[17b]">&gt;&gt;</a>&nbsp;&nbsp;&nbsp;app_dfu_srv_cb
<LI><a href="#[175]">&gt;&gt;</a>&nbsp;&nbsp;&nbsp;app_vendor_srv_cb
<LI><a href="#[173]">&gt;&gt;</a>&nbsp;&nbsp;&nbsp;app_disconn_reason_handler
<LI><a href="#[170]">&gt;&gt;</a>&nbsp;&nbsp;&nbsp;app_stop_adv_reason_handler
<LI><a href="#[153]">&gt;&gt;</a>&nbsp;&nbsp;&nbsp;uart_test_init
<LI><a href="#[15d]">&gt;&gt;</a>&nbsp;&nbsp;&nbsp;sw_timer_init
<LI><a href="#[163]">&gt;&gt;</a>&nbsp;&nbsp;&nbsp;rtc_driver_init
<LI><a href="#[16d]">&gt;&gt;</a>&nbsp;&nbsp;&nbsp;mp_test_load_fp_mac_addr
<LI><a href="#[16a]">&gt;&gt;</a>&nbsp;&nbsp;&nbsp;mp_test_init_data
<LI><a href="#[16c]">&gt;&gt;</a>&nbsp;&nbsp;&nbsp;mp_test_check_trig_gpio_status
<LI><a href="#[152]">&gt;&gt;</a>&nbsp;&nbsp;&nbsp;led_module_init
<LI><a href="#[168]">&gt;&gt;</a>&nbsp;&nbsp;&nbsp;key_handle_init_data
<LI><a href="#[156]">&gt;&gt;</a>&nbsp;&nbsp;&nbsp;gap_lib_init
<LI><a href="#[162]">&gt;&gt;</a>&nbsp;&nbsp;&nbsp;bat_nvic_config
<LI><a href="#[169]">&gt;&gt;</a>&nbsp;&nbsp;&nbsp;bat_init_data
<LI><a href="#[f]">&gt;&gt;</a>&nbsp;&nbsp;&nbsp;app_profile_callback
<LI><a href="#[b0]">&gt;&gt;</a>&nbsp;&nbsp;&nbsp;main
<LI><a href="#[52]">&gt;&gt;</a>&nbsp;&nbsp;&nbsp;System_Handler
<LI><a href="#[146]">&gt;&gt;</a>&nbsp;&nbsp;&nbsp;unlock_flash_bp_all
<LI><a href="#[13c]">&gt;&gt;</a>&nbsp;&nbsp;&nbsp;dfu_update
<LI><a href="#[14c]">&gt;&gt;</a>&nbsp;&nbsp;&nbsp;dfu_report_target_ic_type
<LI><a href="#[149]">&gt;&gt;</a>&nbsp;&nbsp;&nbsp;dfu_report_target_fw_info
<LI><a href="#[148]">&gt;&gt;</a>&nbsp;&nbsp;&nbsp;dfu_fw_reboot
<LI><a href="#[13d]">&gt;&gt;</a>&nbsp;&nbsp;&nbsp;dfu_flash_erase_sector_with_retry
<LI><a href="#[140]">&gt;&gt;</a>&nbsp;&nbsp;&nbsp;dfu_check_checksum
<LI><a href="#[13a]">&gt;&gt;</a>&nbsp;&nbsp;&nbsp;dfu_check_buf_crc
<LI><a href="#[14e]">&gt;&gt;</a>&nbsp;&nbsp;&nbsp;dfu_add_service
<LI><a href="#[30]">&gt;&gt;</a>&nbsp;&nbsp;&nbsp;dfu_cccd_update_cb
<LI><a href="#[2f]">&gt;&gt;</a>&nbsp;&nbsp;&nbsp;dfu_attr_write_cb
<LI><a href="#[14d]">&gt;&gt;</a>&nbsp;&nbsp;&nbsp;dfu_service_handle_packet_req
<LI><a href="#[144]">&gt;&gt;</a>&nbsp;&nbsp;&nbsp;dfu_service_handle_control_point_req
<LI><a href="#[13f]">&gt;&gt;</a>&nbsp;&nbsp;&nbsp;dfu_service_handle_valid_fw
<LI><a href="#[13e]">&gt;&gt;</a>&nbsp;&nbsp;&nbsp;dfu_notify_conn_para_update_req
<LI><a href="#[139]">&gt;&gt;</a>&nbsp;&nbsp;&nbsp;dfu_buffer_check_process
<LI><a href="#[20d]">&gt;&gt;</a>&nbsp;&nbsp;&nbsp;bat_handle_key_pressed_event
<LI><a href="#[20c]">&gt;&gt;</a>&nbsp;&nbsp;&nbsp;bat_handle_enter_low_power_event
<LI><a href="#[208]">&gt;&gt;</a>&nbsp;&nbsp;&nbsp;bat_calculate_bat_level
<LI><a href="#[1f6]">&gt;&gt;</a>&nbsp;&nbsp;&nbsp;bat_calibrate_voltage
<LI><a href="#[220]">&gt;&gt;</a>&nbsp;&nbsp;&nbsp;mp_test_handle_comb_keys_timer_cb
<LI><a href="#[1f0]">&gt;&gt;</a>&nbsp;&nbsp;&nbsp;key_handle_notify_hid_key_event_by_fifo
<LI><a href="#[1ef]">&gt;&gt;</a>&nbsp;&nbsp;&nbsp;two_key_to_handle
<LI><a href="#[1ee]">&gt;&gt;</a>&nbsp;&nbsp;&nbsp;one_key_to_handle
<LI><a href="#[1eb]">&gt;&gt;</a>&nbsp;&nbsp;&nbsp;key_handle_notify_hid_key_event_by_index
<LI><a href="#[1ed]">&gt;&gt;</a>&nbsp;&nbsp;&nbsp;key_handle_one_key_scenario
<LI><a href="#[1e9]">&gt;&gt;</a>&nbsp;&nbsp;&nbsp;key_handle_notify_hid_usage_buffer
<LI><a href="#[1e5]">&gt;&gt;</a>&nbsp;&nbsp;&nbsp;key_handle_prepare_hid_usage_buffer
<LI><a href="#[1b]">&gt;&gt;</a>&nbsp;&nbsp;&nbsp;long_press_key_detect_timer_cb
<LI><a href="#[1a]">&gt;&gt;</a>&nbsp;&nbsp;&nbsp;notify_key_data_timer_cb
<LI><a href="#[19]">&gt;&gt;</a>&nbsp;&nbsp;&nbsp;key_handle_comb_keys_timer_cb
<LI><a href="#[74]">&gt;&gt;</a>&nbsp;&nbsp;&nbsp;Keyscan_Handler
<LI><a href="#[1d4]">&gt;&gt;</a>&nbsp;&nbsp;&nbsp;dfu_switch_to_ota_mode
<LI><a href="#[1d3]">&gt;&gt;</a>&nbsp;&nbsp;&nbsp;dfu_set_ota_mode_flag
<LI><a href="#[1dd]">&gt;&gt;</a>&nbsp;&nbsp;&nbsp;check_dfu_update_image_length
<LI><a href="#[1dc]">&gt;&gt;</a>&nbsp;&nbsp;&nbsp;dfu_flash_check_blank
<LI><a href="#[1de]">&gt;&gt;</a>&nbsp;&nbsp;&nbsp;flash_erase_block
<LI><a href="#[1db]">&gt;&gt;</a>&nbsp;&nbsp;&nbsp;flash_erase_sector
<LI><a href="#[1d0]">&gt;&gt;</a>&nbsp;&nbsp;&nbsp;dfu_write
<LI><a href="#[17]">&gt;&gt;</a>&nbsp;&nbsp;&nbsp;privacy_msg_callback
<LI><a href="#[1bc]">&gt;&gt;</a>&nbsp;&nbsp;&nbsp;privacy_handle_le_privacy_resolution_status_info
<LI><a href="#[1bb]">&gt;&gt;</a>&nbsp;&nbsp;&nbsp;privacy_handle_le_privacy_modify_resolv_list_rsp
<LI><a href="#[1b6]">&gt;&gt;</a>&nbsp;&nbsp;&nbsp;privacy_handle_resolv_list_int
<LI><a href="#[1b4]">&gt;&gt;</a>&nbsp;&nbsp;&nbsp;privacy_add_device
<LI><a href="#[1b0]">&gt;&gt;</a>&nbsp;&nbsp;&nbsp;privacy_modify_resolving_list
<LI><a href="#[235]">&gt;&gt;</a>&nbsp;&nbsp;&nbsp;rtc_driver_set_comp_0_params
<LI><a href="#[230]">&gt;&gt;</a>&nbsp;&nbsp;&nbsp;rtc_driver_get_us
<LI><a href="#[22f]">&gt;&gt;</a>&nbsp;&nbsp;&nbsp;rtc_driver_deinit
<LI><a href="#[5e]">&gt;&gt;</a>&nbsp;&nbsp;&nbsp;RTC_Handler
<LI><a href="#[22a]">&gt;&gt;</a>&nbsp;&nbsp;&nbsp;uart_packet_decode
<LI><a href="#[1e]">&gt;&gt;</a>&nbsp;&nbsp;&nbsp;data_uart_test_interrupt_handler
<LI><a href="#[44]">&gt;&gt;</a>&nbsp;&nbsp;&nbsp;uart_test_find_device_type
<LI><a href="#[40]">&gt;&gt;</a>&nbsp;&nbsp;&nbsp;uart_test_change_baudrate
<LI><a href="#[3f]">&gt;&gt;</a>&nbsp;&nbsp;&nbsp;uart_test_erase_pair_info
<LI><a href="#[3e]">&gt;&gt;</a>&nbsp;&nbsp;&nbsp;uart_test_enable_test_mode_flag
<LI><a href="#[3d]">&gt;&gt;</a>&nbsp;&nbsp;&nbsp;uart_test_disable_test_mode_flag
<LI><a href="#[3b]">&gt;&gt;</a>&nbsp;&nbsp;&nbsp;uart_test_start_stop_adv
<LI><a href="#[3a]">&gt;&gt;</a>&nbsp;&nbsp;&nbsp;uart_test_enter_dlps
<LI><a href="#[39]">&gt;&gt;</a>&nbsp;&nbsp;&nbsp;uart_test_get_voice_config
<LI><a href="#[38]">&gt;&gt;</a>&nbsp;&nbsp;&nbsp;uart_test_set_voice_config
<LI><a href="#[37]">&gt;&gt;</a>&nbsp;&nbsp;&nbsp;uart_test_voice_test_stop
<LI><a href="#[36]">&gt;&gt;</a>&nbsp;&nbsp;&nbsp;uart_test_voice_test_start
<LI><a href="#[35]">&gt;&gt;</a>&nbsp;&nbsp;&nbsp;uart_test_get_dev_state
<LI><a href="#[34]">&gt;&gt;</a>&nbsp;&nbsp;&nbsp;uart_test_enter_fast_pair_mode
<LI><a href="#[33]">&gt;&gt;</a>&nbsp;&nbsp;&nbsp;uart_test_read_mac_addr
<LI><a href="#[32]">&gt;&gt;</a>&nbsp;&nbsp;&nbsp;uart_test_read_app_version
<LI><a href="#[31]">&gt;&gt;</a>&nbsp;&nbsp;&nbsp;uart_test_read_patch_version
</UL>

<P><STRONG><a name="[18b]"></a>trace_bdaddr</STRONG> (Thumb, 0 bytes, Stack size 0 bytes, ROM.lib(ABSOLUTE))
<BR><BR>[Called By]<UL><LI><a href="#[188]">&gt;&gt;</a>&nbsp;&nbsp;&nbsp;periph_handle_conn_state_evt
<LI><a href="#[1b6]">&gt;&gt;</a>&nbsp;&nbsp;&nbsp;privacy_handle_resolv_list_int
<LI><a href="#[1b0]">&gt;&gt;</a>&nbsp;&nbsp;&nbsp;privacy_modify_resolving_list
</UL>

<P><STRONG><a name="[c4]"></a>trace_string</STRONG> (Thumb, 0 bytes, Stack size 0 bytes, ROM.lib(ABSOLUTE))
<BR><BR>[Called By]<UL><LI><a href="#[c5]">&gt;&gt;</a>&nbsp;&nbsp;&nbsp;AppUpdateVectorTable
<LI><a href="#[7]">&gt;&gt;</a>&nbsp;&nbsp;&nbsp;pre_main
</UL>

<P><STRONG><a name="[145]"></a>trace_binary</STRONG> (Thumb, 0 bytes, Stack size 0 bytes, ROM.lib(ABSOLUTE))
<BR><BR>[Called By]<UL><LI><a href="#[16d]">&gt;&gt;</a>&nbsp;&nbsp;&nbsp;mp_test_load_fp_mac_addr
<LI><a href="#[144]">&gt;&gt;</a>&nbsp;&nbsp;&nbsp;dfu_service_handle_control_point_req
<LI><a href="#[1e9]">&gt;&gt;</a>&nbsp;&nbsp;&nbsp;key_handle_notify_hid_usage_buffer
</UL>

<P><STRONG><a name="[1d7]"></a>hw_aes_decrypt_16byte</STRONG> (Thumb, 0 bytes, Stack size 0 bytes, ROM.lib(ABSOLUTE))
<BR><BR>[Called By]<UL><LI><a href="#[13b]">&gt;&gt;</a>&nbsp;&nbsp;&nbsp;dfu_hw_aes_decrypt_image
</UL>

<P><STRONG><a name="[21e]"></a>ftl_load</STRONG> (Thumb, 0 bytes, Stack size 0 bytes, ROM.lib(ABSOLUTE))
<BR><BR>[Called By]<UL><LI><a href="#[16d]">&gt;&gt;</a>&nbsp;&nbsp;&nbsp;mp_test_load_fp_mac_addr
<LI><a href="#[16a]">&gt;&gt;</a>&nbsp;&nbsp;&nbsp;mp_test_init_data
</UL>

<P><STRONG><a name="[21d]"></a>ftl_save</STRONG> (Thumb, 0 bytes, Stack size 0 bytes, ROM.lib(ABSOLUTE))
<BR><BR>[Called By]<UL><LI><a href="#[178]">&gt;&gt;</a>&nbsp;&nbsp;&nbsp;mp_test_disable_test_mode_flag
<LI><a href="#[211]">&gt;&gt;</a>&nbsp;&nbsp;&nbsp;mp_test_set_fast_pair_info
<LI><a href="#[213]">&gt;&gt;</a>&nbsp;&nbsp;&nbsp;mp_test_enable_test_mode_flag
</UL>

<P><STRONG><a name="[d6]"></a>ftl_init</STRONG> (Thumb, 0 bytes, Stack size 0 bytes, ROM.lib(ABSOLUTE))
<BR><BR>[Called By]<UL><LI><a href="#[8]">&gt;&gt;</a>&nbsp;&nbsp;&nbsp;common_main
</UL>

<P><STRONG><a name="[d5]"></a>flash_get_bank_addr</STRONG> (Thumb, 0 bytes, Stack size 0 bytes, ROM.lib(ABSOLUTE))
<BR><BR>[Called By]<UL><LI><a href="#[8]">&gt;&gt;</a>&nbsp;&nbsp;&nbsp;common_main
<LI><a href="#[2d]">&gt;&gt;</a>&nbsp;&nbsp;&nbsp;ota_attr_read_cb
<LI><a href="#[132]">&gt;&gt;</a>&nbsp;&nbsp;&nbsp;get_ota_active_bank_image_info
<LI><a href="#[13c]">&gt;&gt;</a>&nbsp;&nbsp;&nbsp;dfu_update
<LI><a href="#[14c]">&gt;&gt;</a>&nbsp;&nbsp;&nbsp;dfu_report_target_ic_type
<LI><a href="#[149]">&gt;&gt;</a>&nbsp;&nbsp;&nbsp;dfu_report_target_fw_info
<LI><a href="#[13d]">&gt;&gt;</a>&nbsp;&nbsp;&nbsp;dfu_flash_erase_sector_with_retry
<LI><a href="#[140]">&gt;&gt;</a>&nbsp;&nbsp;&nbsp;dfu_check_checksum
<LI><a href="#[141]">&gt;&gt;</a>&nbsp;&nbsp;&nbsp;dfu_service_handle_active_image
<LI><a href="#[1dc]">&gt;&gt;</a>&nbsp;&nbsp;&nbsp;dfu_flash_check_blank
</UL>

<P><STRONG><a name="[d3]"></a>flash_get_bank_size</STRONG> (Thumb, 0 bytes, Stack size 0 bytes, ROM.lib(ABSOLUTE))
<BR><BR>[Called By]<UL><LI><a href="#[8]">&gt;&gt;</a>&nbsp;&nbsp;&nbsp;common_main
<LI><a href="#[2d]">&gt;&gt;</a>&nbsp;&nbsp;&nbsp;ota_attr_read_cb
<LI><a href="#[1dd]">&gt;&gt;</a>&nbsp;&nbsp;&nbsp;check_dfu_update_image_length
</UL>

<P><STRONG><a name="[147]"></a>flash_erase_locked</STRONG> (Thumb, 0 bytes, Stack size 0 bytes, ROM.lib(ABSOLUTE))
<BR><BR>[Called By]<UL><LI><a href="#[144]">&gt;&gt;</a>&nbsp;&nbsp;&nbsp;dfu_service_handle_control_point_req
<LI><a href="#[1de]">&gt;&gt;</a>&nbsp;&nbsp;&nbsp;flash_erase_block
<LI><a href="#[1db]">&gt;&gt;</a>&nbsp;&nbsp;&nbsp;flash_erase_sector
</UL>

<P><STRONG><a name="[1d1]"></a>flash_write_locked</STRONG> (Thumb, 0 bytes, Stack size 0 bytes, ROM.lib(ABSOLUTE))
<BR><BR>[Called By]<UL><LI><a href="#[1d0]">&gt;&gt;</a>&nbsp;&nbsp;&nbsp;dfu_write
</UL>

<P><STRONG><a name="[1cf]"></a>flash_auto_write_locked</STRONG> (Thumb, 0 bytes, Stack size 0 bytes, ROM.lib(ABSOLUTE), UNUSED)
<BR><BR>[Called By]<UL><LI><a href="#[1cd]">&gt;&gt;</a>&nbsp;&nbsp;&nbsp;dfu_set_compressed_ready
</UL>

<P><STRONG><a name="[2d0]"></a>flash_read_locked</STRONG> (Thumb, 0 bytes, Stack size 0 bytes, ROM.lib(ABSOLUTE))
<BR><BR>[Called By]<UL><LI><a href="#[20a]">&gt;&gt;</a>&nbsp;&nbsp;&nbsp;ADC_CalibrationInit
</UL>

<P><STRONG><a name="[1ce]"></a>flash_auto_read_locked</STRONG> (Thumb, 0 bytes, Stack size 0 bytes, ROM.lib(ABSOLUTE))
<BR><BR>[Called By]<UL><LI><a href="#[1cd]">&gt;&gt;</a>&nbsp;&nbsp;&nbsp;dfu_set_compressed_ready
<LI><a href="#[1dc]">&gt;&gt;</a>&nbsp;&nbsp;&nbsp;dfu_flash_check_blank
</UL>

<P><STRONG><a name="[1d2]"></a>flash_split_read_locked</STRONG> (Thumb, 0 bytes, Stack size 0 bytes, ROM.lib(ABSOLUTE))
<BR><BR>[Called By]<UL><LI><a href="#[1d0]">&gt;&gt;</a>&nbsp;&nbsp;&nbsp;dfu_write
</UL>

<P><STRONG><a name="[164]"></a>flash_try_high_speed</STRONG> (Thumb, 0 bytes, Stack size 0 bytes, ROM.lib(ABSOLUTE))
<BR><BR>[Called By]<UL><LI><a href="#[b0]">&gt;&gt;</a>&nbsp;&nbsp;&nbsp;main
</UL>

<P><STRONG><a name="[1da]"></a>flash_set_block_protect_locked</STRONG> (Thumb, 0 bytes, Stack size 0 bytes, ROM.lib(ABSOLUTE))
<BR><BR>[Called By]<UL><LI><a href="#[1d9]">&gt;&gt;</a>&nbsp;&nbsp;&nbsp;lock_flash_bp
</UL>

<P><STRONG><a name="[1d8]"></a>flash_sw_protect_unlock_by_addr_locked</STRONG> (Thumb, 0 bytes, Stack size 0 bytes, ROM.lib(ABSOLUTE))
<BR><BR>[Called By]<UL><LI><a href="#[146]">&gt;&gt;</a>&nbsp;&nbsp;&nbsp;unlock_flash_bp_all
</UL>

<P><STRONG><a name="[212]"></a>set_hci_mode_flag</STRONG> (Thumb, 0 bytes, Stack size 0 bytes, ROM.lib(ABSOLUTE))
<BR><BR>[Called By]<UL><LI><a href="#[221]">&gt;&gt;</a>&nbsp;&nbsp;&nbsp;switch_to_hci_mode
<LI><a href="#[3c]">&gt;&gt;</a>&nbsp;&nbsp;&nbsp;uart_test_enter_hci_mode
</UL>

<P><STRONG><a name="[c6]"></a>check_hci_mode_flag</STRONG> (Thumb, 0 bytes, Stack size 0 bytes, ROM.lib(ABSOLUTE))
<BR><BR>[Called By]<UL><LI><a href="#[6]">&gt;&gt;</a>&nbsp;&nbsp;&nbsp;SystemInit
</UL>

<P><STRONG><a name="[1e0]"></a>check_image_chksum</STRONG> (Thumb, 0 bytes, Stack size 0 bytes, ROM.lib(ABSOLUTE))
<BR><BR>[Called By]<UL><LI><a href="#[140]">&gt;&gt;</a>&nbsp;&nbsp;&nbsp;dfu_check_checksum
</UL>

<P><STRONG><a name="[b8]"></a>check_header_valid</STRONG> (Thumb, 0 bytes, Stack size 0 bytes, ROM.lib(ABSOLUTE))
<BR><BR>[Called By]<UL><LI><a href="#[b6]">&gt;&gt;</a>&nbsp;&nbsp;&nbsp;get_image_entry_addr
</UL>

<P><STRONG><a name="[b9]"></a>get_header_addr_by_img_id</STRONG> (Thumb, 0 bytes, Stack size 0 bytes, ROM.lib(ABSOLUTE))
<BR><BR>[Called By]<UL><LI><a href="#[b6]">&gt;&gt;</a>&nbsp;&nbsp;&nbsp;get_image_entry_addr
<LI><a href="#[2d]">&gt;&gt;</a>&nbsp;&nbsp;&nbsp;ota_attr_read_cb
<LI><a href="#[14c]">&gt;&gt;</a>&nbsp;&nbsp;&nbsp;dfu_report_target_ic_type
<LI><a href="#[149]">&gt;&gt;</a>&nbsp;&nbsp;&nbsp;dfu_report_target_fw_info
<LI><a href="#[31]">&gt;&gt;</a>&nbsp;&nbsp;&nbsp;uart_test_read_patch_version
</UL>

<P><STRONG><a name="[134]"></a>get_active_bank_image_size_by_img_id</STRONG> (Thumb, 0 bytes, Stack size 0 bytes, ROM.lib(ABSOLUTE))
<BR><BR>[Called By]<UL><LI><a href="#[132]">&gt;&gt;</a>&nbsp;&nbsp;&nbsp;get_ota_active_bank_image_info
</UL>

<P><STRONG><a name="[133]"></a>is_ota_support_bank_switch</STRONG> (Thumb, 0 bytes, Stack size 0 bytes, ROM.lib(ABSOLUTE))
<BR><BR>[Called By]<UL><LI><a href="#[2d]">&gt;&gt;</a>&nbsp;&nbsp;&nbsp;ota_attr_read_cb
<LI><a href="#[132]">&gt;&gt;</a>&nbsp;&nbsp;&nbsp;get_ota_active_bank_image_info
<LI><a href="#[140]">&gt;&gt;</a>&nbsp;&nbsp;&nbsp;dfu_check_checksum
<LI><a href="#[144]">&gt;&gt;</a>&nbsp;&nbsp;&nbsp;dfu_service_handle_control_point_req
<LI><a href="#[141]">&gt;&gt;</a>&nbsp;&nbsp;&nbsp;dfu_service_handle_active_image
<LI><a href="#[13f]">&gt;&gt;</a>&nbsp;&nbsp;&nbsp;dfu_service_handle_valid_fw
</UL>

<P><STRONG><a name="[142]"></a>get_temp_ota_bank_addr_by_img_id</STRONG> (Thumb, 0 bytes, Stack size 0 bytes, ROM.lib(ABSOLUTE))
<BR><BR>[Called By]<UL><LI><a href="#[13c]">&gt;&gt;</a>&nbsp;&nbsp;&nbsp;dfu_update
<LI><a href="#[13d]">&gt;&gt;</a>&nbsp;&nbsp;&nbsp;dfu_flash_erase_sector_with_retry
<LI><a href="#[140]">&gt;&gt;</a>&nbsp;&nbsp;&nbsp;dfu_check_checksum
<LI><a href="#[144]">&gt;&gt;</a>&nbsp;&nbsp;&nbsp;dfu_service_handle_control_point_req
<LI><a href="#[141]">&gt;&gt;</a>&nbsp;&nbsp;&nbsp;dfu_service_handle_active_image
<LI><a href="#[1dc]">&gt;&gt;</a>&nbsp;&nbsp;&nbsp;dfu_flash_check_blank
</UL>

<P><STRONG><a name="[1e1]"></a>get_temp_ota_bank_size_by_img_id</STRONG> (Thumb, 0 bytes, Stack size 0 bytes, ROM.lib(ABSOLUTE))
<BR><BR>[Called By]<UL><LI><a href="#[1dd]">&gt;&gt;</a>&nbsp;&nbsp;&nbsp;check_dfu_update_image_length
</UL>

<P><STRONG><a name="[137]"></a>get_active_bank_image_version</STRONG> (Thumb, 0 bytes, Stack size 0 bytes, ROM.lib(ABSOLUTE))
<BR><BR>[Called By]<UL><LI><a href="#[2d]">&gt;&gt;</a>&nbsp;&nbsp;&nbsp;ota_attr_read_cb
</UL>

<P><STRONG><a name="[cd]"></a>platform_random</STRONG> (Thumb, 0 bytes, Stack size 0 bytes, ROM.lib(ABSOLUTE))
<BR><BR>[Called By]<UL><LI><a href="#[cc]">&gt;&gt;</a>&nbsp;&nbsp;&nbsp;random_seed_init
</UL>

<P><STRONG><a name="[e6]"></a>power_manager_suspend_all</STRONG> (Thumb, 0 bytes, Stack size 0 bytes, ROM.lib(ABSOLUTE), UNUSED)
<BR><BR>[Called By]<UL><LI><a href="#[e5]">&gt;&gt;</a>&nbsp;&nbsp;&nbsp;set_boot_active_time
</UL>

<P><STRONG><a name="[e2]"></a>power_manager_resume_all</STRONG> (Thumb, 0 bytes, Stack size 0 bytes, ROM.lib(ABSOLUTE))
<BR><BR>[Called By]<UL><LI><a href="#[a]">&gt;&gt;</a>&nbsp;&nbsp;&nbsp;set_active_timer_callback
</UL>

<P><STRONG><a name="[15c]"></a>platform_pm_set_power_mode</STRONG> (Thumb, 0 bytes, Stack size 0 bytes, ROM.lib(ABSOLUTE))
<BR><BR>[Called By]<UL><LI><a href="#[15]">&gt;&gt;</a>&nbsp;&nbsp;&nbsp;enter_dss_timer_cb
<LI><a href="#[14f]">&gt;&gt;</a>&nbsp;&nbsp;&nbsp;app_normal_power_on_seq
</UL>

<P><STRONG><a name="[333]"></a>platform_pm_get_power_mode</STRONG> (Thumb, 0 bytes, Stack size 0 bytes, ROM.lib(ABSOLUTE))
<BR><BR>[Called By]<UL><LI><a href="#[7a]">&gt;&gt;</a>&nbsp;&nbsp;&nbsp;DLPS_IO_EnterDlpsCb
</UL>

<P><STRONG><a name="[159]"></a>platform_pm_register_callback_func</STRONG> (Thumb, 0 bytes, Stack size 0 bytes, ROM.lib(ABSOLUTE))
<BR><BR>[Called By]<UL><LI><a href="#[15a]">&gt;&gt;</a>&nbsp;&nbsp;&nbsp;DLPS_IORegister
<LI><a href="#[14f]">&gt;&gt;</a>&nbsp;&nbsp;&nbsp;app_normal_power_on_seq
</UL>

<P><STRONG><a name="[342]"></a>platform_pm_stop_all_non_excluded_timer</STRONG> (Thumb, 0 bytes, Stack size 0 bytes, ROM.lib(ABSOLUTE))
<BR><BR>[Called By]<UL><LI><a href="#[15]">&gt;&gt;</a>&nbsp;&nbsp;&nbsp;enter_dss_timer_cb
</UL>

<P><STRONG><a name="[1d6]"></a>hw_aes_init</STRONG> (Thumb, 0 bytes, Stack size 0 bytes, ROM.lib(ABSOLUTE))
<BR><BR>[Called By]<UL><LI><a href="#[13b]">&gt;&gt;</a>&nbsp;&nbsp;&nbsp;dfu_hw_aes_decrypt_image
</UL>

<P><STRONG><a name="[c7]"></a>Pinmux_Deinit_rom</STRONG> (Thumb, 0 bytes, Stack size 0 bytes, ROM.lib(ABSOLUTE))
<BR><BR>[Called By]<UL><LI><a href="#[6]">&gt;&gt;</a>&nbsp;&nbsp;&nbsp;SystemInit
</UL>

<P><STRONG><a name="[be]"></a>WDG_ClockEnable</STRONG> (Thumb, 0 bytes, Stack size 0 bytes, ROM.lib(ABSOLUTE))
<BR><BR>[Called By]<UL><LI><a href="#[ba]">&gt;&gt;</a>&nbsp;&nbsp;&nbsp;print_reset_reason
</UL>

<P><STRONG><a name="[bf]"></a>WDG_Config</STRONG> (Thumb, 0 bytes, Stack size 0 bytes, ROM.lib(ABSOLUTE))
<BR><BR>[Called By]<UL><LI><a href="#[ba]">&gt;&gt;</a>&nbsp;&nbsp;&nbsp;print_reset_reason
<LI><a href="#[144]">&gt;&gt;</a>&nbsp;&nbsp;&nbsp;dfu_service_handle_control_point_req
</UL>

<P><STRONG><a name="[c0]"></a>WDG_Enable</STRONG> (Thumb, 0 bytes, Stack size 0 bytes, ROM.lib(ABSOLUTE))
<BR><BR>[Called By]<UL><LI><a href="#[ba]">&gt;&gt;</a>&nbsp;&nbsp;&nbsp;print_reset_reason
</UL>

<P><STRONG><a name="[c1]"></a>WDG_Disable</STRONG> (Thumb, 0 bytes, Stack size 0 bytes, ROM.lib(ABSOLUTE))
<BR><BR>[Called By]<UL><LI><a href="#[8]">&gt;&gt;</a>&nbsp;&nbsp;&nbsp;common_main
<LI><a href="#[ba]">&gt;&gt;</a>&nbsp;&nbsp;&nbsp;print_reset_reason
</UL>

<P><STRONG><a name="[341]"></a>WDG_Restart</STRONG> (Thumb, 0 bytes, Stack size 0 bytes, ROM.lib(ABSOLUTE))
<BR><BR>[Called By]<UL><LI><a href="#[340]">&gt;&gt;</a>&nbsp;&nbsp;&nbsp;app_handle_io_msg
</UL>

<P><STRONG><a name="[bc]"></a>reset_reason_get</STRONG> (Thumb, 0 bytes, Stack size 0 bytes, ROM.lib(ABSOLUTE))
<BR><BR>[Called By]<UL><LI><a href="#[ba]">&gt;&gt;</a>&nbsp;&nbsp;&nbsp;print_reset_reason
<LI><a href="#[180]">&gt;&gt;</a>&nbsp;&nbsp;&nbsp;periph_handle_dev_state_evt
<LI><a href="#[b0]">&gt;&gt;</a>&nbsp;&nbsp;&nbsp;main
</UL>

<P><STRONG><a name="[da]"></a>os_mem_alloc_intern</STRONG> (Thumb, 0 bytes, Stack size 0 bytes, ROM.lib(ABSOLUTE))
<BR><BR>[Called By]<UL><LI><a href="#[dd]">&gt;&gt;</a>&nbsp;&nbsp;&nbsp;realloc
<LI><a href="#[d9]">&gt;&gt;</a>&nbsp;&nbsp;&nbsp;malloc
<LI><a href="#[1cb]">&gt;&gt;</a>&nbsp;&nbsp;&nbsp;loop_queue_init
<LI><a href="#[211]">&gt;&gt;</a>&nbsp;&nbsp;&nbsp;mp_test_set_fast_pair_info
</UL>

<P><STRONG><a name="[dc]"></a>os_mem_zalloc_intern</STRONG> (Thumb, 0 bytes, Stack size 0 bytes, ROM.lib(ABSOLUTE))
<BR><BR>[Called By]<UL><LI><a href="#[db]">&gt;&gt;</a>&nbsp;&nbsp;&nbsp;calloc
<LI><a href="#[19f]">&gt;&gt;</a>&nbsp;&nbsp;&nbsp;privacy_init
</UL>

<P><STRONG><a name="[df]"></a>os_mem_free</STRONG> (Thumb, 0 bytes, Stack size 0 bytes, ROM.lib(ABSOLUTE))
<BR><BR>[Called By]<UL><LI><a href="#[e1]">&gt;&gt;</a>&nbsp;&nbsp;&nbsp;free
<LI><a href="#[dd]">&gt;&gt;</a>&nbsp;&nbsp;&nbsp;realloc
<LI><a href="#[1cc]">&gt;&gt;</a>&nbsp;&nbsp;&nbsp;loop_queue_deinit
<LI><a href="#[1cb]">&gt;&gt;</a>&nbsp;&nbsp;&nbsp;loop_queue_init
<LI><a href="#[211]">&gt;&gt;</a>&nbsp;&nbsp;&nbsp;mp_test_set_fast_pair_info
</UL>

<P><STRONG><a name="[16b]"></a>os_mem_peek</STRONG> (Thumb, 0 bytes, Stack size 0 bytes, ROM.lib(ABSOLUTE))
<BR><BR>[Called By]<UL><LI><a href="#[180]">&gt;&gt;</a>&nbsp;&nbsp;&nbsp;periph_handle_dev_state_evt
<LI><a href="#[b0]">&gt;&gt;</a>&nbsp;&nbsp;&nbsp;main
</UL>

<P><STRONG><a name="[343]"></a>os_msg_queue_create_intern</STRONG> (Thumb, 0 bytes, Stack size 0 bytes, ROM.lib(ABSOLUTE))
<BR><BR>[Called By]<UL><LI><a href="#[16]">&gt;&gt;</a>&nbsp;&nbsp;&nbsp;app_main_task
</UL>

<P><STRONG><a name="[345]"></a>os_msg_send_intern</STRONG> (Thumb, 0 bytes, Stack size 0 bytes, ROM.lib(ABSOLUTE))
<BR><BR>[Called By]<UL><LI><a href="#[17e]">&gt;&gt;</a>&nbsp;&nbsp;&nbsp;app_send_msg_to_apptask
</UL>

<P><STRONG><a name="[344]"></a>os_msg_recv_intern</STRONG> (Thumb, 0 bytes, Stack size 0 bytes, ROM.lib(ABSOLUTE))
<BR><BR>[Called By]<UL><LI><a href="#[16]">&gt;&gt;</a>&nbsp;&nbsp;&nbsp;app_main_task
</UL>

<P><STRONG><a name="[d8]"></a>os_sched_start</STRONG> (Thumb, 0 bytes, Stack size 0 bytes, ROM.lib(ABSOLUTE))
<BR><BR>[Called By]<UL><LI><a href="#[8]">&gt;&gt;</a>&nbsp;&nbsp;&nbsp;common_main
<LI><a href="#[b0]">&gt;&gt;</a>&nbsp;&nbsp;&nbsp;main
</UL>

<P><STRONG><a name="[de]"></a>os_sched_suspend</STRONG> (Thumb, 0 bytes, Stack size 0 bytes, ROM.lib(ABSOLUTE), UNUSED)
<BR><BR>[Called By]<UL><LI><a href="#[dd]">&gt;&gt;</a>&nbsp;&nbsp;&nbsp;realloc
</UL>

<P><STRONG><a name="[e0]"></a>os_sched_resume</STRONG> (Thumb, 0 bytes, Stack size 0 bytes, ROM.lib(ABSOLUTE), UNUSED)
<BR><BR>[Called By]<UL><LI><a href="#[dd]">&gt;&gt;</a>&nbsp;&nbsp;&nbsp;realloc
</UL>

<P><STRONG><a name="[d0]"></a>os_lock</STRONG> (Thumb, 0 bytes, Stack size 0 bytes, ROM.lib(ABSOLUTE))
<BR><BR>[Called By]<UL><LI><a href="#[c9]">&gt;&gt;</a>&nbsp;&nbsp;&nbsp;log_direct_app
<LI><a href="#[349]">&gt;&gt;</a>&nbsp;&nbsp;&nbsp;loop_queue_copy_buf
<LI><a href="#[22b]">&gt;&gt;</a>&nbsp;&nbsp;&nbsp;loop_queue_read_buf
<LI><a href="#[348]">&gt;&gt;</a>&nbsp;&nbsp;&nbsp;loop_queue_write_buf
</UL>

<P><STRONG><a name="[d1]"></a>os_unlock</STRONG> (Thumb, 0 bytes, Stack size 0 bytes, ROM.lib(ABSOLUTE))
<BR><BR>[Called By]<UL><LI><a href="#[c9]">&gt;&gt;</a>&nbsp;&nbsp;&nbsp;log_direct_app
<LI><a href="#[349]">&gt;&gt;</a>&nbsp;&nbsp;&nbsp;loop_queue_copy_buf
<LI><a href="#[22b]">&gt;&gt;</a>&nbsp;&nbsp;&nbsp;loop_queue_read_buf
<LI><a href="#[348]">&gt;&gt;</a>&nbsp;&nbsp;&nbsp;loop_queue_write_buf
</UL>

<P><STRONG><a name="[1aa]"></a>os_task_create</STRONG> (Thumb, 0 bytes, Stack size 0 bytes, ROM.lib(ABSOLUTE))
<BR><BR>[Called By]<UL><LI><a href="#[15e]">&gt;&gt;</a>&nbsp;&nbsp;&nbsp;app_task_init
</UL>

<P><STRONG><a name="[e7]"></a>os_timer_create</STRONG> (Thumb, 0 bytes, Stack size 0 bytes, ROM.lib(ABSOLUTE))
<BR><BR>[Called By]<UL><LI><a href="#[e5]">&gt;&gt;</a>&nbsp;&nbsp;&nbsp;set_boot_active_time
<LI><a href="#[1a8]">&gt;&gt;</a>&nbsp;&nbsp;&nbsp;keyscan_init_timer
<LI><a href="#[1a9]">&gt;&gt;</a>&nbsp;&nbsp;&nbsp;key_handle_init_timer
<LI><a href="#[15d]">&gt;&gt;</a>&nbsp;&nbsp;&nbsp;sw_timer_init
<LI><a href="#[152]">&gt;&gt;</a>&nbsp;&nbsp;&nbsp;led_module_init
</UL>

<P><STRONG><a name="[e8]"></a>os_timer_start</STRONG> (Thumb, 0 bytes, Stack size 0 bytes, ROM.lib(ABSOLUTE), UNUSED)
<BR><BR>[Called By]<UL><LI><a href="#[e5]">&gt;&gt;</a>&nbsp;&nbsp;&nbsp;set_boot_active_time
</UL>

<P><STRONG><a name="[186]"></a>os_timer_restart</STRONG> (Thumb, 0 bytes, Stack size 0 bytes, ROM.lib(ABSOLUTE))
<BR><BR>[Called By]<UL><LI><a href="#[15]">&gt;&gt;</a>&nbsp;&nbsp;&nbsp;enter_dss_timer_cb
<LI><a href="#[1a7]">&gt;&gt;</a>&nbsp;&nbsp;&nbsp;rcu_update_conn_params
<LI><a href="#[171]">&gt;&gt;</a>&nbsp;&nbsp;&nbsp;rcu_start_adv
<LI><a href="#[182]">&gt;&gt;</a>&nbsp;&nbsp;&nbsp;led_blink_start
<LI><a href="#[340]">&gt;&gt;</a>&nbsp;&nbsp;&nbsp;app_handle_io_msg
<LI><a href="#[18f]">&gt;&gt;</a>&nbsp;&nbsp;&nbsp;periph_conn_param_update_evt
<LI><a href="#[18c]">&gt;&gt;</a>&nbsp;&nbsp;&nbsp;periph_handle_authen_state_evt
<LI><a href="#[188]">&gt;&gt;</a>&nbsp;&nbsp;&nbsp;periph_handle_conn_state_evt
<LI><a href="#[180]">&gt;&gt;</a>&nbsp;&nbsp;&nbsp;periph_handle_dev_state_evt
<LI><a href="#[15d]">&gt;&gt;</a>&nbsp;&nbsp;&nbsp;sw_timer_init
<LI><a href="#[1c]">&gt;&gt;</a>&nbsp;&nbsp;&nbsp;led_ctrl_timer_cb
<LI><a href="#[19]">&gt;&gt;</a>&nbsp;&nbsp;&nbsp;key_handle_comb_keys_timer_cb
<LI><a href="#[74]">&gt;&gt;</a>&nbsp;&nbsp;&nbsp;Keyscan_Handler
</UL>

<P><STRONG><a name="[e3]"></a>os_timer_stop</STRONG> (Thumb, 0 bytes, Stack size 0 bytes, ROM.lib(ABSOLUTE))
<BR><BR>[Called By]<UL><LI><a href="#[a]">&gt;&gt;</a>&nbsp;&nbsp;&nbsp;set_active_timer_callback
<LI><a href="#[187]">&gt;&gt;</a>&nbsp;&nbsp;&nbsp;led_blink_exit
<LI><a href="#[1f1]">&gt;&gt;</a>&nbsp;&nbsp;&nbsp;key_handle_release_event
<LI><a href="#[340]">&gt;&gt;</a>&nbsp;&nbsp;&nbsp;app_handle_io_msg
<LI><a href="#[18c]">&gt;&gt;</a>&nbsp;&nbsp;&nbsp;periph_handle_authen_state_evt
<LI><a href="#[188]">&gt;&gt;</a>&nbsp;&nbsp;&nbsp;periph_handle_conn_state_evt
<LI><a href="#[180]">&gt;&gt;</a>&nbsp;&nbsp;&nbsp;periph_handle_dev_state_evt
<LI><a href="#[1c]">&gt;&gt;</a>&nbsp;&nbsp;&nbsp;led_ctrl_timer_cb
<LI><a href="#[1ed]">&gt;&gt;</a>&nbsp;&nbsp;&nbsp;key_handle_one_key_scenario
<LI><a href="#[19]">&gt;&gt;</a>&nbsp;&nbsp;&nbsp;key_handle_comb_keys_timer_cb
<LI><a href="#[1e3]">&gt;&gt;</a>&nbsp;&nbsp;&nbsp;keyscan_long_press_handler
<LI><a href="#[74]">&gt;&gt;</a>&nbsp;&nbsp;&nbsp;Keyscan_Handler
</UL>

<P><STRONG><a name="[e4]"></a>os_timer_delete</STRONG> (Thumb, 0 bytes, Stack size 0 bytes, ROM.lib(ABSOLUTE))
<BR><BR>[Called By]<UL><LI><a href="#[a]">&gt;&gt;</a>&nbsp;&nbsp;&nbsp;set_active_timer_callback
</UL>

<P><STRONG><a name="[1f5]"></a>os_timer_state_get</STRONG> (Thumb, 0 bytes, Stack size 0 bytes, ROM.lib(ABSOLUTE))
<BR><BR>[Called By]<UL><LI><a href="#[182]">&gt;&gt;</a>&nbsp;&nbsp;&nbsp;led_blink_start
</UL>

<P><STRONG><a name="[bb]"></a>btaon_fast_read_safe</STRONG> (Thumb, 0 bytes, Stack size 0 bytes, ROM.lib(ABSOLUTE))
<BR><BR>[Called By]<UL><LI><a href="#[fd]">&gt;&gt;</a>&nbsp;&nbsp;&nbsp;Pad_Config
<LI><a href="#[7a]">&gt;&gt;</a>&nbsp;&nbsp;&nbsp;DLPS_IO_EnterDlpsCb
<LI><a href="#[ca]">&gt;&gt;</a>&nbsp;&nbsp;&nbsp;bt_stack_config_init
<LI><a href="#[ba]">&gt;&gt;</a>&nbsp;&nbsp;&nbsp;print_reset_reason
<LI><a href="#[11c]">&gt;&gt;</a>&nbsp;&nbsp;&nbsp;LPC_Cmd
<LI><a href="#[11b]">&gt;&gt;</a>&nbsp;&nbsp;&nbsp;LPC_Init
<LI><a href="#[119]">&gt;&gt;</a>&nbsp;&nbsp;&nbsp;LPC_DeInit
<LI><a href="#[118]">&gt;&gt;</a>&nbsp;&nbsp;&nbsp;ADC_BypassCmd
<LI><a href="#[117]">&gt;&gt;</a>&nbsp;&nbsp;&nbsp;ADC_Cmd
<LI><a href="#[116]">&gt;&gt;</a>&nbsp;&nbsp;&nbsp;ADC_Init
<LI><a href="#[110]">&gt;&gt;</a>&nbsp;&nbsp;&nbsp;Pad_ClearAllWakeupINT
<LI><a href="#[10f]">&gt;&gt;</a>&nbsp;&nbsp;&nbsp;Pad_ClearWakeupINTPendingBit
<LI><a href="#[10e]">&gt;&gt;</a>&nbsp;&nbsp;&nbsp;Pad_ControlSelectValue
<LI><a href="#[10d]">&gt;&gt;</a>&nbsp;&nbsp;&nbsp;Pad_PowerOrShutDownValue
<LI><a href="#[10c]">&gt;&gt;</a>&nbsp;&nbsp;&nbsp;Pad_PullConfigValue
<LI><a href="#[10b]">&gt;&gt;</a>&nbsp;&nbsp;&nbsp;Pad_PullUpOrDownValue
<LI><a href="#[10a]">&gt;&gt;</a>&nbsp;&nbsp;&nbsp;Pad_PullEnableValue
<LI><a href="#[109]">&gt;&gt;</a>&nbsp;&nbsp;&nbsp;Pad_OutputEnableValue
<LI><a href="#[108]">&gt;&gt;</a>&nbsp;&nbsp;&nbsp;Pad_OutputControlValue
<LI><a href="#[106]">&gt;&gt;</a>&nbsp;&nbsp;&nbsp;Pad_WakeupInterruptValue
<LI><a href="#[105]">&gt;&gt;</a>&nbsp;&nbsp;&nbsp;System_WakeUpPinEnable
<LI><a href="#[102]">&gt;&gt;</a>&nbsp;&nbsp;&nbsp;Pad_DebounceWakeupStatus
<LI><a href="#[101]">&gt;&gt;</a>&nbsp;&nbsp;&nbsp;Pad_WakeupPolarityValue
<LI><a href="#[100]">&gt;&gt;</a>&nbsp;&nbsp;&nbsp;Pad_WKDebounceConfig
<LI><a href="#[ff]">&gt;&gt;</a>&nbsp;&nbsp;&nbsp;Pad_WakeupEnableValue
<LI><a href="#[b0]">&gt;&gt;</a>&nbsp;&nbsp;&nbsp;main
<LI><a href="#[1d3]">&gt;&gt;</a>&nbsp;&nbsp;&nbsp;dfu_set_ota_mode_flag
<LI><a href="#[21c]">&gt;&gt;</a>&nbsp;&nbsp;&nbsp;switch_to_test_mode
<LI><a href="#[20f]">&gt;&gt;</a>&nbsp;&nbsp;&nbsp;switch_to_test_mode
</UL>

<P><STRONG><a name="[fe]"></a>btaon_fast_write_safe</STRONG> (Thumb, 0 bytes, Stack size 0 bytes, ROM.lib(ABSOLUTE))
<BR><BR>[Called By]<UL><LI><a href="#[fd]">&gt;&gt;</a>&nbsp;&nbsp;&nbsp;Pad_Config
<LI><a href="#[7a]">&gt;&gt;</a>&nbsp;&nbsp;&nbsp;DLPS_IO_EnterDlpsCb
<LI><a href="#[11c]">&gt;&gt;</a>&nbsp;&nbsp;&nbsp;LPC_Cmd
<LI><a href="#[11b]">&gt;&gt;</a>&nbsp;&nbsp;&nbsp;LPC_Init
<LI><a href="#[119]">&gt;&gt;</a>&nbsp;&nbsp;&nbsp;LPC_DeInit
<LI><a href="#[118]">&gt;&gt;</a>&nbsp;&nbsp;&nbsp;ADC_BypassCmd
<LI><a href="#[117]">&gt;&gt;</a>&nbsp;&nbsp;&nbsp;ADC_Cmd
<LI><a href="#[116]">&gt;&gt;</a>&nbsp;&nbsp;&nbsp;ADC_Init
<LI><a href="#[110]">&gt;&gt;</a>&nbsp;&nbsp;&nbsp;Pad_ClearAllWakeupINT
<LI><a href="#[10f]">&gt;&gt;</a>&nbsp;&nbsp;&nbsp;Pad_ClearWakeupINTPendingBit
<LI><a href="#[10e]">&gt;&gt;</a>&nbsp;&nbsp;&nbsp;Pad_ControlSelectValue
<LI><a href="#[10d]">&gt;&gt;</a>&nbsp;&nbsp;&nbsp;Pad_PowerOrShutDownValue
<LI><a href="#[10c]">&gt;&gt;</a>&nbsp;&nbsp;&nbsp;Pad_PullConfigValue
<LI><a href="#[10b]">&gt;&gt;</a>&nbsp;&nbsp;&nbsp;Pad_PullUpOrDownValue
<LI><a href="#[10a]">&gt;&gt;</a>&nbsp;&nbsp;&nbsp;Pad_PullEnableValue
<LI><a href="#[109]">&gt;&gt;</a>&nbsp;&nbsp;&nbsp;Pad_OutputEnableValue
<LI><a href="#[108]">&gt;&gt;</a>&nbsp;&nbsp;&nbsp;Pad_OutputControlValue
<LI><a href="#[105]">&gt;&gt;</a>&nbsp;&nbsp;&nbsp;System_WakeUpPinEnable
<LI><a href="#[102]">&gt;&gt;</a>&nbsp;&nbsp;&nbsp;Pad_DebounceWakeupStatus
<LI><a href="#[101]">&gt;&gt;</a>&nbsp;&nbsp;&nbsp;Pad_WakeupPolarityValue
<LI><a href="#[100]">&gt;&gt;</a>&nbsp;&nbsp;&nbsp;Pad_WKDebounceConfig
<LI><a href="#[ff]">&gt;&gt;</a>&nbsp;&nbsp;&nbsp;Pad_WakeupEnableValue
<LI><a href="#[b0]">&gt;&gt;</a>&nbsp;&nbsp;&nbsp;main
<LI><a href="#[1d3]">&gt;&gt;</a>&nbsp;&nbsp;&nbsp;dfu_set_ota_mode_flag
<LI><a href="#[21c]">&gt;&gt;</a>&nbsp;&nbsp;&nbsp;switch_to_test_mode
<LI><a href="#[20f]">&gt;&gt;</a>&nbsp;&nbsp;&nbsp;switch_to_test_mode
</UL>

<P><STRONG><a name="[fc]"></a>btaon_fast_update_safe</STRONG> (Thumb, 0 bytes, Stack size 0 bytes, ROM.lib(ABSOLUTE), UNUSED)
<BR><BR>[Called By]<UL><LI><a href="#[fb]">&gt;&gt;</a>&nbsp;&nbsp;&nbsp;RTC_SelectSrcToGpioInput
</UL>

<P><STRONG><a name="[15b]"></a>btmac_pm_set_power_mode</STRONG> (Thumb, 0 bytes, Stack size 0 bytes, ROM.lib(ABSOLUTE))
<BR><BR>[Called By]<UL><LI><a href="#[15]">&gt;&gt;</a>&nbsp;&nbsp;&nbsp;enter_dss_timer_cb
<LI><a href="#[14f]">&gt;&gt;</a>&nbsp;&nbsp;&nbsp;app_normal_power_on_seq
</UL>

<P><STRONG><a name="[1df]"></a>dfu_set_ready</STRONG> (Thumb, 0 bytes, Stack size 0 bytes, ROM.lib(ABSOLUTE))
<BR><BR>[Called By]<UL><LI><a href="#[143]">&gt;&gt;</a>&nbsp;&nbsp;&nbsp;dfu_set_image_ready
</UL>

<P><STRONG><a name="[c3]"></a>setlocale</STRONG> (Thumb, 0 bytes, Stack size 0 bytes, ROM.lib(ABSOLUTE))
<BR><BR>[Called By]<UL><LI><a href="#[7]">&gt;&gt;</a>&nbsp;&nbsp;&nbsp;pre_main
</UL>

<P><STRONG><a name="[1b2]"></a>memcmp</STRONG> (Thumb, 0 bytes, Stack size 0 bytes, ROM.lib(ABSOLUTE))
<BR><BR>[Called By]<UL><LI><a href="#[c2]">&gt;&gt;</a>&nbsp;&nbsp;&nbsp;load_overlay
<LI><a href="#[1e9]">&gt;&gt;</a>&nbsp;&nbsp;&nbsp;key_handle_notify_hid_usage_buffer
<LI><a href="#[74]">&gt;&gt;</a>&nbsp;&nbsp;&nbsp;Keyscan_Handler
<LI><a href="#[1d0]">&gt;&gt;</a>&nbsp;&nbsp;&nbsp;dfu_write
<LI><a href="#[1ca]">&gt;&gt;</a>&nbsp;&nbsp;&nbsp;get_current_scenario_index
<LI><a href="#[1b0]">&gt;&gt;</a>&nbsp;&nbsp;&nbsp;privacy_modify_resolving_list
</UL>

<P><STRONG><a name="[b3]"></a>__aeabi_memcpy</STRONG> (Thumb, 0 bytes, Stack size 0 bytes, ROM.lib(ABSOLUTE))
<BR><BR>[Called By]<UL><LI><a href="#[c2]">&gt;&gt;</a>&nbsp;&nbsp;&nbsp;load_overlay
<LI><a href="#[dd]">&gt;&gt;</a>&nbsp;&nbsp;&nbsp;realloc
<LI><a href="#[b5]">&gt;&gt;</a>&nbsp;&nbsp;&nbsp;ram_cache_init
<LI><a href="#[b2]">&gt;&gt;</a>&nbsp;&nbsp;&nbsp;ram_init
<LI><a href="#[12f]">&gt;&gt;</a>&nbsp;&nbsp;&nbsp;hids_set_parameter
<LI><a href="#[125]">&gt;&gt;</a>&nbsp;&nbsp;&nbsp;dis_set_parameter
<LI><a href="#[175]">&gt;&gt;</a>&nbsp;&nbsp;&nbsp;app_vendor_srv_cb
<LI><a href="#[16d]">&gt;&gt;</a>&nbsp;&nbsp;&nbsp;mp_test_load_fp_mac_addr
<LI><a href="#[14d]">&gt;&gt;</a>&nbsp;&nbsp;&nbsp;dfu_service_handle_packet_req
<LI><a href="#[349]">&gt;&gt;</a>&nbsp;&nbsp;&nbsp;loop_queue_copy_buf
<LI><a href="#[22b]">&gt;&gt;</a>&nbsp;&nbsp;&nbsp;loop_queue_read_buf
<LI><a href="#[348]">&gt;&gt;</a>&nbsp;&nbsp;&nbsp;loop_queue_write_buf
<LI><a href="#[1b0]">&gt;&gt;</a>&nbsp;&nbsp;&nbsp;privacy_modify_resolving_list
<LI><a href="#[2e0]">&gt;&gt;</a>&nbsp;&nbsp;&nbsp;gap_vendor_set_ant_ctrl
<LI><a href="#[2d4]">&gt;&gt;</a>&nbsp;&nbsp;&nbsp;le_vendor_adv_3_data_set
<LI><a href="#[211]">&gt;&gt;</a>&nbsp;&nbsp;&nbsp;mp_test_set_fast_pair_info
</UL>

<P><STRONG><a name="[b4]"></a>__aeabi_memclr</STRONG> (Thumb, 0 bytes, Stack size 0 bytes, ROM.lib(ABSOLUTE))
<BR><BR>[Called By]<UL><LI><a href="#[c2]">&gt;&gt;</a>&nbsp;&nbsp;&nbsp;load_overlay
<LI><a href="#[b5]">&gt;&gt;</a>&nbsp;&nbsp;&nbsp;ram_cache_init
<LI><a href="#[b2]">&gt;&gt;</a>&nbsp;&nbsp;&nbsp;ram_init
<LI><a href="#[188]">&gt;&gt;</a>&nbsp;&nbsp;&nbsp;periph_handle_conn_state_evt
<LI><a href="#[169]">&gt;&gt;</a>&nbsp;&nbsp;&nbsp;bat_init_data
<LI><a href="#[166]">&gt;&gt;</a>&nbsp;&nbsp;&nbsp;app_init_global_data
<LI><a href="#[1cb]">&gt;&gt;</a>&nbsp;&nbsp;&nbsp;loop_queue_init
<LI><a href="#[1bb]">&gt;&gt;</a>&nbsp;&nbsp;&nbsp;privacy_handle_le_privacy_modify_resolv_list_rsp
<LI><a href="#[1b6]">&gt;&gt;</a>&nbsp;&nbsp;&nbsp;privacy_handle_resolv_list_int
<LI><a href="#[1b0]">&gt;&gt;</a>&nbsp;&nbsp;&nbsp;privacy_modify_resolving_list
</UL>

<P><STRONG><a name="[19c]"></a>__aeabi_memclr4</STRONG> (Thumb, 0 bytes, Stack size 0 bytes, ROM.lib(ABSOLUTE))
<BR><BR>[Called By]<UL><LI><a href="#[172]">&gt;&gt;</a>&nbsp;&nbsp;&nbsp;key_handle_reset_pending_keyscan_fifo_data
<LI><a href="#[157]">&gt;&gt;</a>&nbsp;&nbsp;&nbsp;rcu_le_gap_init
<LI><a href="#[167]">&gt;&gt;</a>&nbsp;&nbsp;&nbsp;keyscan_init_data
<LI><a href="#[168]">&gt;&gt;</a>&nbsp;&nbsp;&nbsp;key_handle_init_data
<LI><a href="#[74]">&gt;&gt;</a>&nbsp;&nbsp;&nbsp;Keyscan_Handler
<LI><a href="#[2db]">&gt;&gt;</a>&nbsp;&nbsp;&nbsp;le_vendor_set_priority
<LI><a href="#[39]">&gt;&gt;</a>&nbsp;&nbsp;&nbsp;uart_test_get_voice_config
</UL>

<P><STRONG><a name="[b1]"></a>exit</STRONG> (Thumb, 0 bytes, Stack size 0 bytes, ROM.lib(ABSOLUTE))
<BR><BR>[Called By]<UL><LI><a href="#[af]">&gt;&gt;</a>&nbsp;&nbsp;&nbsp;__rt_entry_main
</UL>

<P><STRONG><a name="[6b]"></a>GPIO_Group3_Handler</STRONG> (Thumb, 72 bytes, Stack size 8 bytes, system_rtl876x.o(.app.data_ram.text))
<BR><BR>[Stack]<UL><LI>Max Depth = 8<LI>Call Chain = GPIO_Group3_Handler
</UL>
<BR>[Calls]<UL><LI><a href="#[316]">&gt;&gt;</a>&nbsp;&nbsp;&nbsp;GPIO7_Handler
<LI><a href="#[315]">&gt;&gt;</a>&nbsp;&nbsp;&nbsp;GPIO3_Handler
<LI><a href="#[31c]">&gt;&gt;</a>&nbsp;&nbsp;&nbsp;GPIO31_Handler
<LI><a href="#[31b]">&gt;&gt;</a>&nbsp;&nbsp;&nbsp;GPIO27_Handler
<LI><a href="#[31a]">&gt;&gt;</a>&nbsp;&nbsp;&nbsp;GPIO23_Handler
<LI><a href="#[319]">&gt;&gt;</a>&nbsp;&nbsp;&nbsp;GPIO19_Handler
<LI><a href="#[318]">&gt;&gt;</a>&nbsp;&nbsp;&nbsp;GPIO15_Handler
<LI><a href="#[317]">&gt;&gt;</a>&nbsp;&nbsp;&nbsp;GPIO11_Handler
</UL>
<BR>[Address Reference Count : 1]<UL><LI> startup_rtl876x.o(VECTOR)
</UL>
<P><STRONG><a name="[6c]"></a>GPIO_Group2_Handler</STRONG> (Thumb, 72 bytes, Stack size 8 bytes, system_rtl876x.o(.app.data_ram.text))
<BR><BR>[Stack]<UL><LI>Max Depth = 8<LI>Call Chain = GPIO_Group2_Handler
</UL>
<BR>[Calls]<UL><LI><a href="#[31e]">&gt;&gt;</a>&nbsp;&nbsp;&nbsp;GPIO6_Handler
<LI><a href="#[324]">&gt;&gt;</a>&nbsp;&nbsp;&nbsp;GPIO30_Handler
<LI><a href="#[31d]">&gt;&gt;</a>&nbsp;&nbsp;&nbsp;GPIO2_Handler
<LI><a href="#[323]">&gt;&gt;</a>&nbsp;&nbsp;&nbsp;GPIO26_Handler
<LI><a href="#[322]">&gt;&gt;</a>&nbsp;&nbsp;&nbsp;GPIO22_Handler
<LI><a href="#[321]">&gt;&gt;</a>&nbsp;&nbsp;&nbsp;GPIO18_Handler
<LI><a href="#[320]">&gt;&gt;</a>&nbsp;&nbsp;&nbsp;GPIO14_Handler
<LI><a href="#[31f]">&gt;&gt;</a>&nbsp;&nbsp;&nbsp;GPIO10_Handler
</UL>
<BR>[Address Reference Count : 1]<UL><LI> startup_rtl876x.o(VECTOR)
</UL>
<P><STRONG><a name="[6e]"></a>GPIO_Group1_Handler</STRONG> (Thumb, 64 bytes, Stack size 8 bytes, system_rtl876x.o(.app.data_ram.text))
<BR><BR>[Stack]<UL><LI>Max Depth = 8<LI>Call Chain = GPIO_Group1_Handler
</UL>
<BR>[Calls]<UL><LI><a href="#[326]">&gt;&gt;</a>&nbsp;&nbsp;&nbsp;GPIO9_Handler
<LI><a href="#[32b]">&gt;&gt;</a>&nbsp;&nbsp;&nbsp;GPIO29_Handler
<LI><a href="#[32a]">&gt;&gt;</a>&nbsp;&nbsp;&nbsp;GPIO25_Handler
<LI><a href="#[329]">&gt;&gt;</a>&nbsp;&nbsp;&nbsp;GPIO21_Handler
<LI><a href="#[325]">&gt;&gt;</a>&nbsp;&nbsp;&nbsp;GPIO1_Handler
<LI><a href="#[328]">&gt;&gt;</a>&nbsp;&nbsp;&nbsp;GPIO17_Handler
<LI><a href="#[327]">&gt;&gt;</a>&nbsp;&nbsp;&nbsp;GPIO13_Handler
</UL>
<BR>[Address Reference Count : 1]<UL><LI> startup_rtl876x.o(VECTOR)
</UL>
<P><STRONG><a name="[6f]"></a>GPIO_Group0_Handler</STRONG> (Thumb, 64 bytes, Stack size 8 bytes, system_rtl876x.o(.app.data_ram.text))
<BR><BR>[Stack]<UL><LI>Max Depth = 8<LI>Call Chain = GPIO_Group0_Handler
</UL>
<BR>[Calls]<UL><LI><a href="#[32d]">&gt;&gt;</a>&nbsp;&nbsp;&nbsp;GPIO8_Handler
<LI><a href="#[332]">&gt;&gt;</a>&nbsp;&nbsp;&nbsp;GPIO28_Handler
<LI><a href="#[331]">&gt;&gt;</a>&nbsp;&nbsp;&nbsp;GPIO24_Handler
<LI><a href="#[330]">&gt;&gt;</a>&nbsp;&nbsp;&nbsp;GPIO20_Handler
<LI><a href="#[32f]">&gt;&gt;</a>&nbsp;&nbsp;&nbsp;GPIO16_Handler
<LI><a href="#[32e]">&gt;&gt;</a>&nbsp;&nbsp;&nbsp;GPIO12_Handler
<LI><a href="#[32c]">&gt;&gt;</a>&nbsp;&nbsp;&nbsp;GPIO0_Handler
</UL>
<BR>[Address Reference Count : 1]<UL><LI> startup_rtl876x.o(VECTOR)
</UL>
<P><STRONG><a name="[7a]"></a>DLPS_IO_EnterDlpsCb</STRONG> (Thumb, 308 bytes, Stack size 32 bytes, rtl876x_io_dlps.o(.app.data_ram.text))
<BR><BR>[Stack]<UL><LI>Max Depth = 56<LI>Call Chain = DLPS_IO_EnterDlpsCb &rArr; Pad_Config
</UL>
<BR>[Calls]<UL><LI><a href="#[fd]">&gt;&gt;</a>&nbsp;&nbsp;&nbsp;Pad_Config
<LI><a href="#[334]">&gt;&gt;</a>&nbsp;&nbsp;&nbsp;GPIO_DLPS_Enter
<LI><a href="#[335]">&gt;&gt;</a>&nbsp;&nbsp;&nbsp;TIM_DLPS_Enter
<LI><a href="#[fe]">&gt;&gt;</a>&nbsp;&nbsp;&nbsp;btaon_fast_write_safe
<LI><a href="#[bb]">&gt;&gt;</a>&nbsp;&nbsp;&nbsp;btaon_fast_read_safe
<LI><a href="#[333]">&gt;&gt;</a>&nbsp;&nbsp;&nbsp;platform_pm_get_power_mode
</UL>
<BR>[Address Reference Count : 1]<UL><LI> rtl876x_io_dlps.o(.text)
</UL>
<P><STRONG><a name="[7b]"></a>DLPS_IO_ExitDlpsCb</STRONG> (Thumb, 276 bytes, Stack size 40 bytes, rtl876x_io_dlps.o(.app.data_ram.text))
<BR><BR>[Stack]<UL><LI>Max Depth = 64<LI>Call Chain = DLPS_IO_ExitDlpsCb &rArr; Pad_Config
</UL>
<BR>[Calls]<UL><LI><a href="#[fd]">&gt;&gt;</a>&nbsp;&nbsp;&nbsp;Pad_Config
<LI><a href="#[1ad]">&gt;&gt;</a>&nbsp;&nbsp;&nbsp;NVIC_Init
<LI><a href="#[338]">&gt;&gt;</a>&nbsp;&nbsp;&nbsp;TIM_DLPS_Exit
<LI><a href="#[337]">&gt;&gt;</a>&nbsp;&nbsp;&nbsp;KeyScan_DLPS_Exit
<LI><a href="#[336]">&gt;&gt;</a>&nbsp;&nbsp;&nbsp;GPIO_DLPS_Exit
<LI><a href="#[bd]">&gt;&gt;</a>&nbsp;&nbsp;&nbsp;log_buffer
</UL>
<BR>[Address Reference Count : 1]<UL><LI> rtl876x_io_dlps.o(.text)
</UL>
<P><STRONG><a name="[52]"></a>System_Handler</STRONG> (Thumb, 60 bytes, Stack size 16 bytes, main.o(.app.data_ram.text))
<BR><BR>[Stack]<UL><LI>Max Depth = 176<LI>Call Chain = System_Handler &rArr; keyscan_init_driver &rArr; keyscan_init_pad_config &rArr; keyscan_row_pad_config &rArr; Pad_Config
</UL>
<BR>[Calls]<UL><LI><a href="#[bd]">&gt;&gt;</a>&nbsp;&nbsp;&nbsp;log_buffer
<LI><a href="#[103]">&gt;&gt;</a>&nbsp;&nbsp;&nbsp;System_DebounceWakeupStatus
<LI><a href="#[160]">&gt;&gt;</a>&nbsp;&nbsp;&nbsp;keyscan_init_driver
</UL>
<BR>[Address Reference Count : 1]<UL><LI> startup_rtl876x.o(VECTOR)
</UL>
<P><STRONG><a name="[340]"></a>app_handle_io_msg</STRONG> (Thumb, 174 bytes, Stack size 16 bytes, rcu_application.o(.app.data_ram.text))
<BR><BR>[Stack]<UL><LI>Max Depth = 272<LI>Call Chain = app_handle_io_msg &rArr; periph_handle_gap_msg &rArr; periph_handle_dev_state_evt &rArr; app_nvic_config &rArr; keyscan_init_driver &rArr; keyscan_init_pad_config &rArr; keyscan_row_pad_config &rArr; Pad_Config
</UL>
<BR>[Calls]<UL><LI><a href="#[e3]">&gt;&gt;</a>&nbsp;&nbsp;&nbsp;os_timer_stop
<LI><a href="#[186]">&gt;&gt;</a>&nbsp;&nbsp;&nbsp;os_timer_restart
<LI><a href="#[341]">&gt;&gt;</a>&nbsp;&nbsp;&nbsp;WDG_Restart
<LI><a href="#[bd]">&gt;&gt;</a>&nbsp;&nbsp;&nbsp;log_buffer
<LI><a href="#[217]">&gt;&gt;</a>&nbsp;&nbsp;&nbsp;uart_test_handle_uart_msg
<LI><a href="#[1f1]">&gt;&gt;</a>&nbsp;&nbsp;&nbsp;key_handle_release_event
<LI><a href="#[1f2]">&gt;&gt;</a>&nbsp;&nbsp;&nbsp;key_handle_pressed_event
<LI><a href="#[20b]">&gt;&gt;</a>&nbsp;&nbsp;&nbsp;bat_msg_handle
<LI><a href="#[190]">&gt;&gt;</a>&nbsp;&nbsp;&nbsp;periph_handle_gap_msg
<LI><a href="#[13f]">&gt;&gt;</a>&nbsp;&nbsp;&nbsp;dfu_service_handle_valid_fw
</UL>
<BR>[Called By]<UL><LI><a href="#[16]">&gt;&gt;</a>&nbsp;&nbsp;&nbsp;app_main_task
</UL>

<P><STRONG><a name="[17e]"></a>app_send_msg_to_apptask</STRONG> (Thumb, 84 bytes, Stack size 24 bytes, app_task.o(.app.data_ram.text))
<BR><BR>[Stack]<UL><LI>Max Depth = 24<LI>Call Chain = app_send_msg_to_apptask
</UL>
<BR>[Calls]<UL><LI><a href="#[345]">&gt;&gt;</a>&nbsp;&nbsp;&nbsp;os_msg_send_intern
<LI><a href="#[bd]">&gt;&gt;</a>&nbsp;&nbsp;&nbsp;log_buffer
</UL>
<BR>[Called By]<UL><LI><a href="#[71]">&gt;&gt;</a>&nbsp;&nbsp;&nbsp;Timer5_Handler
<LI><a href="#[17c]">&gt;&gt;</a>&nbsp;&nbsp;&nbsp;bat_update_battery_info
<LI><a href="#[17b]">&gt;&gt;</a>&nbsp;&nbsp;&nbsp;app_dfu_srv_cb
<LI><a href="#[1a]">&gt;&gt;</a>&nbsp;&nbsp;&nbsp;notify_key_data_timer_cb
<LI><a href="#[74]">&gt;&gt;</a>&nbsp;&nbsp;&nbsp;Keyscan_Handler
<LI><a href="#[1e]">&gt;&gt;</a>&nbsp;&nbsp;&nbsp;data_uart_test_interrupt_handler
</UL>

<P><STRONG><a name="[71]"></a>Timer5_Handler</STRONG> (Thumb, 56 bytes, Stack size 16 bytes, reset_watch_dog_timer.o(.app.data_ram.text))
<BR><BR>[Stack]<UL><LI>Max Depth = 40<LI>Call Chain = Timer5_Handler &rArr; app_send_msg_to_apptask
</UL>
<BR>[Calls]<UL><LI><a href="#[bd]">&gt;&gt;</a>&nbsp;&nbsp;&nbsp;log_buffer
<LI><a href="#[1af]">&gt;&gt;</a>&nbsp;&nbsp;&nbsp;TIM_Cmd
<LI><a href="#[17e]">&gt;&gt;</a>&nbsp;&nbsp;&nbsp;app_send_msg_to_apptask
</UL>
<BR>[Address Reference Count : 1]<UL><LI> startup_rtl876x.o(VECTOR)
</UL>
<P><STRONG><a name="[22d]"></a>loop_queue_get_vailid_data_size</STRONG> (Thumb, 58 bytes, Stack size 8 bytes, loop_queue.o(.app.data_ram.text))
<BR><BR>[Stack]<UL><LI>Max Depth = 16<LI>Call Chain = loop_queue_get_vailid_data_size &rArr; __aeabi_idivmod
</UL>
<BR>[Calls]<UL><LI><a href="#[20e]">&gt;&gt;</a>&nbsp;&nbsp;&nbsp;__aeabi_idivmod
</UL>
<BR>[Called By]<UL><LI><a href="#[349]">&gt;&gt;</a>&nbsp;&nbsp;&nbsp;loop_queue_copy_buf
<LI><a href="#[22b]">&gt;&gt;</a>&nbsp;&nbsp;&nbsp;loop_queue_read_buf
<LI><a href="#[22a]">&gt;&gt;</a>&nbsp;&nbsp;&nbsp;uart_packet_decode
</UL>

<P><STRONG><a name="[346]"></a>loop_queue_get_free_data_size</STRONG> (Thumb, 58 bytes, Stack size 8 bytes, loop_queue.o(.app.data_ram.text))
[...]
</UL>
<BR>[Calls]<UL><LI><a href="#[b9]">&gt;&gt;</a>&nbsp;&nbsp;&nbsp;get_header_addr_by_img_id
<LI><a href="#[bd]">&gt;&gt;</a>&nbsp;&nbsp;&nbsp;log_buffer
<LI><a href="#[210]">&gt;&gt;</a>&nbsp;&nbsp;&nbsp;data_uart_cmd_response
</UL>
<BR>[Address Reference Count : 1]<UL><LI> data_uart_test.o(.constdata)
</UL>
<P><STRONG><a name="[32]"></a>uart_test_read_app_version</STRONG> (Thumb, 52 bytes, Stack size 24 bytes, data_uart_test.o(.text))
<BR><BR>[Stack]<UL><LI>Max Depth = 104<LI>Call Chain = uart_test_read_app_version &rArr; data_uart_cmd_response
</UL>
<BR>[Calls]<UL><LI><a href="#[bd]">&gt;&gt;</a>&nbsp;&nbsp;&nbsp;log_buffer
<LI><a href="#[210]">&gt;&gt;</a>&nbsp;&nbsp;&nbsp;data_uart_cmd_response
</UL>
<BR>[Address Reference Count : 1]<UL><LI> data_uart_test.o(.constdata)
</UL>
<P><STRONG><a name="[33]"></a>uart_test_read_mac_addr</STRONG> (Thumb, 68 bytes, Stack size 32 bytes, data_uart_test.o(.text))
<BR><BR>[Stack]<UL><LI>Max Depth = 112<LI>Call Chain = uart_test_read_mac_addr &rArr; data_uart_cmd_response
</UL>
<BR>[Calls]<UL><LI><a href="#[bd]">&gt;&gt;</a>&nbsp;&nbsp;&nbsp;log_buffer
<LI><a href="#[135]">&gt;&gt;</a>&nbsp;&nbsp;&nbsp;gap_get_param
<LI><a href="#[210]">&gt;&gt;</a>&nbsp;&nbsp;&nbsp;data_uart_cmd_response
</UL>
<BR>[Address Reference Count : 1]<UL><LI> data_uart_test.o(.constdata)
</UL>
<P><STRONG><a name="[34]"></a>uart_test_enter_fast_pair_mode</STRONG> (Thumb, 80 bytes, Stack size 16 bytes, data_uart_test.o(.text))
<BR><BR>[Stack]<UL><LI>Max Depth = 296 + Unknown Stack Size
<LI>Call Chain = uart_test_enter_fast_pair_mode &rArr; log_direct_app &rArr; vsnprintf &rArr; _printf_char_common &rArr; __printf
</UL>
<BR>[Calls]<UL><LI><a href="#[c9]">&gt;&gt;</a>&nbsp;&nbsp;&nbsp;log_direct_app
<LI><a href="#[bd]">&gt;&gt;</a>&nbsp;&nbsp;&nbsp;log_buffer
<LI><a href="#[211]">&gt;&gt;</a>&nbsp;&nbsp;&nbsp;mp_test_set_fast_pair_info
<LI><a href="#[210]">&gt;&gt;</a>&nbsp;&nbsp;&nbsp;data_uart_cmd_response
<LI><a href="#[20f]">&gt;&gt;</a>&nbsp;&nbsp;&nbsp;switch_to_test_mode
</UL>
<BR>[Address Reference Count : 1]<UL><LI> data_uart_test.o(.constdata)
</UL>
<P><STRONG><a name="[35]"></a>uart_test_get_dev_state</STRONG> (Thumb, 38 bytes, Stack size 8 bytes, data_uart_test.o(.text))
<BR><BR>[Stack]<UL><LI>Max Depth = 88<LI>Call Chain = uart_test_get_dev_state &rArr; data_uart_cmd_response
</UL>
<BR>[Calls]<UL><LI><a href="#[bd]">&gt;&gt;</a>&nbsp;&nbsp;&nbsp;log_buffer
<LI><a href="#[210]">&gt;&gt;</a>&nbsp;&nbsp;&nbsp;data_uart_cmd_response
</UL>
<BR>[Address Reference Count : 1]<UL><LI> data_uart_test.o(.constdata)
</UL>
<P><STRONG><a name="[36]"></a>uart_test_voice_test_start</STRONG> (Thumb, 14 bytes, Stack size 8 bytes, data_uart_test.o(.text))
<BR><BR>[Stack]<UL><LI>Max Depth = 8<LI>Call Chain = uart_test_voice_test_start
</UL>
<BR>[Calls]<UL><LI><a href="#[bd]">&gt;&gt;</a>&nbsp;&nbsp;&nbsp;log_buffer
</UL>
<BR>[Address Reference Count : 1]<UL><LI> data_uart_test.o(.constdata)
</UL>
<P><STRONG><a name="[37]"></a>uart_test_voice_test_stop</STRONG> (Thumb, 16 bytes, Stack size 8 bytes, data_uart_test.o(.text))
<BR><BR>[Stack]<UL><LI>Max Depth = 8<LI>Call Chain = uart_test_voice_test_stop
</UL>
<BR>[Calls]<UL><LI><a href="#[bd]">&gt;&gt;</a>&nbsp;&nbsp;&nbsp;log_buffer
</UL>
<BR>[Address Reference Count : 1]<UL><LI> data_uart_test.o(.constdata)
</UL>
<P><STRONG><a name="[38]"></a>uart_test_set_voice_config</STRONG> (Thumb, 30 bytes, Stack size 8 bytes, data_uart_test.o(.text))
<BR><BR>[Stack]<UL><LI>Max Depth = 88<LI>Call Chain = uart_test_set_voice_config &rArr; data_uart_cmd_response
</UL>
<BR>[Calls]<UL><LI><a href="#[bd]">&gt;&gt;</a>&nbsp;&nbsp;&nbsp;log_buffer
<LI><a href="#[210]">&gt;&gt;</a>&nbsp;&nbsp;&nbsp;data_uart_cmd_response
</UL>
<BR>[Address Reference Count : 1]<UL><LI> data_uart_test.o(.constdata)
</UL>
<P><STRONG><a name="[39]"></a>uart_test_get_voice_config</STRONG> (Thumb, 42 bytes, Stack size 24 bytes, data_uart_test.o(.text))
<BR><BR>[Stack]<UL><LI>Max Depth = 104<LI>Call Chain = uart_test_get_voice_config &rArr; data_uart_cmd_response
</UL>
<BR>[Calls]<UL><LI><a href="#[19c]">&gt;&gt;</a>&nbsp;&nbsp;&nbsp;__aeabi_memclr4
<LI><a href="#[bd]">&gt;&gt;</a>&nbsp;&nbsp;&nbsp;log_buffer
<LI><a href="#[210]">&gt;&gt;</a>&nbsp;&nbsp;&nbsp;data_uart_cmd_response
</UL>
<BR>[Address Reference Count : 1]<UL><LI> data_uart_test.o(.constdata)
</UL>
<P><STRONG><a name="[3a]"></a>uart_test_enter_dlps</STRONG> (Thumb, 36 bytes, Stack size 8 bytes, data_uart_test.o(.text))
<BR><BR>[Stack]<UL><LI>Max Depth = 88<LI>Call Chain = uart_test_enter_dlps &rArr; data_uart_cmd_response
</UL>
<BR>[Calls]<UL><LI><a href="#[bd]">&gt;&gt;</a>&nbsp;&nbsp;&nbsp;log_buffer
<LI><a href="#[210]">&gt;&gt;</a>&nbsp;&nbsp;&nbsp;data_uart_cmd_response
</UL>
<BR>[Address Reference Count : 1]<UL><LI> data_uart_test.o(.constdata)
</UL>
<P><STRONG><a name="[3b]"></a>uart_test_start_stop_adv</STRONG> (Thumb, 92 bytes, Stack size 16 bytes, data_uart_test.o(.text))
<BR><BR>[Stack]<UL><LI>Max Depth = 96<LI>Call Chain = uart_test_start_stop_adv &rArr; data_uart_cmd_response
</UL>
<BR>[Calls]<UL><LI><a href="#[bd]">&gt;&gt;</a>&nbsp;&nbsp;&nbsp;log_buffer
<LI><a href="#[126]">&gt;&gt;</a>&nbsp;&nbsp;&nbsp;__ARM_common_switch8
<LI><a href="#[1a4]">&gt;&gt;</a>&nbsp;&nbsp;&nbsp;rcu_stop_adv
<LI><a href="#[171]">&gt;&gt;</a>&nbsp;&nbsp;&nbsp;rcu_start_adv
<LI><a href="#[210]">&gt;&gt;</a>&nbsp;&nbsp;&nbsp;data_uart_cmd_response
</UL>
<BR>[Address Reference Count : 1]<UL><LI> data_uart_test.o(.constdata)
</UL>
<P><STRONG><a name="[3c]"></a>uart_test_enter_hci_mode</STRONG> (Thumb, 42 bytes, Stack size 8 bytes, data_uart_test.o(.text))
<BR><BR>[Stack]<UL><LI>Max Depth = 288 + Unknown Stack Size
<LI>Call Chain = uart_test_enter_hci_mode &rArr; log_direct_app &rArr; vsnprintf &rArr; _printf_char_common &rArr; __printf
</UL>
<BR>[Calls]<UL><LI><a href="#[c9]">&gt;&gt;</a>&nbsp;&nbsp;&nbsp;log_direct_app
<LI><a href="#[212]">&gt;&gt;</a>&nbsp;&nbsp;&nbsp;set_hci_mode_flag
<LI><a href="#[1d5]">&gt;&gt;</a>&nbsp;&nbsp;&nbsp;WDG_SystemReset
<LI><a href="#[210]">&gt;&gt;</a>&nbsp;&nbsp;&nbsp;data_uart_cmd_response
</UL>
<BR>[Address Reference Count : 1]<UL><LI> data_uart_test.o(.constdata)
</UL>
<P><STRONG><a name="[3d]"></a>uart_test_disable_test_mode_flag</STRONG> (Thumb, 46 bytes, Stack size 8 bytes, data_uart_test.o(.text))
<BR><BR>[Stack]<UL><LI>Max Depth = 88<LI>Call Chain = uart_test_disable_test_mode_flag &rArr; data_uart_cmd_response
</UL>
<BR>[Calls]<UL><LI><a href="#[bd]">&gt;&gt;</a>&nbsp;&nbsp;&nbsp;log_buffer
<LI><a href="#[178]">&gt;&gt;</a>&nbsp;&nbsp;&nbsp;mp_test_disable_test_mode_flag
<LI><a href="#[210]">&gt;&gt;</a>&nbsp;&nbsp;&nbsp;data_uart_cmd_response
</UL>
<BR>[Address Reference Count : 1]<UL><LI> data_uart_test.o(.constdata)
</UL>
<P><STRONG><a name="[3e]"></a>uart_test_enable_test_mode_flag</STRONG> (Thumb, 48 bytes, Stack size 8 bytes, data_uart_test.o(.text))
<BR><BR>[Stack]<UL><LI>Max Depth = 88<LI>Call Chain = uart_test_enable_test_mode_flag &rArr; data_uart_cmd_response
</UL>
<BR>[Calls]<UL><LI><a href="#[bd]">&gt;&gt;</a>&nbsp;&nbsp;&nbsp;log_buffer
<LI><a href="#[213]">&gt;&gt;</a>&nbsp;&nbsp;&nbsp;mp_test_enable_test_mode_flag
<LI><a href="#[210]">&gt;&gt;</a>&nbsp;&nbsp;&nbsp;data_uart_cmd_response
</UL>
<BR>[Address Reference Count : 1]<UL><LI> data_uart_test.o(.constdata)
</UL>
<P><STRONG><a name="[3f]"></a>uart_test_erase_pair_info</STRONG> (Thumb, 58 bytes, Stack size 8 bytes, data_uart_test.o(.text))
<BR><BR>[Stack]<UL><LI>Max Depth = 88<LI>Call Chain = uart_test_erase_pair_info &rArr; data_uart_cmd_response
</UL>
<BR>[Calls]<UL><LI><a href="#[bd]">&gt;&gt;</a>&nbsp;&nbsp;&nbsp;log_buffer
<LI><a href="#[18d]">&gt;&gt;</a>&nbsp;&nbsp;&nbsp;le_bond_clear_all_keys
<LI><a href="#[214]">&gt;&gt;</a>&nbsp;&nbsp;&nbsp;le_get_bond_dev_num
<LI><a href="#[210]">&gt;&gt;</a>&nbsp;&nbsp;&nbsp;data_uart_cmd_response
</UL>
<BR>[Address Reference Count : 1]<UL><LI> data_uart_test.o(.constdata)
</UL>
<P><STRONG><a name="[40]"></a>uart_test_change_baudrate</STRONG> (Thumb, 74 bytes, Stack size 16 bytes, data_uart_test.o(.text))
<BR><BR>[Stack]<UL><LI>Max Depth = 116<LI>Call Chain = uart_test_change_baudrate &rArr; data_uart_init &rArr; UART_DeInit &rArr; RCC_PeriphClockCmd
</UL>
<BR>[Calls]<UL><LI><a href="#[bd]">&gt;&gt;</a>&nbsp;&nbsp;&nbsp;log_buffer
<LI><a href="#[215]">&gt;&gt;</a>&nbsp;&nbsp;&nbsp;data_uart_init
<LI><a href="#[210]">&gt;&gt;</a>&nbsp;&nbsp;&nbsp;data_uart_cmd_response
</UL>
<BR>[Address Reference Count : 1]<UL><LI> data_uart_test.o(.constdata)
</UL>
<P><STRONG><a name="[47]"></a>uart_test_terminate_connect</STRONG> (Thumb, 38 bytes, Stack size 8 bytes, data_uart_test.o(.text))
<BR><BR>[Stack]<UL><LI>Max Depth = 88<LI>Call Chain = uart_test_terminate_connect &rArr; data_uart_cmd_response
</UL>
<BR>[Calls]<UL><LI><a href="#[17f]">&gt;&gt;</a>&nbsp;&nbsp;&nbsp;rcu_terminate_connection
<LI><a href="#[210]">&gt;&gt;</a>&nbsp;&nbsp;&nbsp;data_uart_cmd_response
</UL>
<BR>[Address Reference Count : 1]<UL><LI> data_uart_test.o(.constdata)
</UL>
<P><STRONG><a name="[48]"></a>uart_test_enter_hci_download_mode</STRONG> (Thumb, 18 bytes, Stack size 8 bytes, data_uart_test.o(.text))
<BR><BR>[Stack]<UL><LI>Max Depth = 88<LI>Call Chain = uart_test_enter_hci_download_mode &rArr; data_uart_cmd_response
</UL>
<BR>[Calls]<UL><LI><a href="#[210]">&gt;&gt;</a>&nbsp;&nbsp;&nbsp;data_uart_cmd_response
</UL>
<BR>[Address Reference Count : 1]<UL><LI> data_uart_test.o(.constdata)
</UL>
<P><STRONG><a name="[45]"></a>uart_test_reboot_device</STRONG> (Thumb, 36 bytes, Stack size 8 bytes, data_uart_test.o(.text))
<BR><BR>[Stack]<UL><LI>Max Depth = 288 + Unknown Stack Size
<LI>Call Chain = uart_test_reboot_device &rArr; log_direct_app &rArr; vsnprintf &rArr; _printf_char_common &rArr; __printf
</UL>
<BR>[Calls]<UL><LI><a href="#[c9]">&gt;&gt;</a>&nbsp;&nbsp;&nbsp;log_direct_app
<LI><a href="#[1d5]">&gt;&gt;</a>&nbsp;&nbsp;&nbsp;WDG_SystemReset
<LI><a href="#[210]">&gt;&gt;</a>&nbsp;&nbsp;&nbsp;data_uart_cmd_response
</UL>
<BR>[Address Reference Count : 1]<UL><LI> data_uart_test.o(.constdata)
</UL>
<P><STRONG><a name="[46]"></a>uart_test_enter_single_tone</STRONG> (Thumb, 34 bytes, Stack size 8 bytes, data_uart_test.o(.text))
<BR><BR>[Stack]<UL><LI>Max Depth = 288 + Unknown Stack Size
<LI>Call Chain = uart_test_enter_single_tone &rArr; log_direct_app &rArr; vsnprintf &rArr; _printf_char_common &rArr; __printf
</UL>
<BR>[Calls]<UL><LI><a href="#[c9]">&gt;&gt;</a>&nbsp;&nbsp;&nbsp;log_direct_app
<LI><a href="#[210]">&gt;&gt;</a>&nbsp;&nbsp;&nbsp;data_uart_cmd_response
<LI><a href="#[20f]">&gt;&gt;</a>&nbsp;&nbsp;&nbsp;switch_to_test_mode
</UL>
<BR>[Address Reference Count : 1]<UL><LI> data_uart_test.o(.constdata)
</UL>
<P><STRONG><a name="[41]"></a>uart_test_direct_k_rf_freq</STRONG> (Thumb, 2 bytes, Stack size 0 bytes, data_uart_test.o(.text))
<BR>[Address Reference Count : 1]<UL><LI> data_uart_test.o(.constdata)
</UL>
<P><STRONG><a name="[42]"></a>uart_test_get_dut_info</STRONG> (Thumb, 18 bytes, Stack size 8 bytes, data_uart_test.o(.text))
<BR><BR>[Stack]<UL><LI>Max Depth = 88<LI>Call Chain = uart_test_get_dut_info &rArr; data_uart_cmd_response
</UL>
<BR>[Calls]<UL><LI><a href="#[210]">&gt;&gt;</a>&nbsp;&nbsp;&nbsp;data_uart_cmd_response
</UL>
<BR>[Address Reference Count : 1]<UL><LI> data_uart_test.o(.constdata)
</UL>
<P><STRONG><a name="[43]"></a>uart_test_auto_k_rf_freq</STRONG> (Thumb, 18 bytes, Stack size 8 bytes, data_uart_test.o(.text))
<BR><BR>[Stack]<UL><LI>Max Depth = 88<LI>Call Chain = uart_test_auto_k_rf_freq &rArr; data_uart_cmd_response
</UL>
<BR>[Calls]<UL><LI><a href="#[210]">&gt;&gt;</a>&nbsp;&nbsp;&nbsp;data_uart_cmd_response
</UL>
<BR>[Address Reference Count : 1]<UL><LI> data_uart_test.o(.constdata)
</UL>
<P><STRONG><a name="[44]"></a>uart_test_find_device_type</STRONG> (Thumb, 242 bytes, Stack size 8 bytes, data_uart_test.o(.text))
<BR><BR>[Stack]<UL><LI>Max Depth = 88<LI>Call Chain = uart_test_find_device_type &rArr; data_uart_cmd_response
</UL>
<BR>[Calls]<UL><LI><a href="#[bd]">&gt;&gt;</a>&nbsp;&nbsp;&nbsp;log_buffer
<LI><a href="#[210]">&gt;&gt;</a>&nbsp;&nbsp;&nbsp;data_uart_cmd_response
</UL>
<BR>[Address Reference Count : 1]<UL><LI> data_uart_test.o(.constdata)
</UL>
<P><STRONG><a name="[21c]"></a>switch_to_test_mode</STRONG> (Thumb, 46 bytes, Stack size 16 bytes, mp_test.o(.text))
<BR><BR>[Stack]<UL><LI>Max Depth = 16<LI>Call Chain = switch_to_test_mode
</UL>
<BR>[Calls]<UL><LI><a href="#[fe]">&gt;&gt;</a>&nbsp;&nbsp;&nbsp;btaon_fast_write_safe
<LI><a href="#[bb]">&gt;&gt;</a>&nbsp;&nbsp;&nbsp;btaon_fast_read_safe
<LI><a href="#[1d5]">&gt;&gt;</a>&nbsp;&nbsp;&nbsp;WDG_SystemReset
</UL>
<BR>[Called By]<UL><LI><a href="#[16c]">&gt;&gt;</a>&nbsp;&nbsp;&nbsp;mp_test_check_trig_gpio_status
<LI><a href="#[220]">&gt;&gt;</a>&nbsp;&nbsp;&nbsp;mp_test_handle_comb_keys_timer_cb
</UL>

<P><STRONG><a name="[221]"></a>switch_to_hci_mode</STRONG> (Thumb, 18 bytes, Stack size 8 bytes, mp_test.o(.text))
<BR><BR>[Stack]<UL><LI>Max Depth = 8<LI>Call Chain = switch_to_hci_mode
</UL>
<BR>[Calls]<UL><LI><a href="#[212]">&gt;&gt;</a>&nbsp;&nbsp;&nbsp;set_hci_mode_flag
<LI><a href="#[1d5]">&gt;&gt;</a>&nbsp;&nbsp;&nbsp;WDG_SystemReset
</UL>
<BR>[Called By]<UL><LI><a href="#[16c]">&gt;&gt;</a>&nbsp;&nbsp;&nbsp;mp_test_check_trig_gpio_status
<LI><a href="#[220]">&gt;&gt;</a>&nbsp;&nbsp;&nbsp;mp_test_handle_comb_keys_timer_cb
</UL>

<P><STRONG><a name="[225]"></a>GPIO_ReadInputDataBit</STRONG> (Thumb, 18 bytes, Stack size 0 bytes, mp_test.o(.text))
<BR><BR>[Called By]<UL><LI><a href="#[16c]">&gt;&gt;</a>&nbsp;&nbsp;&nbsp;mp_test_check_trig_gpio_status
</UL>

<P><STRONG><a name="[1e]"></a>data_uart_test_interrupt_handler</STRONG> (Thumb, 272 bytes, Stack size 24 bytes, uart_transport.o(.app.data_ram.text))
<BR><BR>[Stack]<UL><LI>Max Depth = 104<LI>Call Chain = data_uart_test_interrupt_handler &rArr; loop_queue_write_buf &rArr; loop_queue_is_full &rArr; loop_queue_get_free_data_size &rArr; __aeabi_idivmod
</UL>
<BR>[Calls]<UL><LI><a href="#[bd]">&gt;&gt;</a>&nbsp;&nbsp;&nbsp;log_buffer
<LI><a href="#[21b]">&gt;&gt;</a>&nbsp;&nbsp;&nbsp;UART_GetFlagStatus
<LI><a href="#[354]">&gt;&gt;</a>&nbsp;&nbsp;&nbsp;UART_ReceiveData
<LI><a href="#[228]">&gt;&gt;</a>&nbsp;&nbsp;&nbsp;UART_INTConfig
<LI><a href="#[17e]">&gt;&gt;</a>&nbsp;&nbsp;&nbsp;app_send_msg_to_apptask
<LI><a href="#[348]">&gt;&gt;</a>&nbsp;&nbsp;&nbsp;loop_queue_write_buf
<LI><a href="#[347]">&gt;&gt;</a>&nbsp;&nbsp;&nbsp;loop_queue_is_full
</UL>
<BR>[Address Reference Count : 1]<UL><LI> uart_transport.o(.text)
</UL>
<P><STRONG><a name="[22a]"></a>uart_packet_decode</STRONG> (Thumb, 404 bytes, Stack size 40 bytes, uart_transport.o(.text))
<BR><BR>[Stack]<UL><LI>Max Depth = 96<LI>Call Chain = uart_packet_decode &rArr; loop_queue_read_buf &rArr; loop_queue_get_vailid_data_size &rArr; __aeabi_idivmod
</UL>
<BR>[Calls]<UL><LI><a href="#[bd]">&gt;&gt;</a>&nbsp;&nbsp;&nbsp;log_buffer
<LI><a href="#[22e]">&gt;&gt;</a>&nbsp;&nbsp;&nbsp;btxfcs
<LI><a href="#[22b]">&gt;&gt;</a>&nbsp;&nbsp;&nbsp;loop_queue_read_buf
<LI><a href="#[22c]">&gt;&gt;</a>&nbsp;&nbsp;&nbsp;loop_queue_is_empty
<LI><a href="#[22d]">&gt;&gt;</a>&nbsp;&nbsp;&nbsp;loop_queue_get_vailid_data_size
<LI><a href="#[229]">&gt;&gt;</a>&nbsp;&nbsp;&nbsp;uart_packet_struct_init
</UL>
<BR>[Called By]<UL><LI><a href="#[218]">&gt;&gt;</a>&nbsp;&nbsp;&nbsp;data_uart_packet_decode
</UL>

<P><STRONG><a name="[229]"></a>uart_packet_struct_init</STRONG> (Thumb, 14 bytes, Stack size 0 bytes, uart_transport.o(.text))
<BR><BR>[Called By]<UL><LI><a href="#[22a]">&gt;&gt;</a>&nbsp;&nbsp;&nbsp;uart_packet_decode
<LI><a href="#[216]">&gt;&gt;</a>&nbsp;&nbsp;&nbsp;data_uart_transport_init
</UL>

<P><STRONG><a name="[2d1]"></a>ADC_GetKValue</STRONG> (Thumb, 66 bytes, Stack size 8 bytes, adc_lib.o(.text))
<BR><BR>[Stack]<UL><LI>Max Depth = 8<LI>Call Chain = ADC_GetKValue
</UL>
<BR>[Called By]<UL><LI><a href="#[20a]">&gt;&gt;</a>&nbsp;&nbsp;&nbsp;ADC_CalibrationInit
</UL>

<P><STRONG><a name="[2ce]"></a>ADC_GetKVoltage</STRONG> (Thumb, 82 bytes, Stack size 16 bytes, adc_lib.o(.text))
<BR><BR>[Stack]<UL><LI>Max Depth = 36<LI>Call Chain = ADC_GetKVoltage &rArr; __aeabi_fdiv
</UL>
<BR>[Calls]<UL><LI><a href="#[1fc]">&gt;&gt;</a>&nbsp;&nbsp;&nbsp;__aeabi_fmul
<LI><a href="#[1fa]">&gt;&gt;</a>&nbsp;&nbsp;&nbsp;__aeabi_i2f
<LI><a href="#[1fb]">&gt;&gt;</a>&nbsp;&nbsp;&nbsp;__aeabi_fdiv
<LI><a href="#[2cf]">&gt;&gt;</a>&nbsp;&nbsp;&nbsp;__aeabi_fadd
</UL>
<BR>[Called By]<UL><LI><a href="#[1f7]">&gt;&gt;</a>&nbsp;&nbsp;&nbsp;ADC_GetVoltage
</UL>

<P><STRONG><a name="[2e6]"></a>_dadd1</STRONG> (Thumb, 290 bytes, Stack size 20 bytes, daddsub.o(.text), UNUSED)
<BR><BR>[Called By]<UL><LI><a href="#[2e8]">&gt;&gt;</a>&nbsp;&nbsp;&nbsp;_drsb
<LI><a href="#[2e7]">&gt;&gt;</a>&nbsp;&nbsp;&nbsp;_dsub
<LI><a href="#[2e4]">&gt;&gt;</a>&nbsp;&nbsp;&nbsp;_dadd
</UL>

<P><STRONG><a name="[2e5]"></a>_dsub1</STRONG> (Thumb, 470 bytes, Stack size 40 bytes, daddsub.o(.text), UNUSED)
<BR><BR>[Called By]<UL><LI><a href="#[2e8]">&gt;&gt;</a>&nbsp;&nbsp;&nbsp;_drsb
<LI><a href="#[2e7]">&gt;&gt;</a>&nbsp;&nbsp;&nbsp;_dsub
<LI><a href="#[2e4]">&gt;&gt;</a>&nbsp;&nbsp;&nbsp;_dadd
</UL>

<P><STRONG><a name="[313]"></a>_fadd1</STRONG> (Thumb, 0 bytes, Stack size unknown bytes, faddsub.o(x$fpl$fadd), UNUSED)
<BR><BR>[Called By]<UL><LI><a href="#[312]">&gt;&gt;</a>&nbsp;&nbsp;&nbsp;_fsub
</UL>

<P><STRONG><a name="[311]"></a>_fsub1</STRONG> (Thumb, 0 bytes, Stack size unknown bytes, faddsub.o(x$fpl$fsub), UNUSED)
<BR><BR>[Called By]<UL><LI><a href="#[310]">&gt;&gt;</a>&nbsp;&nbsp;&nbsp;_fadd
</UL>

<P><STRONG><a name="[21]"></a>_printf_input_char</STRONG> (Thumb, 10 bytes, Stack size 0 bytes, _printf_char_common.o(.text))
<BR>[Address Reference Count : 1]<UL><LI> _printf_char_common.o(.text)
</UL>
<P><STRONG><a name="[2fe]"></a>_fp_digits</STRONG> (Thumb, 412 bytes, Stack size 96 bytes, _printf_fp_dec.o(.text))
<BR><BR>[Stack]<UL><LI>Max Depth = 272<LI>Call Chain = _fp_digits &rArr; _btod_etento &rArr; _btod_emul &rArr; btod_internal_mul &rArr; __ARM_common_ll_muluu
</UL>
<BR>[Calls]<UL><LI><a href="#[301]">&gt;&gt;</a>&nbsp;&nbsp;&nbsp;_btod_ediv
<LI><a href="#[302]">&gt;&gt;</a>&nbsp;&nbsp;&nbsp;_btod_emul
<LI><a href="#[300]">&gt;&gt;</a>&nbsp;&nbsp;&nbsp;_btod_d2e
<LI><a href="#[2ff]">&gt;&gt;</a>&nbsp;&nbsp;&nbsp;_btod_etento
<LI><a href="#[2f9]">&gt;&gt;</a>&nbsp;&nbsp;&nbsp;_ll_udiv10
</UL>
<BR>[Called By]<UL><LI><a href="#[23]">&gt;&gt;</a>&nbsp;&nbsp;&nbsp;_printf_fp_dec_real
</UL>

<P><STRONG><a name="[30a]"></a>btod_internal_mul</STRONG> (Thumb, 492 bytes, Stack size 56 bytes, btod.o(.text))
<BR><BR>[Stack]<UL><LI>Max Depth = 80<LI>Call Chain = btod_internal_mul &rArr; __ARM_common_ll_muluu
</UL>
<BR>[Calls]<UL><LI><a href="#[30b]">&gt;&gt;</a>&nbsp;&nbsp;&nbsp;__ARM_common_ll_muluu
</UL>
<BR>[Called By]<UL><LI><a href="#[30c]">&gt;&gt;</a>&nbsp;&nbsp;&nbsp;_btod_emuld
<LI><a href="#[302]">&gt;&gt;</a>&nbsp;&nbsp;&nbsp;_btod_emul
</UL>

<P><STRONG><a name="[30d]"></a>btod_internal_div</STRONG> (Thumb, 520 bytes, Stack size 64 bytes, btod.o(.text))
<BR><BR>[Stack]<UL><LI>Max Depth = 64<LI>Call Chain = btod_internal_div
</UL>
<BR>[Called By]<UL><LI><a href="#[30e]">&gt;&gt;</a>&nbsp;&nbsp;&nbsp;_btod_edivd
<LI><a href="#[301]">&gt;&gt;</a>&nbsp;&nbsp;&nbsp;_btod_ediv
</UL>
<P>
<H3>
Undefined Global Symbols
</H3>
<P><STRONG><a name="[7f]"></a>__scatterload</STRONG> (Unknown, 0 bytes, Stack size 0 bytes, UNDEFINED)
<BR><BR>[Called By]<UL><LI><a href="#[7e]">&gt;&gt;</a>&nbsp;&nbsp;&nbsp;__main
</UL>

<P><STRONG><a name="[306]"></a>_printf_mbtowc</STRONG> (ARM, 0 bytes, Stack size 0 bytes, UNDEFINED)
<BR><BR>[Called By]<UL><LI><a href="#[305]">&gt;&gt;</a>&nbsp;&nbsp;&nbsp;_printf_cs_common
</UL>

<P><STRONG><a name="[308]"></a>_printf_wc</STRONG> (ARM, 0 bytes, Stack size 0 bytes, UNDEFINED)
<BR><BR>[Called By]<UL><LI><a href="#[307]">&gt;&gt;</a>&nbsp;&nbsp;&nbsp;_printf_lcs_common
</UL>
<HR></body></html>
