<!doctype html public "-//w3c//dtd html 4.0 transitional//en">
<html><head>
<title>Static Call Graph - [.\Objects\fsbl_ext.axf]</title></head>
<body><HR>
<H1>Static Call Graph for image .\Objects\fsbl_ext.axf</H1><HR>
<BR><P>#&#060CALLGRAPH&#062# ARM Linker, 5060960: Last Updated: Thu Aug 22 10:00:56 2024
<BR><P>
<H3>Maximum Stack Usage =          0 bytes</H3><H3>
Call chain for Maximum Stack Depth:</H3>

<P>
<H3>
Global Symbols
</H3>
<P><STRONG><a name="[3]"></a>log_direct</STRONG> (Thumb, 0 bytes, Stack size 0 bytes, ROM.lib(ABSOLUTE), UNUSED, KEPT)
<BR><BR>[Called By]<UL><LI><a href="#[0]">&gt;&gt;</a>&nbsp;&nbsp;&nbsp;fsbl_ext_entry
</UL>

<P><STRONG><a name="[11]"></a>btaon_fast_read_safe</STRONG> (Thumb, 0 bytes, Stack size 0 bytes, ROM.lib(ABSOLUTE), UNUSED, KEPT)
<BR><BR>[Called By]<UL><LI><a href="#[26]">&gt;&gt;</a>&nbsp;&nbsp;&nbsp;Pad_ClearAllWakeupINT
<LI><a href="#[25]">&gt;&gt;</a>&nbsp;&nbsp;&nbsp;Pad_ClearWakeupINTPendingBit
<LI><a href="#[24]">&gt;&gt;</a>&nbsp;&nbsp;&nbsp;Pad_ControlSelectValue
<LI><a href="#[23]">&gt;&gt;</a>&nbsp;&nbsp;&nbsp;Pad_PowerOrShutDownValue
<LI><a href="#[22]">&gt;&gt;</a>&nbsp;&nbsp;&nbsp;Pad_PullConfigValue
<LI><a href="#[21]">&gt;&gt;</a>&nbsp;&nbsp;&nbsp;Pad_PullUpOrDownValue
<LI><a href="#[20]">&gt;&gt;</a>&nbsp;&nbsp;&nbsp;Pad_PullEnableValue
<LI><a href="#[1f]">&gt;&gt;</a>&nbsp;&nbsp;&nbsp;Pad_OutputEnableValue
<LI><a href="#[1e]">&gt;&gt;</a>&nbsp;&nbsp;&nbsp;Pad_OutputControlValue
<LI><a href="#[1c]">&gt;&gt;</a>&nbsp;&nbsp;&nbsp;Pad_WakeupInterruptValue
<LI><a href="#[1b]">&gt;&gt;</a>&nbsp;&nbsp;&nbsp;System_WakeUpPinEnable
<LI><a href="#[18]">&gt;&gt;</a>&nbsp;&nbsp;&nbsp;Pad_DebounceWakeupStatus
<LI><a href="#[17]">&gt;&gt;</a>&nbsp;&nbsp;&nbsp;Pad_WakeupPolarityValue
<LI><a href="#[16]">&gt;&gt;</a>&nbsp;&nbsp;&nbsp;Pad_WKDebounceConfig
<LI><a href="#[15]">&gt;&gt;</a>&nbsp;&nbsp;&nbsp;Pad_WakeupEnableValue
<LI><a href="#[7]">&gt;&gt;</a>&nbsp;&nbsp;&nbsp;Pad_Config
<LI><a href="#[1]">&gt;&gt;</a>&nbsp;&nbsp;&nbsp;get_reset_reason
</UL>

<P><STRONG><a name="[14]"></a>btaon_fast_write_safe</STRONG> (Thumb, 0 bytes, Stack size 0 bytes, ROM.lib(ABSOLUTE), UNUSED, KEPT)
<BR><BR>[Called By]<UL><LI><a href="#[26]">&gt;&gt;</a>&nbsp;&nbsp;&nbsp;Pad_ClearAllWakeupINT
<LI><a href="#[25]">&gt;&gt;</a>&nbsp;&nbsp;&nbsp;Pad_ClearWakeupINTPendingBit
<LI><a href="#[24]">&gt;&gt;</a>&nbsp;&nbsp;&nbsp;Pad_ControlSelectValue
<LI><a href="#[23]">&gt;&gt;</a>&nbsp;&nbsp;&nbsp;Pad_PowerOrShutDownValue
<LI><a href="#[22]">&gt;&gt;</a>&nbsp;&nbsp;&nbsp;Pad_PullConfigValue
<LI><a href="#[21]">&gt;&gt;</a>&nbsp;&nbsp;&nbsp;Pad_PullUpOrDownValue
<LI><a href="#[20]">&gt;&gt;</a>&nbsp;&nbsp;&nbsp;Pad_PullEnableValue
<LI><a href="#[1f]">&gt;&gt;</a>&nbsp;&nbsp;&nbsp;Pad_OutputEnableValue
<LI><a href="#[1e]">&gt;&gt;</a>&nbsp;&nbsp;&nbsp;Pad_OutputControlValue
<LI><a href="#[1b]">&gt;&gt;</a>&nbsp;&nbsp;&nbsp;System_WakeUpPinEnable
<LI><a href="#[18]">&gt;&gt;</a>&nbsp;&nbsp;&nbsp;Pad_DebounceWakeupStatus
<LI><a href="#[17]">&gt;&gt;</a>&nbsp;&nbsp;&nbsp;Pad_WakeupPolarityValue
<LI><a href="#[16]">&gt;&gt;</a>&nbsp;&nbsp;&nbsp;Pad_WKDebounceConfig
<LI><a href="#[15]">&gt;&gt;</a>&nbsp;&nbsp;&nbsp;Pad_WakeupEnableValue
<LI><a href="#[7]">&gt;&gt;</a>&nbsp;&nbsp;&nbsp;Pad_Config
</UL>

<P><STRONG><a name="[10]"></a>__aeabi_memclr</STRONG> (Thumb, 0 bytes, Stack size 0 bytes, ROM.lib(ABSOLUTE), UNUSED, KEPT)
<BR><BR>[Called By]<UL><LI><a href="#[2]">&gt;&gt;</a>&nbsp;&nbsp;&nbsp;bss_ram_init
</UL>

<P><STRONG><a name="[0]"></a>fsbl_ext_entry</STRONG> (Thumb, 56 bytes, Stack size 16 bytes, fsbl_entry_ext.o(.patch.ram.start), UNUSED, KEPT)
<BR><BR>[Stack]<UL><LI>Max Depth = 176<LI>Call Chain = fsbl_ext_entry &rArr; keyscan_init_driver &rArr; keyscan_init_pad_config &rArr; keyscan_row_pad_config &rArr; Pad_Config
</UL>
<BR>[Calls]<UL><LI><a href="#[4]">&gt;&gt;</a>&nbsp;&nbsp;&nbsp;keyscan_pinmux_config
<LI><a href="#[5]">&gt;&gt;</a>&nbsp;&nbsp;&nbsp;keyscan_init_driver
<LI><a href="#[1]">&gt;&gt;</a>&nbsp;&nbsp;&nbsp;get_reset_reason
<LI><a href="#[2]">&gt;&gt;</a>&nbsp;&nbsp;&nbsp;bss_ram_init
<LI><a href="#[3]">&gt;&gt;</a>&nbsp;&nbsp;&nbsp;log_direct
</UL>

<P><STRONG><a name="[6]"></a>keyscan_column_pad_config</STRONG> (Thumb, 96 bytes, Stack size 48 bytes, keyscan_basic_driver.o(.app.data_ram.text), UNUSED, KEPT)
<BR><BR>[Stack]<UL><LI>Max Depth = 72<LI>Call Chain = keyscan_column_pad_config &rArr; Pad_Config
</UL>
<BR>[Calls]<UL><LI><a href="#[7]">&gt;&gt;</a>&nbsp;&nbsp;&nbsp;Pad_Config
</UL>
<BR>[Called By]<UL><LI><a href="#[9]">&gt;&gt;</a>&nbsp;&nbsp;&nbsp;keyscan_init_pad_config
</UL>

<P><STRONG><a name="[8]"></a>keyscan_row_pad_config</STRONG> (Thumb, 78 bytes, Stack size 48 bytes, keyscan_basic_driver.o(.app.data_ram.text), UNUSED, KEPT)
<BR><BR>[Stack]<UL><LI>Max Depth = 72<LI>Call Chain = keyscan_row_pad_config &rArr; Pad_Config
</UL>
<BR>[Calls]<UL><LI><a href="#[7]">&gt;&gt;</a>&nbsp;&nbsp;&nbsp;Pad_Config
</UL>
<BR>[Called By]<UL><LI><a href="#[9]">&gt;&gt;</a>&nbsp;&nbsp;&nbsp;keyscan_init_pad_config
</UL>

<P><STRONG><a name="[9]"></a>keyscan_init_pad_config</STRONG> (Thumb, 40 bytes, Stack size 16 bytes, keyscan_basic_driver.o(.app.data_ram.text), UNUSED, KEPT)
<BR><BR>[Stack]<UL><LI>Max Depth = 88<LI>Call Chain = keyscan_init_pad_config &rArr; keyscan_row_pad_config &rArr; Pad_Config
</UL>
<BR>[Calls]<UL><LI><a href="#[8]">&gt;&gt;</a>&nbsp;&nbsp;&nbsp;keyscan_row_pad_config
<LI><a href="#[6]">&gt;&gt;</a>&nbsp;&nbsp;&nbsp;keyscan_column_pad_config
</UL>
<BR>[Called By]<UL><LI><a href="#[5]">&gt;&gt;</a>&nbsp;&nbsp;&nbsp;keyscan_init_driver
</UL>

<P><STRONG><a name="[5]"></a>keyscan_init_driver</STRONG> (Thumb, 140 bytes, Stack size 72 bytes, keyscan_basic_driver.o(.app.data_ram.text), UNUSED, KEPT)
<BR><BR>[Stack]<UL><LI>Max Depth = 160<LI>Call Chain = keyscan_init_driver &rArr; keyscan_init_pad_config &rArr; keyscan_row_pad_config &rArr; Pad_Config
</UL>
<BR>[Calls]<UL><LI><a href="#[a]">&gt;&gt;</a>&nbsp;&nbsp;&nbsp;RCC_PeriphClockCmd
<LI><a href="#[b]">&gt;&gt;</a>&nbsp;&nbsp;&nbsp;KeyScan_StructInit
<LI><a href="#[c]">&gt;&gt;</a>&nbsp;&nbsp;&nbsp;KeyScan_Init
<LI><a href="#[e]">&gt;&gt;</a>&nbsp;&nbsp;&nbsp;KeyScan_INTMask
<LI><a href="#[d]">&gt;&gt;</a>&nbsp;&nbsp;&nbsp;KeyScan_INTConfig
<LI><a href="#[f]">&gt;&gt;</a>&nbsp;&nbsp;&nbsp;KeyScan_Cmd
<LI><a href="#[9]">&gt;&gt;</a>&nbsp;&nbsp;&nbsp;keyscan_init_pad_config
</UL>
<BR>[Called By]<UL><LI><a href="#[0]">&gt;&gt;</a>&nbsp;&nbsp;&nbsp;fsbl_ext_entry
</UL>

<P><STRONG><a name="[27]"></a>__asm___16_fsbl_entry_ext_c_b35718a1____REV16</STRONG> (Thumb, 4 bytes, Stack size 0 bytes, fsbl_entry_ext.o(.rev16_text), UNUSED)

<P><STRONG><a name="[28]"></a>__asm___22_keyscan_basic_driver_c_5ad10e14____REV16</STRONG> (Thumb, 4 bytes, Stack size 0 bytes, keyscan_basic_driver.o(.rev16_text), UNUSED)

<P><STRONG><a name="[29]"></a>__asm___17_rtl876x_keyscan_c_e63e7e65____REV16</STRONG> (Thumb, 4 bytes, Stack size 0 bytes, rtl876x_keyscan.o(.rev16_text), UNUSED)

<P><STRONG><a name="[2a]"></a>__asm___13_rtl876x_rcc_c_2b14c0fe____REV16</STRONG> (Thumb, 4 bytes, Stack size 0 bytes, rtl876x_rcc.o(.rev16_text), UNUSED)

<P><STRONG><a name="[2b]"></a>__asm___16_rtl876x_pinmux_c_fe16c4ae____REV16</STRONG> (Thumb, 4 bytes, Stack size 0 bytes, rtl876x_pinmux.o(.rev16_text), UNUSED)

<P><STRONG><a name="[2c]"></a>__asm___16_fsbl_entry_ext_c_b35718a1____REVSH</STRONG> (Thumb, 4 bytes, Stack size 0 bytes, fsbl_entry_ext.o(.revsh_text), UNUSED)

<P><STRONG><a name="[2d]"></a>__asm___22_keyscan_basic_driver_c_5ad10e14____REVSH</STRONG> (Thumb, 4 bytes, Stack size 0 bytes, keyscan_basic_driver.o(.revsh_text), UNUSED)

<P><STRONG><a name="[2e]"></a>__asm___17_rtl876x_keyscan_c_e63e7e65____REVSH</STRONG> (Thumb, 4 bytes, Stack size 0 bytes, rtl876x_keyscan.o(.revsh_text), UNUSED)

<P><STRONG><a name="[2f]"></a>__asm___13_rtl876x_rcc_c_2b14c0fe____REVSH</STRONG> (Thumb, 4 bytes, Stack size 0 bytes, rtl876x_rcc.o(.revsh_text), UNUSED)

<P><STRONG><a name="[30]"></a>__asm___16_rtl876x_pinmux_c_fe16c4ae____REVSH</STRONG> (Thumb, 4 bytes, Stack size 0 bytes, rtl876x_pinmux.o(.revsh_text), UNUSED)

<P><STRONG><a name="[2]"></a>bss_ram_init</STRONG> (Thumb, 12 bytes, Stack size 8 bytes, fsbl_entry_ext.o(.text), UNUSED, KEPT)
<BR><BR>[Stack]<UL><LI>Max Depth = 8<LI>Call Chain = bss_ram_init
</UL>
<BR>[Calls]<UL><LI><a href="#[10]">&gt;&gt;</a>&nbsp;&nbsp;&nbsp;__aeabi_memclr
</UL>
<BR>[Called By]<UL><LI><a href="#[0]">&gt;&gt;</a>&nbsp;&nbsp;&nbsp;fsbl_ext_entry
</UL>

<P><STRONG><a name="[1]"></a>get_reset_reason</STRONG> (Thumb, 16 bytes, Stack size 8 bytes, fsbl_entry_ext.o(.text), UNUSED, KEPT)
<BR><BR>[Stack]<UL><LI>Max Depth = 8<LI>Call Chain = get_reset_reason
</UL>
<BR>[Calls]<UL><LI><a href="#[11]">&gt;&gt;</a>&nbsp;&nbsp;&nbsp;btaon_fast_read_safe
</UL>
<BR>[Called By]<UL><LI><a href="#[0]">&gt;&gt;</a>&nbsp;&nbsp;&nbsp;fsbl_ext_entry
</UL>

<P><STRONG><a name="[4]"></a>keyscan_pinmux_config</STRONG> (Thumb, 76 bytes, Stack size 8 bytes, keyscan_basic_driver.o(.text), UNUSED, KEPT)
<BR><BR>[Stack]<UL><LI>Max Depth = 16<LI>Call Chain = keyscan_pinmux_config &rArr; Pinmux_Config
</UL>
<BR>[Calls]<UL><LI><a href="#[12]">&gt;&gt;</a>&nbsp;&nbsp;&nbsp;Pinmux_Config
</UL>
<BR>[Called By]<UL><LI><a href="#[0]">&gt;&gt;</a>&nbsp;&nbsp;&nbsp;fsbl_ext_entry
</UL>

<P><STRONG><a name="[c]"></a>KeyScan_Init</STRONG> (Thumb, 164 bytes, Stack size 12 bytes, rtl876x_keyscan.o(.text), UNUSED, KEPT)
<BR><BR>[Stack]<UL><LI>Max Depth = 12<LI>Call Chain = KeyScan_Init
</UL>
<BR>[Called By]<UL><LI><a href="#[5]">&gt;&gt;</a>&nbsp;&nbsp;&nbsp;keyscan_init_driver
</UL>

<P><STRONG><a name="[13]"></a>KeyScan_DeInit</STRONG> (Thumb, 14 bytes, Stack size 8 bytes, rtl876x_keyscan.o(.text), UNUSED)
<BR><BR>[Calls]<UL><LI><a href="#[a]">&gt;&gt;</a>&nbsp;&nbsp;&nbsp;RCC_PeriphClockCmd
</UL>

<P><STRONG><a name="[b]"></a>KeyScan_StructInit</STRONG> (Thumb, 62 bytes, Stack size 12 bytes, rtl876x_keyscan.o(.text), UNUSED, KEPT)
<BR><BR>[Stack]<UL><LI>Max Depth = 12<LI>Call Chain = KeyScan_StructInit
</UL>
<BR>[Called By]<UL><LI><a href="#[5]">&gt;&gt;</a>&nbsp;&nbsp;&nbsp;keyscan_init_driver
</UL>

<P><STRONG><a name="[d]"></a>KeyScan_INTConfig</STRONG> (Thumb, 16 bytes, Stack size 0 bytes, rtl876x_keyscan.o(.text), UNUSED, KEPT)
<BR><BR>[Called By]<UL><LI><a href="#[5]">&gt;&gt;</a>&nbsp;&nbsp;&nbsp;keyscan_init_driver
</UL>

<P><STRONG><a name="[e]"></a>KeyScan_INTMask</STRONG> (Thumb, 16 bytes, Stack size 0 bytes, rtl876x_keyscan.o(.text), UNUSED, KEPT)
<BR><BR>[Called By]<UL><LI><a href="#[5]">&gt;&gt;</a>&nbsp;&nbsp;&nbsp;keyscan_init_driver
</UL>

<P><STRONG><a name="[31]"></a>KeyScan_Read</STRONG> (Thumb, 22 bytes, Stack size 8 bytes, rtl876x_keyscan.o(.text), UNUSED)

<P><STRONG><a name="[f]"></a>KeyScan_Cmd</STRONG> (Thumb, 44 bytes, Stack size 0 bytes, rtl876x_keyscan.o(.text), UNUSED, KEPT)
<BR><BR>[Called By]<UL><LI><a href="#[5]">&gt;&gt;</a>&nbsp;&nbsp;&nbsp;keyscan_init_driver
</UL>

<P><STRONG><a name="[32]"></a>KeyScan_FilterDataConfig</STRONG> (Thumb, 60 bytes, Stack size 8 bytes, rtl876x_keyscan.o(.text), UNUSED)

<P><STRONG><a name="[a]"></a>RCC_PeriphClockCmd</STRONG> (Thumb, 252 bytes, Stack size 20 bytes, rtl876x_rcc.o(.text), UNUSED, KEPT)
<BR><BR>[Stack]<UL><LI>Max Depth = 20<LI>Call Chain = RCC_PeriphClockCmd
</UL>
<BR>[Called By]<UL><LI><a href="#[13]">&gt;&gt;</a>&nbsp;&nbsp;&nbsp;KeyScan_DeInit
<LI><a href="#[5]">&gt;&gt;</a>&nbsp;&nbsp;&nbsp;keyscan_init_driver
</UL>

<P><STRONG><a name="[33]"></a>RCC_PeriFunctionConfig</STRONG> (Thumb, 84 bytes, Stack size 8 bytes, rtl876x_rcc.o(.text), UNUSED)

<P><STRONG><a name="[34]"></a>RCC_PeriClockConfig</STRONG> (Thumb, 100 bytes, Stack size 12 bytes, rtl876x_rcc.o(.text), UNUSED)

<P><STRONG><a name="[35]"></a>RCC_I2CClkDivConfig</STRONG> (Thumb, 88 bytes, Stack size 12 bytes, rtl876x_rcc.o(.text), UNUSED)

<P><STRONG><a name="[36]"></a>RCC_SPIClkDivConfig</STRONG> (Thumb, 78 bytes, Stack size 12 bytes, rtl876x_rcc.o(.text), UNUSED)

<P><STRONG><a name="[37]"></a>RCC_TIMClkDivConfig</STRONG> (Thumb, 46 bytes, Stack size 16 bytes, rtl876x_rcc.o(.text), UNUSED)

<P><STRONG><a name="[38]"></a>RCC_UARTClkDivConfig</STRONG> (Thumb, 88 bytes, Stack size 12 bytes, rtl876x_rcc.o(.text), UNUSED)

<P><STRONG><a name="[39]"></a>Pinmux_Reset</STRONG> (Thumb, 22 bytes, Stack size 0 bytes, rtl876x_pinmux.o(.text), UNUSED)

<P><STRONG><a name="[3a]"></a>Pinmux_Deinit</STRONG> (Thumb, 24 bytes, Stack size 0 bytes, rtl876x_pinmux.o(.text), UNUSED)

<P><STRONG><a name="[12]"></a>Pinmux_Config</STRONG> (Thumb, 30 bytes, Stack size 8 bytes, rtl876x_pinmux.o(.text), UNUSED, KEPT)
<BR><BR>[Stack]<UL><LI>Max Depth = 8<LI>Call Chain = Pinmux_Config
</UL>
<BR>[Called By]<UL><LI><a href="#[4]">&gt;&gt;</a>&nbsp;&nbsp;&nbsp;keyscan_pinmux_config
</UL>

<P><STRONG><a name="[7]"></a>Pad_Config</STRONG> (Thumb, 96 bytes, Stack size 24 bytes, rtl876x_pinmux.o(.text), UNUSED, KEPT)
<BR><BR>[Stack]<UL><LI>Max Depth = 24<LI>Call Chain = Pad_Config
</UL>
<BR>[Calls]<UL><LI><a href="#[14]">&gt;&gt;</a>&nbsp;&nbsp;&nbsp;btaon_fast_write_safe
<LI><a href="#[11]">&gt;&gt;</a>&nbsp;&nbsp;&nbsp;btaon_fast_read_safe
</UL>
<BR>[Called By]<UL><LI><a href="#[8]">&gt;&gt;</a>&nbsp;&nbsp;&nbsp;keyscan_row_pad_config
<LI><a href="#[6]">&gt;&gt;</a>&nbsp;&nbsp;&nbsp;keyscan_column_pad_config
</UL>

<P><STRONG><a name="[15]"></a>Pad_WakeupEnableValue</STRONG> (Thumb, 38 bytes, Stack size 16 bytes, rtl876x_pinmux.o(.text), UNUSED)
<BR><BR>[Calls]<UL><LI><a href="#[14]">&gt;&gt;</a>&nbsp;&nbsp;&nbsp;btaon_fast_write_safe
<LI><a href="#[11]">&gt;&gt;</a>&nbsp;&nbsp;&nbsp;btaon_fast_read_safe
</UL>
<BR>[Called By]<UL><LI><a href="#[1b]">&gt;&gt;</a>&nbsp;&nbsp;&nbsp;System_WakeUpPinEnable
<LI><a href="#[1a]">&gt;&gt;</a>&nbsp;&nbsp;&nbsp;System_WakeUpPinDisable
</UL>

<P><STRONG><a name="[16]"></a>Pad_WKDebounceConfig</STRONG> (Thumb, 40 bytes, Stack size 16 bytes, rtl876x_pinmux.o(.text), UNUSED)
<BR><BR>[Calls]<UL><LI><a href="#[14]">&gt;&gt;</a>&nbsp;&nbsp;&nbsp;btaon_fast_write_safe
<LI><a href="#[11]">&gt;&gt;</a>&nbsp;&nbsp;&nbsp;btaon_fast_read_safe
</UL>
<BR>[Called By]<UL><LI><a href="#[1b]">&gt;&gt;</a>&nbsp;&nbsp;&nbsp;System_WakeUpPinEnable
</UL>

<P><STRONG><a name="[17]"></a>Pad_WakeupPolarityValue</STRONG> (Thumb, 38 bytes, Stack size 16 bytes, rtl876x_pinmux.o(.text), UNUSED)
<BR><BR>[Calls]<UL><LI><a href="#[14]">&gt;&gt;</a>&nbsp;&nbsp;&nbsp;btaon_fast_write_safe
<LI><a href="#[11]">&gt;&gt;</a>&nbsp;&nbsp;&nbsp;btaon_fast_read_safe
</UL>
<BR>[Called By]<UL><LI><a href="#[1b]">&gt;&gt;</a>&nbsp;&nbsp;&nbsp;System_WakeUpPinEnable
</UL>

<P><STRONG><a name="[18]"></a>Pad_DebounceWakeupStatus</STRONG> (Thumb, 32 bytes, Stack size 8 bytes, rtl876x_pinmux.o(.text), UNUSED)
<BR><BR>[Calls]<UL><LI><a href="#[14]">&gt;&gt;</a>&nbsp;&nbsp;&nbsp;btaon_fast_write_safe
<LI><a href="#[11]">&gt;&gt;</a>&nbsp;&nbsp;&nbsp;btaon_fast_read_safe
</UL>
<BR>[Called By]<UL><LI><a href="#[1b]">&gt;&gt;</a>&nbsp;&nbsp;&nbsp;System_WakeUpPinEnable
<LI><a href="#[19]">&gt;&gt;</a>&nbsp;&nbsp;&nbsp;System_DebounceWakeupStatus
</UL>

<P><STRONG><a name="[19]"></a>System_DebounceWakeupStatus</STRONG> (Thumb, 2 bytes, Stack size 0 bytes, rtl876x_pinmux.o(.text), UNUSED)
<BR><BR>[Calls]<UL><LI><a href="#[18]">&gt;&gt;</a>&nbsp;&nbsp;&nbsp;Pad_DebounceWakeupStatus
</UL>

<P><STRONG><a name="[1a]"></a>System_WakeUpPinDisable</STRONG> (Thumb, 4 bytes, Stack size 0 bytes, rtl876x_pinmux.o(.text), UNUSED)
<BR><BR>[Calls]<UL><LI><a href="#[15]">&gt;&gt;</a>&nbsp;&nbsp;&nbsp;Pad_WakeupEnableValue
</UL>
<BR>[Called By]<UL><LI><a href="#[1b]">&gt;&gt;</a>&nbsp;&nbsp;&nbsp;System_WakeUpPinEnable
</UL>

<P><STRONG><a name="[1b]"></a>System_WakeUpPinEnable</STRONG> (Thumb, 86 bytes, Stack size 24 bytes, rtl876x_pinmux.o(.text), UNUSED)
<BR><BR>[Calls]<UL><LI><a href="#[1a]">&gt;&gt;</a>&nbsp;&nbsp;&nbsp;System_WakeUpPinDisable
<LI><a href="#[18]">&gt;&gt;</a>&nbsp;&nbsp;&nbsp;Pad_DebounceWakeupStatus
<LI><a href="#[17]">&gt;&gt;</a>&nbsp;&nbsp;&nbsp;Pad_WakeupPolarityValue
<LI><a href="#[16]">&gt;&gt;</a>&nbsp;&nbsp;&nbsp;Pad_WKDebounceConfig
<LI><a href="#[15]">&gt;&gt;</a>&nbsp;&nbsp;&nbsp;Pad_WakeupEnableValue
<LI><a href="#[14]">&gt;&gt;</a>&nbsp;&nbsp;&nbsp;btaon_fast_write_safe
<LI><a href="#[11]">&gt;&gt;</a>&nbsp;&nbsp;&nbsp;btaon_fast_read_safe
</UL>

<P><STRONG><a name="[1c]"></a>Pad_WakeupInterruptValue</STRONG> (Thumb, 40 bytes, Stack size 16 bytes, rtl876x_pinmux.o(.text), UNUSED)
<BR><BR>[Calls]<UL><LI><a href="#[11]">&gt;&gt;</a>&nbsp;&nbsp;&nbsp;btaon_fast_read_safe
</UL>
<BR>[Called By]<UL><LI><a href="#[1d]">&gt;&gt;</a>&nbsp;&nbsp;&nbsp;System_WakeUpInterruptValue
</UL>

<P><STRONG><a name="[1d]"></a>System_WakeUpInterruptValue</STRONG> (Thumb, 2 bytes, Stack size 0 bytes, rtl876x_pinmux.o(.text), UNUSED)
<BR><BR>[Calls]<UL><LI><a href="#[1c]">&gt;&gt;</a>&nbsp;&nbsp;&nbsp;Pad_WakeupInterruptValue
</UL>

<P><STRONG><a name="[1e]"></a>Pad_OutputControlValue</STRONG> (Thumb, 38 bytes, Stack size 16 bytes, rtl876x_pinmux.o(.text), UNUSED)
<BR><BR>[Calls]<UL><LI><a href="#[14]">&gt;&gt;</a>&nbsp;&nbsp;&nbsp;btaon_fast_write_safe
<LI><a href="#[11]">&gt;&gt;</a>&nbsp;&nbsp;&nbsp;btaon_fast_read_safe
</UL>

<P><STRONG><a name="[1f]"></a>Pad_OutputEnableValue</STRONG> (Thumb, 38 bytes, Stack size 16 bytes, rtl876x_pinmux.o(.text), UNUSED)
<BR><BR>[Calls]<UL><LI><a href="#[14]">&gt;&gt;</a>&nbsp;&nbsp;&nbsp;btaon_fast_write_safe
<LI><a href="#[11]">&gt;&gt;</a>&nbsp;&nbsp;&nbsp;btaon_fast_read_safe
</UL>

<P><STRONG><a name="[20]"></a>Pad_PullEnableValue</STRONG> (Thumb, 38 bytes, Stack size 16 bytes, rtl876x_pinmux.o(.text), UNUSED)
<BR><BR>[Calls]<UL><LI><a href="#[14]">&gt;&gt;</a>&nbsp;&nbsp;&nbsp;btaon_fast_write_safe
<LI><a href="#[11]">&gt;&gt;</a>&nbsp;&nbsp;&nbsp;btaon_fast_read_safe
</UL>

<P><STRONG><a name="[21]"></a>Pad_PullUpOrDownValue</STRONG> (Thumb, 38 bytes, Stack size 16 bytes, rtl876x_pinmux.o(.text), UNUSED)
<BR><BR>[Calls]<UL><LI><a href="#[14]">&gt;&gt;</a>&nbsp;&nbsp;&nbsp;btaon_fast_write_safe
<LI><a href="#[11]">&gt;&gt;</a>&nbsp;&nbsp;&nbsp;btaon_fast_read_safe
</UL>

<P><STRONG><a name="[22]"></a>Pad_PullConfigValue</STRONG> (Thumb, 38 bytes, Stack size 16 bytes, rtl876x_pinmux.o(.text), UNUSED)
<BR><BR>[Calls]<UL><LI><a href="#[14]">&gt;&gt;</a>&nbsp;&nbsp;&nbsp;btaon_fast_write_safe
<LI><a href="#[11]">&gt;&gt;</a>&nbsp;&nbsp;&nbsp;btaon_fast_read_safe
</UL>

<P><STRONG><a name="[23]"></a>Pad_PowerOrShutDownValue</STRONG> (Thumb, 40 bytes, Stack size 16 bytes, rtl876x_pinmux.o(.text), UNUSED)
<BR><BR>[Calls]<UL><LI><a href="#[14]">&gt;&gt;</a>&nbsp;&nbsp;&nbsp;btaon_fast_write_safe
<LI><a href="#[11]">&gt;&gt;</a>&nbsp;&nbsp;&nbsp;btaon_fast_read_safe
</UL>

<P><STRONG><a name="[24]"></a>Pad_ControlSelectValue</STRONG> (Thumb, 40 bytes, Stack size 16 bytes, rtl876x_pinmux.o(.text), UNUSED)
<BR><BR>[Calls]<UL><LI><a href="#[14]">&gt;&gt;</a>&nbsp;&nbsp;&nbsp;btaon_fast_write_safe
<LI><a href="#[11]">&gt;&gt;</a>&nbsp;&nbsp;&nbsp;btaon_fast_read_safe
</UL>

<P><STRONG><a name="[25]"></a>Pad_ClearWakeupINTPendingBit</STRONG> (Thumb, 40 bytes, Stack size 16 bytes, rtl876x_pinmux.o(.text), UNUSED)
<BR><BR>[Calls]<UL><LI><a href="#[14]">&gt;&gt;</a>&nbsp;&nbsp;&nbsp;btaon_fast_write_safe
<LI><a href="#[11]">&gt;&gt;</a>&nbsp;&nbsp;&nbsp;btaon_fast_read_safe
</UL>

<P><STRONG><a name="[26]"></a>Pad_ClearAllWakeupINT</STRONG> (Thumb, 68 bytes, Stack size 8 bytes, rtl876x_pinmux.o(.text), UNUSED)
<BR><BR>[Calls]<UL><LI><a href="#[14]">&gt;&gt;</a>&nbsp;&nbsp;&nbsp;btaon_fast_write_safe
<LI><a href="#[11]">&gt;&gt;</a>&nbsp;&nbsp;&nbsp;btaon_fast_read_safe
</UL>

<P><STRONG><a name="[3b]"></a>Spic0_control</STRONG> (Thumb, 22 bytes, Stack size 0 bytes, rtl876x_pinmux.o(.text), UNUSED)

<P><STRONG><a name="[3c]"></a>Spic1_control</STRONG> (Thumb, 20 bytes, Stack size 0 bytes, rtl876x_pinmux.o(.text), UNUSED)
<P>
<H3>
Local Symbols
</H3><P>
<H3>
Undefined Global Symbols
</H3><HR></body></html>
